Archive member included to satisfy reference by file (symbol)

/usr/lib/gcc/arm-none-eabi/10.3.1/thumb/v7e-m/nofp/libgcc.a(_arm_mulsf3.o)
                              CMakeFiles/STM32H750XBH6_7_Cache_test.elf.dir/Core/Src/main.c.obj (__aeabi_fmul)
/usr/lib/gcc/arm-none-eabi/10.3.1/thumb/v7e-m/nofp/libgcc.a(_arm_addsubdf3.o)
                              CMakeFiles/STM32H750XBH6_7_Cache_test.elf.dir/Core/Src/main.c.obj (__aeabi_f2d)
/usr/lib/gcc/arm-none-eabi/10.3.1/thumb/v7e-m/nofp/libgcc.a(_arm_addsubsf3.o)
                              CMakeFiles/STM32H750XBH6_7_Cache_test.elf.dir/Core/Src/system_stm32h7xx.c.obj (__aeabi_fadd)
/usr/lib/gcc/arm-none-eabi/10.3.1/thumb/v7e-m/nofp/libgcc.a(_arm_muldivsf3.o)
                              CMakeFiles/STM32H750XBH6_7_Cache_test.elf.dir/Core/Src/main.c.obj (__aeabi_fdiv)
/usr/lib/gcc/arm-none-eabi/10.3.1/thumb/v7e-m/nofp/libgcc.a(_arm_fixunssfsi.o)
                              CMakeFiles/STM32H750XBH6_7_Cache_test.elf.dir/Core/Src/system_stm32h7xx.c.obj (__aeabi_f2uiz)
/usr/lib/gcc/arm-none-eabi/10.3.1/thumb/v7e-m/nofp/libgcc.a(_aeabi_uldivmod.o)
                              CMakeFiles/STM32H750XBH6_7_Cache_test.elf.dir/Drivers/STM32H7xx_HAL_Driver/Src/stm32h7xx_hal_uart.c.obj (__aeabi_uldivmod)
/usr/lib/gcc/arm-none-eabi/10.3.1/thumb/v7e-m/nofp/libgcc.a(_udivmoddi4.o)
                              /usr/lib/gcc/arm-none-eabi/10.3.1/thumb/v7e-m/nofp/libgcc.a(_aeabi_uldivmod.o) (__udivmoddi4)
/usr/lib/gcc/arm-none-eabi/10.3.1/thumb/v7e-m/nofp/libgcc.a(_dvmd_tls.o)
                              /usr/lib/gcc/arm-none-eabi/10.3.1/thumb/v7e-m/nofp/libgcc.a(_aeabi_uldivmod.o) (__aeabi_ldiv0)
/usr/lib/gcc/arm-none-eabi/10.3.1/../../../arm-none-eabi/lib/thumb/v7e-m/nofp/libg.a(lib_a-atexit.o)
                              /usr/lib/gcc/arm-none-eabi/10.3.1/../../../arm-none-eabi/lib/thumb/v7e-m/nofp/crt0.o (atexit)
/usr/lib/gcc/arm-none-eabi/10.3.1/../../../arm-none-eabi/lib/thumb/v7e-m/nofp/libg.a(lib_a-errno.o)
                              CMakeFiles/STM32H750XBH6_7_Cache_test.elf.dir/Core/Src/syscalls.c.obj (__errno)
/usr/lib/gcc/arm-none-eabi/10.3.1/../../../arm-none-eabi/lib/thumb/v7e-m/nofp/libg.a(lib_a-exit.o)
                              /usr/lib/gcc/arm-none-eabi/10.3.1/../../../arm-none-eabi/lib/thumb/v7e-m/nofp/crt0.o (exit)
/usr/lib/gcc/arm-none-eabi/10.3.1/../../../arm-none-eabi/lib/thumb/v7e-m/nofp/libg.a(lib_a-fini.o)
                              /usr/lib/gcc/arm-none-eabi/10.3.1/../../../arm-none-eabi/lib/thumb/v7e-m/nofp/crt0.o (__libc_fini_array)
/usr/lib/gcc/arm-none-eabi/10.3.1/../../../arm-none-eabi/lib/thumb/v7e-m/nofp/libg.a(lib_a-impure.o)
                              /usr/lib/gcc/arm-none-eabi/10.3.1/../../../arm-none-eabi/lib/thumb/v7e-m/nofp/libg.a(lib_a-exit.o) (_global_impure_ptr)
/usr/lib/gcc/arm-none-eabi/10.3.1/../../../arm-none-eabi/lib/thumb/v7e-m/nofp/libg.a(lib_a-init.o)
                              /usr/lib/gcc/arm-none-eabi/10.3.1/../../../arm-none-eabi/lib/thumb/v7e-m/nofp/crt0.o (__libc_init_array)
/usr/lib/gcc/arm-none-eabi/10.3.1/../../../arm-none-eabi/lib/thumb/v7e-m/nofp/libg.a(lib_a-memset.o)
                              /usr/lib/gcc/arm-none-eabi/10.3.1/../../../arm-none-eabi/lib/thumb/v7e-m/nofp/crt0.o (memset)
/usr/lib/gcc/arm-none-eabi/10.3.1/../../../arm-none-eabi/lib/thumb/v7e-m/nofp/libg.a(lib_a-printf.o)
                              CMakeFiles/STM32H750XBH6_7_Cache_test.elf.dir/Core/Src/SD_use.c.obj (printf)
/usr/lib/gcc/arm-none-eabi/10.3.1/../../../arm-none-eabi/lib/thumb/v7e-m/nofp/libg.a(lib_a-puts.o)
                              CMakeFiles/STM32H750XBH6_7_Cache_test.elf.dir/Core/Src/SD_use.c.obj (puts)
/usr/lib/gcc/arm-none-eabi/10.3.1/../../../arm-none-eabi/lib/thumb/v7e-m/nofp/libg.a(lib_a-strlen.o)
                              /usr/lib/gcc/arm-none-eabi/10.3.1/../../../arm-none-eabi/lib/thumb/v7e-m/nofp/libg.a(lib_a-puts.o) (strlen)
/usr/lib/gcc/arm-none-eabi/10.3.1/../../../arm-none-eabi/lib/thumb/v7e-m/nofp/libg.a(lib_a-vfprintf.o)
                              /usr/lib/gcc/arm-none-eabi/10.3.1/../../../arm-none-eabi/lib/thumb/v7e-m/nofp/libg.a(lib_a-printf.o) (_vfprintf_r)
/usr/lib/gcc/arm-none-eabi/10.3.1/../../../arm-none-eabi/lib/thumb/v7e-m/nofp/libg.a(lib_a-wsetup.o)
                              /usr/lib/gcc/arm-none-eabi/10.3.1/../../../arm-none-eabi/lib/thumb/v7e-m/nofp/libg.a(lib_a-vfprintf.o) (__swsetup_r)
/usr/lib/gcc/arm-none-eabi/10.3.1/../../../arm-none-eabi/lib/thumb/v7e-m/nofp/libg.a(lib_a-__atexit.o)
                              /usr/lib/gcc/arm-none-eabi/10.3.1/../../../arm-none-eabi/lib/thumb/v7e-m/nofp/libg.a(lib_a-atexit.o) (__register_exitproc)
/usr/lib/gcc/arm-none-eabi/10.3.1/../../../arm-none-eabi/lib/thumb/v7e-m/nofp/libg.a(lib_a-__call_atexit.o)
                              /usr/lib/gcc/arm-none-eabi/10.3.1/../../../arm-none-eabi/lib/thumb/v7e-m/nofp/libg.a(lib_a-exit.o) (__call_exitprocs)
[...]
Memory Configuration

Name             Origin             Length             Attributes
FLASH            0x0000000090000000 0x0000000000800000 xr
DTCMRAM          0x0000000020000000 0x0000000000020000 xrw
RAM_D1           0x0000000024000000 0x0000000000080000 xrw
RAM_D2           0x0000000030000000 0x0000000000048000 xrw
RAM_D3           0x0000000038000000 0x0000000000010000 xrw
ITCMRAM          0x0000000000000000 0x0000000000010000 xrw
*default*        0x0000000000000000 0xffffffffffffffff

Linker script and memory map

LOAD /usr/lib/gcc/arm-none-eabi/10.3.1/thumb/v7e-m/nofp/crti.o
LOAD /usr/lib/gcc/arm-none-eabi/10.3.1/thumb/v7e-m/nofp/crtbegin.o
LOAD /usr/lib/gcc/arm-none-eabi/10.3.1/../../../arm-none-eabi/lib/thumb/v7e-m/nofp/crt0.o
LOAD CMakeFiles/STM32H750XBH6_7_Cache_test.elf.dir/Core/Src/SD_use.c.obj
LOAD CMakeFiles/STM32H750XBH6_7_Cache_test.elf.dir/Core/Src/callback.c.obj
LOAD CMakeFiles/STM32H750XBH6_7_Cache_test.elf.dir/Core/Src/dma.c.obj
LOAD CMakeFiles/STM32H750XBH6_7_Cache_test.elf.dir/Core/Src/dma2d.c.obj
LOAD CMakeFiles/STM32H750XBH6_7_Cache_test.elf.dir/Core/Src/fmc.c.obj
LOAD CMakeFiles/STM32H750XBH6_7_Cache_test.elf.dir/Core/Src/gpio.c.obj
LOAD CMakeFiles/STM32H750XBH6_7_Cache_test.elf.dir/Core/Src/ltdc.c.obj
LOAD CMakeFiles/STM32H750XBH6_7_Cache_test.elf.dir/Core/Src/main.c.obj
LOAD CMakeFiles/STM32H750XBH6_7_Cache_test.elf.dir/Core/Src/sdmmc.c.obj
LOAD CMakeFiles/STM32H750XBH6_7_Cache_test.elf.dir/Core/Src/sdram_fmc_drv.c.obj
LOAD CMakeFiles/STM32H750XBH6_7_Cache_test.elf.dir/Core/Src/stm32h7xx_hal_msp.c.obj
LOAD CMakeFiles/STM32H750XBH6_7_Cache_test.elf.dir/Core/Src/stm32h7xx_it.c.obj
LOAD CMakeFiles/STM32H750XBH6_7_Cache_test.elf.dir/Core/Src/syscalls.c.obj
LOAD CMakeFiles/STM32H750XBH6_7_Cache_test.elf.dir/Core/Src/sysmem.c.obj
LOAD CMakeFiles/STM32H750XBH6_7_Cache_test.elf.dir/Core/Src/system_stm32h7xx.c.obj
LOAD CMakeFiles/STM32H750XBH6_7_Cache_test.elf.dir/Core/Src/usart.c.obj
LOAD CMakeFiles/STM32H750XBH6_7_Cache_test.elf.dir/Core/Startup/startup_stm32h750xbhx.s.obj
LOAD CMakeFiles/STM32H750XBH6_7_Cache_test.elf.dir/Drivers/STM32H7xx_HAL_Driver/Src/stm32h7xx_hal.c.obj
LOAD CMakeFiles/STM32H750XBH6_7_Cache_test.elf.dir/Drivers/STM32H7xx_HAL_Driver/Src/stm32h7xx_hal_cortex.c.obj
LOAD CMakeFiles/STM32H750XBH6_7_Cache_test.elf.dir/Drivers/STM32H7xx_HAL_Driver/Src/stm32h7xx_hal_dma.c.obj
LOAD CMakeFiles/STM32H750XBH6_7_Cache_test.elf.dir/Drivers/STM32H7xx_HAL_Driver/Src/stm32h7xx_hal_dma2d.c.obj
LOAD CMakeFiles/STM32H750XBH6_7_Cache_test.elf.dir/Drivers/STM32H7xx_HAL_Driver/Src/stm32h7xx_hal_dma_ex.c.obj
LOAD CMakeFiles/STM32H750XBH6_7_Cache_test.elf.dir/Drivers/STM32H7xx_HAL_Driver/Src/stm32h7xx_hal_exti.c.obj
LOAD CMakeFiles/STM32H750XBH6_7_Cache_test.elf.dir/Drivers/STM32H7xx_HAL_Driver/Src/stm32h7xx_hal_flash.c.obj
LOAD CMakeFiles/STM32H750XBH6_7_Cache_test.elf.dir/Drivers/STM32H7xx_HAL_Driver/Src/stm32h7xx_hal_flash_ex.c.obj
LOAD CMakeFiles/STM32H750XBH6_7_Cache_test.elf.dir/Drivers/STM32H7xx_HAL_Driver/Src/stm32h7xx_hal_gpio.c.obj
LOAD CMakeFiles/STM32H750XBH6_7_Cache_test.elf.dir/Drivers/STM32H7xx_HAL_Driver/Src/stm32h7xx_hal_hsem.c.obj
LOAD CMakeFiles/STM32H750XBH6_7_Cache_test.elf.dir/Drivers/STM32H7xx_HAL_Driver/Src/stm32h7xx_hal_i2c.c.obj
LOAD CMakeFiles/STM32H750XBH6_7_Cache_test.elf.dir/Drivers/STM32H7xx_HAL_Driver/Src/stm32h7xx_hal_i2c_ex.c.obj
LOAD CMakeFiles/STM32H750XBH6_7_Cache_test.elf.dir/Drivers/STM32H7xx_HAL_Driver/Src/stm32h7xx_hal_ltdc.c.obj
LOAD CMakeFiles/STM32H750XBH6_7_Cache_test.elf.dir/Drivers/STM32H7xx_HAL_Driver/Src/stm32h7xx_hal_ltdc_ex.c.obj
LOAD CMakeFiles/STM32H750XBH6_7_Cache_test.elf.dir/Drivers/STM32H7xx_HAL_Driver/Src/stm32h7xx_hal_mdma.c.obj
LOAD CMakeFiles/STM32H750XBH6_7_Cache_test.elf.dir/Drivers/STM32H7xx_HAL_Driver/Src/stm32h7xx_hal_pwr.c.obj
LOAD CMakeFiles/STM32H750XBH6_7_Cache_test.elf.dir/Drivers/STM32H7xx_HAL_Driver/Src/stm32h7xx_hal_pwr_ex.c.obj
LOAD CMakeFiles/STM32H750XBH6_7_Cache_test.elf.dir/Drivers/STM32H7xx_HAL_Driver/Src/stm32h7xx_hal_rcc.c.obj
LOAD CMakeFiles/STM32H750XBH6_7_Cache_test.elf.dir/Drivers/STM32H7xx_HAL_Driver/Src/stm32h7xx_hal_rcc_ex.c.obj
LOAD CMakeFiles/STM32H750XBH6_7_Cache_test.elf.dir/Drivers/STM32H7xx_HAL_Driver/Src/stm32h7xx_hal_sd.c.obj
LOAD CMakeFiles/STM32H750XBH6_7_Cache_test.elf.dir/Drivers/STM32H7xx_HAL_Driver/Src/stm32h7xx_hal_sd_ex.c.obj
LOAD CMakeFiles/STM32H750XBH6_7_Cache_test.elf.dir/Drivers/STM32H7xx_HAL_Driver/Src/stm32h7xx_hal_sdram.c.obj
LOAD CMakeFiles/STM32H750XBH6_7_Cache_test.elf.dir/Drivers/STM32H7xx_HAL_Driver/Src/stm32h7xx_hal_tim.c.obj
LOAD CMakeFiles/STM32H750XBH6_7_Cache_test.elf.dir/Drivers/STM32H7xx_HAL_Driver/Src/stm32h7xx_hal_tim_ex.c.obj
LOAD CMakeFiles/STM32H750XBH6_7_Cache_test.elf.dir/Drivers/STM32H7xx_HAL_Driver/Src/stm32h7xx_hal_uart.c.obj
LOAD CMakeFiles/STM32H750XBH6_7_Cache_test.elf.dir/Drivers/STM32H7xx_HAL_Driver/Src/stm32h7xx_hal_uart_ex.c.obj
LOAD CMakeFiles/STM32H750XBH6_7_Cache_test.elf.dir/Drivers/STM32H7xx_HAL_Driver/Src/stm32h7xx_ll_delayblock.c.obj
LOAD CMakeFiles/STM32H750XBH6_7_Cache_test.elf.dir/Drivers/STM32H7xx_HAL_Driver/Src/stm32h7xx_ll_fmc.c.obj
LOAD CMakeFiles/STM32H750XBH6_7_Cache_test.elf.dir/Drivers/STM32H7xx_HAL_Driver/Src/stm32h7xx_ll_sdmmc.c.obj
LOAD CMakeFiles/STM32H750XBH6_7_Cache_test.elf.dir/FATFS/App/fatfs.c.obj
LOAD CMakeFiles/STM32H750XBH6_7_Cache_test.elf.dir/FATFS/Target/bsp_driver_sd.c.obj
LOAD CMakeFiles/STM32H750XBH6_7_Cache_test.elf.dir/FATFS/Target/sd_diskio.c.obj
LOAD CMakeFiles/STM32H750XBH6_7_Cache_test.elf.dir/Middlewares/Third_Party/FatFs/src/diskio.c.obj
LOAD CMakeFiles/STM32H750XBH6_7_Cache_test.elf.dir/Middlewares/Third_Party/FatFs/src/ff.c.obj
LOAD CMakeFiles/STM32H750XBH6_7_Cache_test.elf.dir/Middlewares/Third_Party/FatFs/src/ff_gen_drv.c.obj
LOAD CMakeFiles/STM32H750XBH6_7_Cache_test.elf.dir/Middlewares/Third_Party/FatFs/src/option/syscall.c.obj
START GROUP
LOAD /usr/lib/gcc/arm-none-eabi/10.3.1/thumb/v7e-m/nofp/libgcc.a
LOAD /usr/lib/gcc/arm-none-eabi/10.3.1/../../../arm-none-eabi/lib/thumb/v7e-m/nofp/libg.a
LOAD /usr/lib/gcc/arm-none-eabi/10.3.1/../../../arm-none-eabi/lib/thumb/v7e-m/nofp/libc.a
END GROUP
LOAD /usr/lib/gcc/arm-none-eabi/10.3.1/thumb/v7e-m/nofp/crtend.o
LOAD /usr/lib/gcc/arm-none-eabi/10.3.1/thumb/v7e-m/nofp/crtn.o
                0x0000000024080000                _estack = (ORIGIN (RAM_D1) + LENGTH (RAM_D1))
                0x000000000000f000                _Min_Heap_Size = 0xf000
                0x000000000000f000                _Min_Stack_Size = 0xf000

.isr_vector     0x0000000090000000      0x298
                0x0000000090000000                . = ALIGN (0x4)
 *(.isr_vector)
 .isr_vector    0x0000000090000000      0x298 CMakeFiles/STM32H750XBH6_7_Cache_test.elf.dir/Core/Startup/startup_stm32h750xbhx.s.obj
                0x0000000090000000                g_pfnVectors
                0x0000000090000298                . = ALIGN (0x4)

.text           0x00000000900002c0     0xa398
                0x00000000900002c0                . = ALIGN (0x4)
 *(.text)
 .text          0x00000000900002c0       0x88 /usr/lib/gcc/arm-none-eabi/10.3.1/thumb/v7e-m/nofp/crtbegin.o
 .text          0x0000000090000348      0x21c /usr/lib/gcc/arm-none-eabi/10.3.1/thumb/v7e-m/nofp/libgcc.a(_arm_addsubsf3.o)
                0x0000000090000348                __aeabi_frsub
                0x0000000090000350                __subsf3
                0x0000000090000350                __aeabi_fsub
                0x0000000090000354                __aeabi_fadd
                0x0000000090000354                __addsf3
                0x00000000900004b4                __aeabi_ui2f
                0x00000000900004b4                __floatunsisf
                0x00000000900004bc                __aeabi_i2f
                0x00000000900004bc                __floatsisf
                0x00000000900004d8                __floatundisf
                0x00000000900004d8                __aeabi_ul2f
                0x00000000900004e8                __floatdisf
                0x00000000900004e8                __aeabi_l2f
 .text          0x0000000090000564      0x2a0 /usr/lib/gcc/arm-none-eabi/10.3.1/thumb/v7e-m/nofp/libgcc.a(_arm_muldivsf3.o)
                0x0000000090000564                __mulsf3
                0x0000000090000564                __aeabi_fmul
                0x00000000900006cc                __divsf3
                0x00000000900006cc                __aeabi_fdiv
 .text          0x0000000090000804       0x40 /usr/lib/gcc/arm-none-eabi/10.3.1/thumb/v7e-m/nofp/libgcc.a(_arm_fixunssfsi.o)
                0x0000000090000804                __aeabi_f2uiz
                0x0000000090000804                __fixunssfsi
 .text          0x0000000090000844       0x30 /usr/lib/gcc/arm-none-eabi/10.3.1/thumb/v7e-m/nofp/libgcc.a(_aeabi_uldivmod.o)
                0x0000000090000844                __aeabi_uldivmod
 .text          0x0000000090000874      0x2d0 /usr/lib/gcc/arm-none-eabi/10.3.1/thumb/v7e-m/nofp/libgcc.a(_udivmoddi4.o)
                0x0000000090000874                __udivmoddi4
 .text          0x0000000090000b44        0x4 /usr/lib/gcc/arm-none-eabi/10.3.1/thumb/v7e-m/nofp/libgcc.a(_dvmd_tls.o)
                0x0000000090000b44                __aeabi_ldiv0
                0x0000000090000b44                __aeabi_idiv0
 .text          0x0000000090000b48        0xc /usr/lib/gcc/arm-none-eabi/10.3.1/../../../arm-none-eabi/lib/thumb/v7e-m/nofp/libg.a(lib_a-atexit.o)
                0x0000000090000b48                atexit
 .text          0x0000000090000b54        0xc /usr/lib/gcc/arm-none-eabi/10.3.1/../../../arm-none-eabi/lib/thumb/v7e-m/nofp/libg.a(lib_a-errno.o)
                0x0000000090000b54                __errno
 .text          0x0000000090000b60       0x2c /usr/lib/gcc/arm-none-eabi/10.3.1/../../../arm-none-eabi/lib/thumb/v7e-m/nofp/libg.a(lib_a-fini.o)
                0x0000000090000b60                __libc_fini_array
 .text          0x0000000090000b8c       0x48 /usr/lib/gcc/arm-none-eabi/10.3.1/../../../arm-none-eabi/lib/thumb/v7e-m/nofp/libg.a(lib_a-init.o)
                0x0000000090000b8c                __libc_init_array
 .text          0x0000000090000bd4       0xa4 /usr/lib/gcc/arm-none-eabi/10.3.1/../../../arm-none-eabi/lib/thumb/v7e-m/nofp/libg.a(lib_a-memset.o)
                0x0000000090000bd4                memset
 .text          0x0000000090000c78       0x78 /usr/lib/gcc/arm-none-eabi/10.3.1/../../../arm-none-eabi/lib/thumb/v7e-m/nofp/libg.a(lib_a-puts.o)
                0x0000000090000c78                _puts_r
                0x0000000090000ce0                puts
 *fill*         0x0000000090000cf0       0x10 
 .text          0x0000000090000d00       0xdc /usr/lib/gcc/arm-none-eabi/10.3.1/../../../arm-none-eabi/lib/thumb/v7e-m/nofp/libg.a(lib_a-strlen.o)
                0x0000000090000d00                strlen
 .text          0x0000000090000ddc       0xd4 /usr/lib/gcc/arm-none-eabi/10.3.1/../../../arm-none-eabi/lib/thumb/v7e-m/nofp/libg.a(lib_a-wsetup.o)
                0x0000000090000ddc                __swsetup_r
 .text          0x0000000090000eb0       0x68 /usr/lib/gcc/arm-none-eabi/10.3.1/../../../arm-none-eabi/lib/thumb/v7e-m/nofp/libg.a(lib_a-__atexit.o)
                0x0000000090000eb0                __register_exitproc
 .text          0x0000000090000f18      0x19c /usr/lib/gcc/arm-none-eabi/10.3.1/../../../arm-none-eabi/lib/thumb/v7e-m/nofp/libg.a(lib_a-fflush.o)
                0x0000000090000f18                __sflush_r
                0x0000000090001038                _fflush_r
                0x0000000090001064                fflush
 .text          0x00000000900010b4      0x218 /usr/lib/gcc/arm-none-eabi/10.3.1/../../../arm-none-eabi/lib/thumb/v7e-m/nofp/libg.a(lib_a-findfp.o)
                0x00000000900010b8                _cleanup_r
                0x00000000900011a0                __sfmoreglue
                0x00000000900011d0                __sfp
                0x0000000090001278                _cleanup
                0x000000009000128c                __sinit
                0x0000000090001294                __sfp_lock_acquire
                0x0000000090001298                __sfp_lock_release
                0x000000009000129c                __sinit_lock_acquire
                0x00000000900012a0                __sinit_lock_release
                0x00000000900012a4                __fp_lock_all
                0x00000000900012b8                __fp_unlock_all
 .text          0x00000000900012cc      0x2ac /usr/lib/gcc/arm-none-eabi/10.3.1/../../../arm-none-eabi/lib/thumb/v7e-m/nofp/libg.a(lib_a-freer.o)
                0x00000000900012cc                _malloc_trim_r
                0x000000009000136c                _free_r
 .text          0x0000000090001578      0x2e8 /usr/lib/gcc/arm-none-eabi/10.3.1/../../../arm-none-eabi/lib/thumb/v7e-m/nofp/libg.a(lib_a-fvwrite.o)
                0x0000000090001578                __sfvwrite_r
 .text          0x0000000090001860       0x88 /usr/lib/gcc/arm-none-eabi/10.3.1/../../../arm-none-eabi/lib/thumb/v7e-m/nofp/libg.a(lib_a-fwalk.o)
                0x0000000090001860                _fwalk
                0x00000000900018a0                _fwalk_reent
 .text          0x00000000900018e8      0x140 /usr/lib/gcc/arm-none-eabi/10.3.1/../../../arm-none-eabi/lib/thumb/v7e-m/nofp/libg.a(lib_a-makebuf.o)
                0x00000000900018e8                __smakebuf_r
                0x00000000900019c8                __swhatbuf_r
 .text          0x0000000090001a28      0x554 /usr/lib/gcc/arm-none-eabi/10.3.1/../../../arm-none-eabi/lib/thumb/v7e-m/nofp/libg.a(lib_a-mallocr.o)
                0x0000000090001a28                _malloc_r
 *fill*         0x0000000090001f7c        0x4 
 .text          0x0000000090001f80       0xa0 /usr/lib/gcc/arm-none-eabi/10.3.1/../../../arm-none-eabi/lib/thumb/v7e-m/nofp/libg.a(lib_a-memchr.o)
                0x0000000090001f80                memchr
 .text          0x0000000090002020      0x134 /usr/lib/gcc/arm-none-eabi/10.3.1/../../../arm-none-eabi/lib/thumb/v7e-m/nofp/libg.a(lib_a-memcpy.o)
                0x0000000090002020                memcpy
 .text          0x0000000090002154       0xf8 /usr/lib/gcc/arm-none-eabi/10.3.1/../../../arm-none-eabi/lib/thumb/v7e-m/nofp/libg.a(lib_a-memmove.o)
                0x0000000090002154                memmove
 .text          0x000000009000224c        0x8 /usr/lib/gcc/arm-none-eabi/10.3.1/../../../arm-none-eabi/lib/thumb/v7e-m/nofp/libg.a(lib_a-mlock.o)
                0x000000009000224c                __malloc_lock
                0x0000000090002250                __malloc_unlock
 .text          0x0000000090002254      0x3d8 /usr/lib/gcc/arm-none-eabi/10.3.1/../../../arm-none-eabi/lib/thumb/v7e-m/nofp/libg.a(lib_a-reallocr.o)
                0x0000000090002254                _realloc_r
 .text          0x000000009000262c       0x24 /usr/lib/gcc/arm-none-eabi/10.3.1/../../../arm-none-eabi/lib/thumb/v7e-m/nofp/libg.a(lib_a-sbrkr.o)
                0x000000009000262c                _sbrk_r
 .text          0x0000000090002650       0x90 /usr/lib/gcc/arm-none-eabi/10.3.1/../../../arm-none-eabi/lib/thumb/v7e-m/nofp/libg.a(lib_a-stdio.o)
                0x0000000090002650                __sread
                0x0000000090002674                __seofread
                0x0000000090002678                __swrite
                0x00000000900026b8                __sseek
                0x00000000900026d8                __sclose
 .text          0x00000000900026e0       0x2c /usr/lib/gcc/arm-none-eabi/10.3.1/../../../arm-none-eabi/lib/thumb/v7e-m/nofp/libg.a(lib_a-writer.o)
                0x00000000900026e0                _write_r
 .text          0x000000009000270c       0x24 /usr/lib/gcc/arm-none-eabi/10.3.1/../../../arm-none-eabi/lib/thumb/v7e-m/nofp/libg.a(lib_a-closer.o)
                0x000000009000270c                _close_r
 .text          0x0000000090002730       0xd4 /usr/lib/gcc/arm-none-eabi/10.3.1/../../../arm-none-eabi/lib/thumb/v7e-m/nofp/libg.a(lib_a-fclose.o)
                0x0000000090002794                _fclose_r
                0x00000000900027c8                fclose
 .text          0x0000000090002804       0x2c /usr/lib/gcc/arm-none-eabi/10.3.1/../../../arm-none-eabi/lib/thumb/v7e-m/nofp/libg.a(lib_a-fstatr.o)
                0x0000000090002804                _fstat_r
 .text          0x0000000090002830       0x24 /usr/lib/gcc/arm-none-eabi/10.3.1/../../../arm-none-eabi/lib/thumb/v7e-m/nofp/libg.a(lib_a-isattyr.o)
                0x0000000090002830                _isatty_r
 .text          0x0000000090002854       0x2c /usr/lib/gcc/arm-none-eabi/10.3.1/../../../arm-none-eabi/lib/thumb/v7e-m/nofp/libg.a(lib_a-lseekr.o)
                0x0000000090002854                _lseek_r
 .text          0x0000000090002880       0x2c /usr/lib/gcc/arm-none-eabi/10.3.1/../../../arm-none-eabi/lib/thumb/v7e-m/nofp/libg.a(lib_a-readr.o)
                0x0000000090002880                _read_r
 *(.text*)
 .text.HAL_GPIO_EXTI_Callback
                0x00000000900028ac       0x34 CMakeFiles/STM32H750XBH6_7_Cache_test.elf.dir/Core/Src/callback.c.obj
                0x00000000900028ac                HAL_GPIO_EXTI_Callback
 .text.MX_DMA_Init
                0x00000000900028e0       0x48 CMakeFiles/STM32H750XBH6_7_Cache_test.elf.dir/Core/Src/dma.c.obj
                0x00000000900028e0                MX_DMA_Init
 .text.MX_DMA2D_Init
                0x0000000090002928       0x2c CMakeFiles/STM32H750XBH6_7_Cache_test.elf.dir/Core/Src/dma2d.c.obj
                0x0000000090002928                MX_DMA2D_Init
 .text.HAL_DMA2D_MspInit
                0x0000000090002954       0x34 CMakeFiles/STM32H750XBH6_7_Cache_test.elf.dir/Core/Src/dma2d.c.obj
                0x0000000090002954                HAL_DMA2D_MspInit
 .text.HAL_FMC_MspInit
                0x0000000090002988      0x108 CMakeFiles/STM32H750XBH6_7_Cache_test.elf.dir/Core/Src/fmc.c.obj
 .text.MX_FMC_Init
                0x0000000090002a90       0x78 CMakeFiles/STM32H750XBH6_7_Cache_test.elf.dir/Core/Src/fmc.c.obj
                0x0000000090002a90                MX_FMC_Init
 .text.HAL_SDRAM_MspInit
                0x0000000090002b08        0x8 CMakeFiles/STM32H750XBH6_7_Cache_test.elf.dir/Core/Src/fmc.c.obj
                0x0000000090002b08                HAL_SDRAM_MspInit
 .text.MX_GPIO_Init
                0x0000000090002b10      0x1ac CMakeFiles/STM32H750XBH6_7_Cache_test.elf.dir/Core/Src/gpio.c.obj
                0x0000000090002b10                MX_GPIO_Init
 .text.MX_LTDC_Init
                0x0000000090002cbc       0xb4 CMakeFiles/STM32H750XBH6_7_Cache_test.elf.dir/Core/Src/ltdc.c.obj
                0x0000000090002cbc                MX_LTDC_Init
 .text.HAL_LTDC_MspInit
                0x0000000090002d70      0x118 CMakeFiles/STM32H750XBH6_7_Cache_test.elf.dir/Core/Src/ltdc.c.obj
                0x0000000090002d70                HAL_LTDC_MspInit
 .text.LTDC_Fill
                0x0000000090002e88       0x9c CMakeFiles/STM32H750XBH6_7_Cache_test.elf.dir/Core/Src/ltdc.c.obj
                0x0000000090002e88                LTDC_Fill
 .text.LTDC_Clear
                0x0000000090002f24       0x1c CMakeFiles/STM32H750XBH6_7_Cache_test.elf.dir/Core/Src/ltdc.c.obj
                0x0000000090002f24                LTDC_Clear
 .text.LTDC_ON  0x0000000090002f40       0x14 CMakeFiles/STM32H750XBH6_7_Cache_test.elf.dir/Core/Src/ltdc.c.obj
                0x0000000090002f40                LTDC_ON
 .text.LTDC_Init
                0x0000000090002f54       0x34 CMakeFiles/STM32H750XBH6_7_Cache_test.elf.dir/Core/Src/ltdc.c.obj
                0x0000000090002f54                LTDC_Init
 .text.MPU_Config
                0x0000000090002f88       0x94 CMakeFiles/STM32H750XBH6_7_Cache_test.elf.dir/Core/Src/main.c.obj
 .text.Error_Handler
                0x000000009000301c        0x4 CMakeFiles/STM32H750XBH6_7_Cache_test.elf.dir/Core/Src/main.c.obj
                0x000000009000301c                Error_Handler
 .text.SystemClock_Config
                0x0000000090003020      0x114 CMakeFiles/STM32H750XBH6_7_Cache_test.elf.dir/Core/Src/main.c.obj
                0x0000000090003020                SystemClock_Config
 .text.main     0x0000000090003134       0xf8 CMakeFiles/STM32H750XBH6_7_Cache_test.elf.dir/Core/Src/main.c.obj
                0x0000000090003134                main
 .text.MX_SDMMC1_SD_Init
                0x000000009000322c       0x28 CMakeFiles/STM32H750XBH6_7_Cache_test.elf.dir/Core/Src/sdmmc.c.obj
                0x000000009000322c                MX_SDMMC1_SD_Init
 .text.HAL_SD_MspInit
                0x0000000090003254       0xe0 CMakeFiles/STM32H750XBH6_7_Cache_test.elf.dir/Core/Src/sdmmc.c.obj
                0x0000000090003254                HAL_SD_MspInit
 .text.SDRAM_SendCommand
                0x0000000090003334       0x38 CMakeFiles/STM32H750XBH6_7_Cache_test.elf.dir/Core/Src/sdram_fmc_drv.c.obj
 .text.SDRAM_Init
                0x000000009000336c       0x4c CMakeFiles/STM32H750XBH6_7_Cache_test.elf.dir/Core/Src/sdram_fmc_drv.c.obj
                0x000000009000336c                SDRAM_Init
 .text.HAL_MspInit
                0x00000000900033b8       0x24 CMakeFiles/STM32H750XBH6_7_Cache_test.elf.dir/Core/Src/stm32h7xx_hal_msp.c.obj
                0x00000000900033b8                HAL_MspInit
 .text.NMI_Handler
                0x00000000900033dc        0x2 CMakeFiles/STM32H750XBH6_7_Cache_test.elf.dir/Core/Src/stm32h7xx_it.c.obj
                0x00000000900033dc                NMI_Handler
 .text.HardFault_Handler
                0x00000000900033de        0x2 CMakeFiles/STM32H750XBH6_7_Cache_test.elf.dir/Core/Src/stm32h7xx_it.c.obj
                0x00000000900033de                HardFault_Handler
 .text.MemManage_Handler
                0x00000000900033e0        0x2 CMakeFiles/STM32H750XBH6_7_Cache_test.elf.dir/Core/Src/stm32h7xx_it.c.obj
                0x00000000900033e0                MemManage_Handler
 .text.BusFault_Handler
                0x00000000900033e2        0x2 CMakeFiles/STM32H750XBH6_7_Cache_test.elf.dir/Core/Src/stm32h7xx_it.c.obj
                0x00000000900033e2                BusFault_Handler
 .text.UsageFault_Handler
                0x00000000900033e4        0x2 CMakeFiles/STM32H750XBH6_7_Cache_test.elf.dir/Core/Src/stm32h7xx_it.c.obj
                0x00000000900033e4                UsageFault_Handler
 .text.SVC_Handler
                0x00000000900033e6        0x2 CMakeFiles/STM32H750XBH6_7_Cache_test.elf.dir/Core/Src/stm32h7xx_it.c.obj
                0x00000000900033e6                SVC_Handler
 .text.DebugMon_Handler
                0x00000000900033e8        0x2 CMakeFiles/STM32H750XBH6_7_Cache_test.elf.dir/Core/Src/stm32h7xx_it.c.obj
                0x00000000900033e8                DebugMon_Handler
 .text.PendSV_Handler
                0x00000000900033ea        0x2 CMakeFiles/STM32H750XBH6_7_Cache_test.elf.dir/Core/Src/stm32h7xx_it.c.obj
                0x00000000900033ea                PendSV_Handler
 .text.SysTick_Handler
                0x00000000900033ec        0x8 CMakeFiles/STM32H750XBH6_7_Cache_test.elf.dir/Core/Src/stm32h7xx_it.c.obj
                0x00000000900033ec                SysTick_Handler
 .text.EXTI4_IRQHandler
                0x00000000900033f4        0xa CMakeFiles/STM32H750XBH6_7_Cache_test.elf.dir/Core/Src/stm32h7xx_it.c.obj
                0x00000000900033f4                EXTI4_IRQHandler
 *fill*         0x00000000900033fe        0x2 
 .text.DMA1_Stream0_IRQHandler
                0x0000000090003400       0x10 CMakeFiles/STM32H750XBH6_7_Cache_test.elf.dir/Core/Src/stm32h7xx_it.c.obj
                0x0000000090003400                DMA1_Stream0_IRQHandler
 .text.DMA1_Stream1_IRQHandler
                0x0000000090003410       0x10 CMakeFiles/STM32H750XBH6_7_Cache_test.elf.dir/Core/Src/stm32h7xx_it.c.obj
                0x0000000090003410                DMA1_Stream1_IRQHandler
 .text.SDMMC1_IRQHandler
                0x0000000090003420       0x10 CMakeFiles/STM32H750XBH6_7_Cache_test.elf.dir/Core/Src/stm32h7xx_it.c.obj
                0x0000000090003420                SDMMC1_IRQHandler
 .text.UART4_IRQHandler
                0x0000000090003430       0x10 CMakeFiles/STM32H750XBH6_7_Cache_test.elf.dir/Core/Src/stm32h7xx_it.c.obj
                0x0000000090003430                UART4_IRQHandler
 .text._read    0x0000000090003440       0x20 CMakeFiles/STM32H750XBH6_7_Cache_test.elf.dir/Core/Src/syscalls.c.obj
                0x0000000090003440                _read
 .text._write   0x0000000090003460       0x1c CMakeFiles/STM32H750XBH6_7_Cache_test.elf.dir/Core/Src/syscalls.c.obj
                0x0000000090003460                _write
 .text._close   0x000000009000347c        0x6 CMakeFiles/STM32H750XBH6_7_Cache_test.elf.dir/Core/Src/syscalls.c.obj
                0x000000009000347c                _close
 .text._fstat   0x0000000090003482        0xa CMakeFiles/STM32H750XBH6_7_Cache_test.elf.dir/Core/Src/syscalls.c.obj
                0x0000000090003482                _fstat
 .text._isatty  0x000000009000348c        0x4 CMakeFiles/STM32H750XBH6_7_Cache_test.elf.dir/Core/Src/syscalls.c.obj
                0x000000009000348c                _isatty
 .text._lseek   0x0000000090003490        0x4 CMakeFiles/STM32H750XBH6_7_Cache_test.elf.dir/Core/Src/syscalls.c.obj
                0x0000000090003490                _lseek
 .text._sbrk    0x0000000090003494       0x48 CMakeFiles/STM32H750XBH6_7_Cache_test.elf.dir/Core/Src/sysmem.c.obj
                0x0000000090003494                _sbrk
 .text.SystemInit
                0x00000000900034dc       0xc8 CMakeFiles/STM32H750XBH6_7_Cache_test.elf.dir/Core/Src/system_stm32h7xx.c.obj
                0x00000000900034dc                SystemInit
 .text.MX_UART4_Init
                0x00000000900035a4       0x68 CMakeFiles/STM32H750XBH6_7_Cache_test.elf.dir/Core/Src/usart.c.obj
                0x00000000900035a4                MX_UART4_Init
 .text.HAL_UART_MspInit
                0x000000009000360c      0x150 CMakeFiles/STM32H750XBH6_7_Cache_test.elf.dir/Core/Src/usart.c.obj
                0x000000009000360c                HAL_UART_MspInit
 .text.__io_putchar
                0x000000009000375c       0x20 CMakeFiles/STM32H750XBH6_7_Cache_test.elf.dir/Core/Src/usart.c.obj
                0x000000009000375c                __io_putchar
 .text.Reset_Handler
                0x000000009000377c       0x50 CMakeFiles/STM32H750XBH6_7_Cache_test.elf.dir/Core/Startup/startup_stm32h750xbhx.s.obj
                0x000000009000377c                Reset_Handler
 .text.Default_Handler
                0x00000000900037cc        0x2 CMakeFiles/STM32H750XBH6_7_Cache_test.elf.dir/Core/Startup/startup_stm32h750xbhx.s.obj
                0x00000000900037cc                RTC_Alarm_IRQHandler
                0x00000000900037cc                HASH_RNG_IRQHandler
                0x00000000900037cc                EXTI2_IRQHandler
                0x00000000900037cc                TIM8_CC_IRQHandler
                0x00000000900037cc                HRTIM1_Master_IRQHandler
                0x00000000900037cc                UART8_IRQHandler
                0x00000000900037cc                SPI4_IRQHandler
                0x00000000900037cc                TIM1_CC_IRQHandler
                0x00000000900037cc                BDMA_Channel6_IRQHandler
                0x00000000900037cc                DMA2_Stream5_IRQHandler
                0x00000000900037cc                HRTIM1_FLT_IRQHandler
                0x00000000900037cc                JPEG_IRQHandler
                0x00000000900037cc                DMA1_Stream5_IRQHandler
                0x00000000900037cc                BDMA_Channel1_IRQHandler
                0x00000000900037cc                HRTIM1_TIMD_IRQHandler
                0x00000000900037cc                TAMP_STAMP_IRQHandler
                0x00000000900037cc                EXTI3_IRQHandler
                0x00000000900037cc                LPTIM4_IRQHandler
                0x00000000900037cc                TIM8_TRG_COM_TIM14_IRQHandler
                0x00000000900037cc                LPTIM2_IRQHandler
                0x00000000900037cc                DFSDM1_FLT1_IRQHandler
                0x00000000900037cc                DMAMUX2_OVR_IRQHandler
                0x00000000900037cc                TIM8_UP_TIM13_IRQHandler
                0x00000000900037cc                I2C3_ER_IRQHandler
                0x00000000900037cc                DFSDM1_FLT2_IRQHandler
                0x00000000900037cc                MDMA_IRQHandler
                0x00000000900037cc                LPTIM3_IRQHandler
                0x00000000900037cc                HSEM1_IRQHandler
                0x00000000900037cc                EXTI0_IRQHandler
                0x00000000900037cc                I2C2_EV_IRQHandler
                0x00000000900037cc                DMA1_Stream2_IRQHandler
                0x00000000900037cc                FPU_IRQHandler
                0x00000000900037cc                OTG_HS_WKUP_IRQHandler
                0x00000000900037cc                FDCAN1_IT1_IRQHandler
                0x00000000900037cc                LTDC_ER_IRQHandler
                0x00000000900037cc                DMA2_Stream2_IRQHandler
                0x00000000900037cc                HRTIM1_TIME_IRQHandler
                0x00000000900037cc                SPI1_IRQHandler
                0x00000000900037cc                TIM6_DAC_IRQHandler
                0x00000000900037cc                DCMI_IRQHandler
                0x00000000900037cc                HRTIM1_TIMC_IRQHandler
                0x00000000900037cc                DMA2_Stream3_IRQHandler
                0x00000000900037cc                SAI2_IRQHandler
                0x00000000900037cc                DFSDM1_FLT3_IRQHandler
                0x00000000900037cc                USART6_IRQHandler
                0x00000000900037cc                TIM17_IRQHandler
                0x00000000900037cc                USART3_IRQHandler
                0x00000000900037cc                BDMA_Channel7_IRQHandler
                0x00000000900037cc                CRYP_IRQHandler
                0x00000000900037cc                LPTIM5_IRQHandler
                0x00000000900037cc                UART5_IRQHandler
                0x00000000900037cc                ADC3_IRQHandler
                0x00000000900037cc                DMA2_Stream0_IRQHandler
                0x00000000900037cc                TIM4_IRQHandler
                0x00000000900037cc                BDMA_Channel2_IRQHandler
                0x00000000900037cc                QUADSPI_IRQHandler
                0x00000000900037cc                I2C1_EV_IRQHandler
                0x00000000900037cc                DMA1_Stream6_IRQHandler
                0x00000000900037cc                DMAMUX1_OVR_IRQHandler
                0x00000000900037cc                TIM16_IRQHandler
                0x00000000900037cc                BDMA_Channel5_IRQHandler
                0x00000000900037cc                TIM3_IRQHandler
                0x00000000900037cc                RCC_IRQHandler
                0x00000000900037cc                TIM8_BRK_TIM12_IRQHandler
                0x00000000900037cc                TIM1_TRG_COM_IRQHandler
                0x00000000900037cc                Default_Handler
                0x00000000900037cc                ECC_IRQHandler
                0x00000000900037cc                CEC_IRQHandler
                0x00000000900037cc                EXTI15_10_IRQHandler
                0x00000000900037cc                BDMA_Channel0_IRQHandler
                0x00000000900037cc                ADC_IRQHandler
                0x00000000900037cc                DMA1_Stream7_IRQHandler
                0x00000000900037cc                HRTIM1_TIMA_IRQHandler
                0x00000000900037cc                SPI5_IRQHandler
                0x00000000900037cc                TIM7_IRQHandler
                0x00000000900037cc                TIM5_IRQHandler
                0x00000000900037cc                DMA2_Stream7_IRQHandler
                0x00000000900037cc                TIM15_IRQHandler
                0x00000000900037cc                PVD_AVD_IRQHandler
                0x00000000900037cc                I2C3_EV_IRQHandler
                0x00000000900037cc                EXTI9_5_IRQHandler
                0x00000000900037cc                RTC_WKUP_IRQHandler
                0x00000000900037cc                LTDC_IRQHandler
                0x00000000900037cc                SAI3_IRQHandler
                0x00000000900037cc                ETH_WKUP_IRQHandler
                0x00000000900037cc                SPDIF_RX_IRQHandler
                0x00000000900037cc                SPI2_IRQHandler
                0x00000000900037cc                OTG_HS_EP1_IN_IRQHandler
                0x00000000900037cc                CRS_IRQHandler
                0x00000000900037cc                HRTIM1_TIMB_IRQHandler
                0x00000000900037cc                FDCAN2_IT1_IRQHandler
                0x00000000900037cc                ETH_IRQHandler
                0x00000000900037cc                TIM1_UP_IRQHandler
                0x00000000900037cc                BDMA_Channel4_IRQHandler
                0x00000000900037cc                OTG_HS_EP1_OUT_IRQHandler
                0x00000000900037cc                WWDG_IRQHandler
                0x00000000900037cc                SPI6_IRQHandler
                0x00000000900037cc                MDIOS_IRQHandler
                0x00000000900037cc                I2C4_EV_IRQHandler
                0x00000000900037cc                FDCAN2_IT0_IRQHandler
                0x00000000900037cc                LPUART1_IRQHandler
                0x00000000900037cc                FDCAN1_IT0_IRQHandler
                0x00000000900037cc                TIM2_IRQHandler
                0x00000000900037cc                OTG_FS_WKUP_IRQHandler
                0x00000000900037cc                OTG_HS_IRQHandler
                0x00000000900037cc                DMA2D_IRQHandler
                0x00000000900037cc                TIM1_BRK_IRQHandler
                0x00000000900037cc                EXTI1_IRQHandler
                0x00000000900037cc                SDMMC2_IRQHandler
                0x00000000900037cc                OTG_FS_EP1_OUT_IRQHandler
                0x00000000900037cc                BDMA_Channel3_IRQHandler
                0x00000000900037cc                UART7_IRQHandler
                0x00000000900037cc                MDIOS_WKUP_IRQHandler
                0x00000000900037cc                USART2_IRQHandler
                0x00000000900037cc                DFSDM1_FLT0_IRQHandler
                0x00000000900037cc                SAI4_IRQHandler
                0x00000000900037cc                I2C2_ER_IRQHandler
                0x00000000900037cc                DMA2_Stream1_IRQHandler
                0x00000000900037cc                FLASH_IRQHandler
                0x00000000900037cc                DMA2_Stream4_IRQHandler
                0x00000000900037cc                USART1_IRQHandler
                0x00000000900037cc                OTG_FS_IRQHandler
                0x00000000900037cc                SPI3_IRQHandler
                0x00000000900037cc                WAKEUP_PIN_IRQHandler
                0x00000000900037cc                DMA1_Stream4_IRQHandler
                0x00000000900037cc                OTG_FS_EP1_IN_IRQHandler
                0x00000000900037cc                I2C1_ER_IRQHandler
                0x00000000900037cc                FMC_IRQHandler
                0x00000000900037cc                FDCAN_CAL_IRQHandler
                0x00000000900037cc                SWPMI1_IRQHandler
                0x00000000900037cc                COMP1_IRQHandler
                0x00000000900037cc                LPTIM1_IRQHandler
                0x00000000900037cc                I2C4_ER_IRQHandler
                0x00000000900037cc                DMA2_Stream6_IRQHandler
                0x00000000900037cc                SAI1_IRQHandler
                0x00000000900037cc                DMA1_Stream3_IRQHandler
 *fill*         0x00000000900037ce        0x2 
 .text.HAL_InitTick
                0x00000000900037d0       0x50 CMakeFiles/STM32H750XBH6_7_Cache_test.elf.dir/Drivers/STM32H7xx_HAL_Driver/Src/stm32h7xx_hal.c.obj
                0x00000000900037d0                HAL_InitTick
 .text.HAL_Init
                0x0000000090003820       0x5c CMakeFiles/STM32H750XBH6_7_Cache_test.elf.dir/Drivers/STM32H7xx_HAL_Driver/Src/stm32h7xx_hal.c.obj
                0x0000000090003820                HAL_Init
 .text.HAL_IncTick
                0x000000009000387c       0x18 CMakeFiles/STM32H750XBH6_7_Cache_test.elf.dir/Drivers/STM32H7xx_HAL_Driver/Src/stm32h7xx_hal.c.obj
                0x000000009000387c                HAL_IncTick
 .text.HAL_GetTick
                0x0000000090003894        0xc CMakeFiles/STM32H750XBH6_7_Cache_test.elf.dir/Drivers/STM32H7xx_HAL_Driver/Src/stm32h7xx_hal.c.obj
                0x0000000090003894                HAL_GetTick
 .text.HAL_Delay
                0x00000000900038a0       0x28 CMakeFiles/STM32H750XBH6_7_Cache_test.elf.dir/Drivers/STM32H7xx_HAL_Driver/Src/stm32h7xx_hal.c.obj
                0x00000000900038a0                HAL_Delay
 .text.HAL_GetREVID
                0x00000000900038c8        0xc CMakeFiles/STM32H750XBH6_7_Cache_test.elf.dir/Drivers/STM32H7xx_HAL_Driver/Src/stm32h7xx_hal.c.obj
                0x00000000900038c8                HAL_GetREVID
 .text.HAL_NVIC_SetPriorityGrouping
                0x00000000900038d4       0x24 CMakeFiles/STM32H750XBH6_7_Cache_test.elf.dir/Drivers/STM32H7xx_HAL_Driver/Src/stm32h7xx_hal_cortex.c.obj
                0x00000000900038d4                HAL_NVIC_SetPriorityGrouping
 .text.HAL_NVIC_SetPriority
                0x00000000900038f8       0x6c CMakeFiles/STM32H750XBH6_7_Cache_test.elf.dir/Drivers/STM32H7xx_HAL_Driver/Src/stm32h7xx_hal_cortex.c.obj
                0x00000000900038f8                HAL_NVIC_SetPriority
 .text.HAL_NVIC_EnableIRQ
                0x0000000090003964       0x1c CMakeFiles/STM32H750XBH6_7_Cache_test.elf.dir/Drivers/STM32H7xx_HAL_Driver/Src/stm32h7xx_hal_cortex.c.obj
                0x0000000090003964                HAL_NVIC_EnableIRQ
 .text.HAL_SYSTICK_Config
                0x0000000090003980       0x28 CMakeFiles/STM32H750XBH6_7_Cache_test.elf.dir/Drivers/STM32H7xx_HAL_Driver/Src/stm32h7xx_hal_cortex.c.obj
                0x0000000090003980                HAL_SYSTICK_Config
 .text.HAL_MPU_Disable
                0x00000000900039a8       0x1c CMakeFiles/STM32H750XBH6_7_Cache_test.elf.dir/Drivers/STM32H7xx_HAL_Driver/Src/stm32h7xx_hal_cortex.c.obj
                0x00000000900039a8                HAL_MPU_Disable
 .text.HAL_MPU_Enable
                0x00000000900039c4       0x20 CMakeFiles/STM32H750XBH6_7_Cache_test.elf.dir/Drivers/STM32H7xx_HAL_Driver/Src/stm32h7xx_hal_cortex.c.obj
                0x00000000900039c4                HAL_MPU_Enable
 .text.HAL_MPU_ConfigRegion
                0x00000000900039e4       0x60 CMakeFiles/STM32H750XBH6_7_Cache_test.elf.dir/Drivers/STM32H7xx_HAL_Driver/Src/stm32h7xx_hal_cortex.c.obj
                0x00000000900039e4                HAL_MPU_ConfigRegion
 .text.DMA_CalcBaseAndBitshift
                0x0000000090003a44       0xb4 CMakeFiles/STM32H750XBH6_7_Cache_test.elf.dir/Drivers/STM32H7xx_HAL_Driver/Src/stm32h7xx_hal_dma.c.obj
 .text.DMA_CheckFifoParam
                0x0000000090003af8       0x92 CMakeFiles/STM32H750XBH6_7_Cache_test.elf.dir/Drivers/STM32H7xx_HAL_Driver/Src/stm32h7xx_hal_dma.c.obj
 *fill*         0x0000000090003b8a        0x2 
 .text.DMA_CalcDMAMUXChannelBaseAndMask
                0x0000000090003b8c       0xb0 CMakeFiles/STM32H750XBH6_7_Cache_test.elf.dir/Drivers/STM32H7xx_HAL_Driver/Src/stm32h7xx_hal_dma.c.obj
 .text.DMA_CalcDMAMUXRequestGenBaseAndMask
                0x0000000090003c3c       0x7c CMakeFiles/STM32H750XBH6_7_Cache_test.elf.dir/Drivers/STM32H7xx_HAL_Driver/Src/stm32h7xx_hal_dma.c.obj
 .text.HAL_DMA_Init
                0x0000000090003cb8      0x3a4 CMakeFiles/STM32H750XBH6_7_Cache_test.elf.dir/Drivers/STM32H7xx_HAL_Driver/Src/stm32h7xx_hal_dma.c.obj
                0x0000000090003cb8                HAL_DMA_Init
 .text.HAL_DMA_Abort
                0x000000009000405c      0x340 CMakeFiles/STM32H750XBH6_7_Cache_test.elf.dir/Drivers/STM32H7xx_HAL_Driver/Src/stm32h7xx_hal_dma.c.obj
                0x000000009000405c                HAL_DMA_Abort
 .text.HAL_DMA_Abort_IT
                0x000000009000439c      0x270 CMakeFiles/STM32H750XBH6_7_Cache_test.elf.dir/Drivers/STM32H7xx_HAL_Driver/Src/stm32h7xx_hal_dma.c.obj
                0x000000009000439c                HAL_DMA_Abort_IT
 .text.HAL_DMA_IRQHandler
                0x000000009000460c      0x738 CMakeFiles/STM32H750XBH6_7_Cache_test.elf.dir/Drivers/STM32H7xx_HAL_Driver/Src/stm32h7xx_hal_dma.c.obj
                0x000000009000460c                HAL_DMA_IRQHandler
 .text.HAL_DMA2D_Init
                0x0000000090004d44       0x84 CMakeFiles/STM32H750XBH6_7_Cache_test.elf.dir/Drivers/STM32H7xx_HAL_Driver/Src/stm32h7xx_hal_dma2d.c.obj
                0x0000000090004d44                HAL_DMA2D_Init
 .text.HAL_GPIO_Init
                0x0000000090004dc8      0x228 CMakeFiles/STM32H750XBH6_7_Cache_test.elf.dir/Drivers/STM32H7xx_HAL_Driver/Src/stm32h7xx_hal_gpio.c.obj
                0x0000000090004dc8                HAL_GPIO_Init
 .text.HAL_GPIO_ReadPin
                0x0000000090004ff0        0xe CMakeFiles/STM32H750XBH6_7_Cache_test.elf.dir/Drivers/STM32H7xx_HAL_Driver/Src/stm32h7xx_hal_gpio.c.obj
                0x0000000090004ff0                HAL_GPIO_ReadPin
 .text.HAL_GPIO_WritePin
                0x0000000090004ffe        0xc CMakeFiles/STM32H750XBH6_7_Cache_test.elf.dir/Drivers/STM32H7xx_HAL_Driver/Src/stm32h7xx_hal_gpio.c.obj
                0x0000000090004ffe                HAL_GPIO_WritePin
 .text.HAL_GPIO_EXTI_IRQHandler
                0x000000009000500a       0x1e CMakeFiles/STM32H750XBH6_7_Cache_test.elf.dir/Drivers/STM32H7xx_HAL_Driver/Src/stm32h7xx_hal_gpio.c.obj
                0x000000009000500a                HAL_GPIO_EXTI_IRQHandler
 .text.LTDC_SetConfig
                0x0000000090005028      0x1b8 CMakeFiles/STM32H750XBH6_7_Cache_test.elf.dir/Drivers/STM32H7xx_HAL_Driver/Src/stm32h7xx_hal_ltdc.c.obj
 .text.HAL_LTDC_Init
                0x00000000900051e0       0xf8 CMakeFiles/STM32H750XBH6_7_Cache_test.elf.dir/Drivers/STM32H7xx_HAL_Driver/Src/stm32h7xx_hal_ltdc.c.obj
                0x00000000900051e0                HAL_LTDC_Init
 .text.HAL_LTDC_ConfigLayer
                0x00000000900052d8       0x68 CMakeFiles/STM32H750XBH6_7_Cache_test.elf.dir/Drivers/STM32H7xx_HAL_Driver/Src/stm32h7xx_hal_ltdc.c.obj
                0x00000000900052d8                HAL_LTDC_ConfigLayer
 .text.HAL_LTDC_SetWindowSize
                0x0000000090005340       0x56 CMakeFiles/STM32H750XBH6_7_Cache_test.elf.dir/Drivers/STM32H7xx_HAL_Driver/Src/stm32h7xx_hal_ltdc.c.obj
                0x0000000090005340                HAL_LTDC_SetWindowSize
 .text.HAL_LTDC_SetWindowPosition
                0x0000000090005396       0x56 CMakeFiles/STM32H750XBH6_7_Cache_test.elf.dir/Drivers/STM32H7xx_HAL_Driver/Src/stm32h7xx_hal_ltdc.c.obj
                0x0000000090005396                HAL_LTDC_SetWindowPosition
 .text.HAL_PWREx_ConfigSupply
                0x00000000900053ec       0x54 CMakeFiles/STM32H750XBH6_7_Cache_test.elf.dir/Drivers/STM32H7xx_HAL_Driver/Src/stm32h7xx_hal_pwr_ex.c.obj
                0x00000000900053ec                HAL_PWREx_ConfigSupply
 .text.HAL_RCC_OscConfig
                0x0000000090005440      0x6b4 CMakeFiles/STM32H750XBH6_7_Cache_test.elf.dir/Drivers/STM32H7xx_HAL_Driver/Src/stm32h7xx_hal_rcc.c.obj
                0x0000000090005440                HAL_RCC_OscConfig
 .text.HAL_RCC_GetSysClockFreq
                0x0000000090005af4      0x218 CMakeFiles/STM32H750XBH6_7_Cache_test.elf.dir/Drivers/STM32H7xx_HAL_Driver/Src/stm32h7xx_hal_rcc.c.obj
                0x0000000090005af4                HAL_RCC_GetSysClockFreq
 .text.HAL_RCC_ClockConfig
                0x0000000090005d0c      0x294 CMakeFiles/STM32H750XBH6_7_Cache_test.elf.dir/Drivers/STM32H7xx_HAL_Driver/Src/stm32h7xx_hal_rcc.c.obj
                0x0000000090005d0c                HAL_RCC_ClockConfig
 .text.HAL_RCC_GetHCLKFreq
                0x0000000090005fa0       0x44 CMakeFiles/STM32H750XBH6_7_Cache_test.elf.dir/Drivers/STM32H7xx_HAL_Driver/Src/stm32h7xx_hal_rcc.c.obj
                0x0000000090005fa0                HAL_RCC_GetHCLKFreq
 .text.HAL_RCC_GetPCLK1Freq
                0x0000000090005fe4       0x24 CMakeFiles/STM32H750XBH6_7_Cache_test.elf.dir/Drivers/STM32H7xx_HAL_Driver/Src/stm32h7xx_hal_rcc.c.obj
                0x0000000090005fe4                HAL_RCC_GetPCLK1Freq
 .text.HAL_RCC_GetPCLK2Freq
                0x0000000090006008       0x24 CMakeFiles/STM32H750XBH6_7_Cache_test.elf.dir/Drivers/STM32H7xx_HAL_Driver/Src/stm32h7xx_hal_rcc.c.obj
                0x0000000090006008                HAL_RCC_GetPCLK2Freq
 .text.RCCEx_PLL2_Config
                0x000000009000602c      0x10c CMakeFiles/STM32H750XBH6_7_Cache_test.elf.dir/Drivers/STM32H7xx_HAL_Driver/Src/stm32h7xx_hal_rcc_ex.c.obj
 .text.RCCEx_PLL3_Config
                0x0000000090006138      0x10c CMakeFiles/STM32H750XBH6_7_Cache_test.elf.dir/Drivers/STM32H7xx_HAL_Driver/Src/stm32h7xx_hal_rcc_ex.c.obj
 .text.HAL_RCCEx_PeriphCLKConfig
                0x0000000090006244      0xa8c CMakeFiles/STM32H750XBH6_7_Cache_test.elf.dir/Drivers/STM32H7xx_HAL_Driver/Src/stm32h7xx_hal_rcc_ex.c.obj
                0x0000000090006244                HAL_RCCEx_PeriphCLKConfig
 .text.HAL_RCCEx_GetD3PCLK1Freq
                0x0000000090006cd0       0x24 CMakeFiles/STM32H750XBH6_7_Cache_test.elf.dir/Drivers/STM32H7xx_HAL_Driver/Src/stm32h7xx_hal_rcc_ex.c.obj
                0x0000000090006cd0                HAL_RCCEx_GetD3PCLK1Freq
 .text.HAL_RCCEx_GetPLL2ClockFreq
                0x0000000090006cf4      0x234 CMakeFiles/STM32H750XBH6_7_Cache_test.elf.dir/Drivers/STM32H7xx_HAL_Driver/Src/stm32h7xx_hal_rcc_ex.c.obj
                0x0000000090006cf4                HAL_RCCEx_GetPLL2ClockFreq
 .text.HAL_RCCEx_GetPLL3ClockFreq
                0x0000000090006f28      0x234 CMakeFiles/STM32H750XBH6_7_Cache_test.elf.dir/Drivers/STM32H7xx_HAL_Driver/Src/stm32h7xx_hal_rcc_ex.c.obj
                0x0000000090006f28                HAL_RCCEx_GetPLL3ClockFreq
 .text.HAL_RCCEx_GetPLL1ClockFreq
                0x000000009000715c      0x234 CMakeFiles/STM32H750XBH6_7_Cache_test.elf.dir/Drivers/STM32H7xx_HAL_Driver/Src/stm32h7xx_hal_rcc_ex.c.obj
                0x000000009000715c                HAL_RCCEx_GetPLL1ClockFreq
 .text.HAL_RCCEx_GetPeriphCLKFreq
                0x0000000090007390      0x6d0 CMakeFiles/STM32H750XBH6_7_Cache_test.elf.dir/Drivers/STM32H7xx_HAL_Driver/Src/stm32h7xx_hal_rcc_ex.c.obj
                0x0000000090007390                HAL_RCCEx_GetPeriphCLKFreq
 .text.SD_PowerON
                0x0000000090007a60       0xc4 CMakeFiles/STM32H750XBH6_7_Cache_test.elf.dir/Drivers/STM32H7xx_HAL_Driver/Src/stm32h7xx_hal_sd.c.obj
 .text.SD_Read_IT
                0x0000000090007b24       0x3c CMakeFiles/STM32H750XBH6_7_Cache_test.elf.dir/Drivers/STM32H7xx_HAL_Driver/Src/stm32h7xx_hal_sd.c.obj
 .text.SD_Write_IT
                0x0000000090007b60       0x4c CMakeFiles/STM32H750XBH6_7_Cache_test.elf.dir/Drivers/STM32H7xx_HAL_Driver/Src/stm32h7xx_hal_sd.c.obj
 .text.SD_SendSDStatus
                0x0000000090007bac      0x108 CMakeFiles/STM32H750XBH6_7_Cache_test.elf.dir/Drivers/STM32H7xx_HAL_Driver/Src/stm32h7xx_hal_sd.c.obj
 .text.SD_FindSCR
                0x0000000090007cb4      0x108 CMakeFiles/STM32H750XBH6_7_Cache_test.elf.dir/Drivers/STM32H7xx_HAL_Driver/Src/stm32h7xx_hal_sd.c.obj
 .text.SD_WideBus_Enable
                0x0000000090007dbc       0x4e CMakeFiles/STM32H750XBH6_7_Cache_test.elf.dir/Drivers/STM32H7xx_HAL_Driver/Src/stm32h7xx_hal_sd.c.obj
 .text.SD_WideBus_Disable
                0x0000000090007e0a       0x4e CMakeFiles/STM32H750XBH6_7_Cache_test.elf.dir/Drivers/STM32H7xx_HAL_Driver/Src/stm32h7xx_hal_sd.c.obj
 .text.SD_SendStatus
                0x0000000090007e58       0x2c CMakeFiles/STM32H750XBH6_7_Cache_test.elf.dir/Drivers/STM32H7xx_HAL_Driver/Src/stm32h7xx_hal_sd.c.obj
 .text.HAL_SD_ReadBlocks
                0x0000000090007e84      0x204 CMakeFiles/STM32H750XBH6_7_Cache_test.elf.dir/Drivers/STM32H7xx_HAL_Driver/Src/stm32h7xx_hal_sd.c.obj
                0x0000000090007e84                HAL_SD_ReadBlocks
 .text.HAL_SD_WriteBlocks
                0x0000000090008088      0x214 CMakeFiles/STM32H750XBH6_7_Cache_test.elf.dir/Drivers/STM32H7xx_HAL_Driver/Src/stm32h7xx_hal_sd.c.obj
                0x0000000090008088                HAL_SD_WriteBlocks
 .text.HAL_SD_ErrorCallback
                0x000000009000829c        0x2 CMakeFiles/STM32H750XBH6_7_Cache_test.elf.dir/Drivers/STM32H7xx_HAL_Driver/Src/stm32h7xx_hal_sd.c.obj
                0x000000009000829c                HAL_SD_ErrorCallback
 *fill*         0x000000009000829e        0x2 
 .text.HAL_SD_GetCardCSD
                0x00000000900082a0      0x1b8 CMakeFiles/STM32H750XBH6_7_Cache_test.elf.dir/Drivers/STM32H7xx_HAL_Driver/Src/stm32h7xx_hal_sd.c.obj
                0x00000000900082a0                HAL_SD_GetCardCSD
 .text.SD_InitCard
                0x0000000090008458       0xfc CMakeFiles/STM32H750XBH6_7_Cache_test.elf.dir/Drivers/STM32H7xx_HAL_Driver/Src/stm32h7xx_hal_sd.c.obj
 .text.HAL_SD_InitCard
                0x0000000090008554       0xcc CMakeFiles/STM32H750XBH6_7_Cache_test.elf.dir/Drivers/STM32H7xx_HAL_Driver/Src/stm32h7xx_hal_sd.c.obj
                0x0000000090008554                HAL_SD_InitCard
 .text.HAL_SD_GetCardStatus
                0x0000000090008620       0xd0 CMakeFiles/STM32H750XBH6_7_Cache_test.elf.dir/Drivers/STM32H7xx_HAL_Driver/Src/stm32h7xx_hal_sd.c.obj
                0x0000000090008620                HAL_SD_GetCardStatus
 .text.HAL_SD_GetCardInfo
                0x00000000900086f0       0x24 CMakeFiles/STM32H750XBH6_7_Cache_test.elf.dir/Drivers/STM32H7xx_HAL_Driver/Src/stm32h7xx_hal_sd.c.obj
                0x00000000900086f0                HAL_SD_GetCardInfo
 .text.HAL_SD_ConfigWideBusOperation
                0x0000000090008714      0x158 CMakeFiles/STM32H750XBH6_7_Cache_test.elf.dir/Drivers/STM32H7xx_HAL_Driver/Src/stm32h7xx_hal_sd.c.obj
                0x0000000090008714                HAL_SD_ConfigWideBusOperation
 .text.HAL_SD_GetCardState
                0x000000009000886c       0x22 CMakeFiles/STM32H750XBH6_7_Cache_test.elf.dir/Drivers/STM32H7xx_HAL_Driver/Src/stm32h7xx_hal_sd.c.obj
                0x000000009000886c                HAL_SD_GetCardState
 .text.HAL_SD_Init
                0x000000009000888e       0xba CMakeFiles/STM32H750XBH6_7_Cache_test.elf.dir/Drivers/STM32H7xx_HAL_Driver/Src/stm32h7xx_hal_sd.c.obj
                0x000000009000888e                HAL_SD_Init
 .text.HAL_SDEx_Read_DMADoubleBuf0CpltCallback
                0x0000000090008948        0x2 CMakeFiles/STM32H750XBH6_7_Cache_test.elf.dir/Drivers/STM32H7xx_HAL_Driver/Src/stm32h7xx_hal_sd.c.obj
                0x0000000090008948                HAL_SDEx_Read_DMADoubleBuf0CpltCallback
 .text.HAL_SDEx_Read_DMADoubleBuf1CpltCallback
                0x000000009000894a        0x2 CMakeFiles/STM32H750XBH6_7_Cache_test.elf.dir/Drivers/STM32H7xx_HAL_Driver/Src/stm32h7xx_hal_sd.c.obj
                0x000000009000894a                HAL_SDEx_Read_DMADoubleBuf1CpltCallback
 .text.HAL_SDEx_Write_DMADoubleBuf0CpltCallback
                0x000000009000894c        0x2 CMakeFiles/STM32H750XBH6_7_Cache_test.elf.dir/Drivers/STM32H7xx_HAL_Driver/Src/stm32h7xx_hal_sd.c.obj
                0x000000009000894c                HAL_SDEx_Write_DMADoubleBuf0CpltCallback
 .text.HAL_SDEx_Write_DMADoubleBuf1CpltCallback
                0x000000009000894e        0x2 CMakeFiles/STM32H750XBH6_7_Cache_test.elf.dir/Drivers/STM32H7xx_HAL_Driver/Src/stm32h7xx_hal_sd.c.obj
                0x000000009000894e                HAL_SDEx_Write_DMADoubleBuf1CpltCallback
 .text.HAL_SD_IRQHandler
                0x0000000090008950      0x22c CMakeFiles/STM32H750XBH6_7_Cache_test.elf.dir/Drivers/STM32H7xx_HAL_Driver/Src/stm32h7xx_hal_sd.c.obj
                0x0000000090008950                HAL_SD_IRQHandler
 .text.HAL_SDRAM_Init
                0x0000000090008b7c       0x50 CMakeFiles/STM32H750XBH6_7_Cache_test.elf.dir/Drivers/STM32H7xx_HAL_Driver/Src/stm32h7xx_hal_sdram.c.obj
                0x0000000090008b7c                HAL_SDRAM_Init
 .text.HAL_SDRAM_SendCommand
                0x0000000090008bcc       0x42 CMakeFiles/STM32H750XBH6_7_Cache_test.elf.dir/Drivers/STM32H7xx_HAL_Driver/Src/stm32h7xx_hal_sdram.c.obj
                0x0000000090008bcc                HAL_SDRAM_SendCommand
 .text.HAL_SDRAM_ProgramRefreshRate
                0x0000000090008c0e       0x32 CMakeFiles/STM32H750XBH6_7_Cache_test.elf.dir/Drivers/STM32H7xx_HAL_Driver/Src/stm32h7xx_hal_sdram.c.obj
                0x0000000090008c0e                HAL_SDRAM_ProgramRefreshRate
 .text.UART_EndRxTransfer
                0x0000000090008c40       0x58 CMakeFiles/STM32H750XBH6_7_Cache_test.elf.dir/Drivers/STM32H7xx_HAL_Driver/Src/stm32h7xx_hal_uart.c.obj
 .text.HAL_UART_TxCpltCallback
                0x0000000090008c98        0x2 CMakeFiles/STM32H750XBH6_7_Cache_test.elf.dir/Drivers/STM32H7xx_HAL_Driver/Src/stm32h7xx_hal_uart.c.obj
                0x0000000090008c98                HAL_UART_TxCpltCallback
 .text.UART_EndTransmit_IT
                0x0000000090008c9a       0x24 CMakeFiles/STM32H750XBH6_7_Cache_test.elf.dir/Drivers/STM32H7xx_HAL_Driver/Src/stm32h7xx_hal_uart.c.obj
 .text.HAL_UART_ErrorCallback
                0x0000000090008cbe        0x2 CMakeFiles/STM32H750XBH6_7_Cache_test.elf.dir/Drivers/STM32H7xx_HAL_Driver/Src/stm32h7xx_hal_uart.c.obj
                0x0000000090008cbe                HAL_UART_ErrorCallback
 .text.UART_DMAAbortOnError
                0x0000000090008cc0       0x14 CMakeFiles/STM32H750XBH6_7_Cache_test.elf.dir/Drivers/STM32H7xx_HAL_Driver/Src/stm32h7xx_hal_uart.c.obj
 .text.HAL_UARTEx_RxEventCallback
                0x0000000090008cd4        0x2 CMakeFiles/STM32H750XBH6_7_Cache_test.elf.dir/Drivers/STM32H7xx_HAL_Driver/Src/stm32h7xx_hal_uart.c.obj
                0x0000000090008cd4                HAL_UARTEx_RxEventCallback
 *fill*         0x0000000090008cd6        0x2 
 .text.HAL_UART_IRQHandler
                0x0000000090008cd8      0x3b8 CMakeFiles/STM32H750XBH6_7_Cache_test.elf.dir/Drivers/STM32H7xx_HAL_Driver/Src/stm32h7xx_hal_uart.c.obj
                0x0000000090008cd8                HAL_UART_IRQHandler
 .text.UART_SetConfig
                0x0000000090009090      0x5f4 CMakeFiles/STM32H750XBH6_7_Cache_test.elf.dir/Drivers/STM32H7xx_HAL_Driver/Src/stm32h7xx_hal_uart.c.obj
                0x0000000090009090                UART_SetConfig
 .text.UART_AdvFeatureConfig
                0x0000000090009684       0xca CMakeFiles/STM32H750XBH6_7_Cache_test.elf.dir/Drivers/STM32H7xx_HAL_Driver/Src/stm32h7xx_hal_uart.c.obj
                0x0000000090009684                UART_AdvFeatureConfig
 .text.UART_WaitOnFlagUntilTimeout
                0x000000009000974e       0x9a CMakeFiles/STM32H750XBH6_7_Cache_test.elf.dir/Drivers/STM32H7xx_HAL_Driver/Src/stm32h7xx_hal_uart.c.obj
                0x000000009000974e                UART_WaitOnFlagUntilTimeout
 .text.HAL_UART_Transmit
                0x00000000900097e8       0xd0 CMakeFiles/STM32H750XBH6_7_Cache_test.elf.dir/Drivers/STM32H7xx_HAL_Driver/Src/stm32h7xx_hal_uart.c.obj
                0x00000000900097e8                HAL_UART_Transmit
 .text.UART_CheckIdleState
                0x00000000900098b8       0xca CMakeFiles/STM32H750XBH6_7_Cache_test.elf.dir/Drivers/STM32H7xx_HAL_Driver/Src/stm32h7xx_hal_uart.c.obj
                0x00000000900098b8                UART_CheckIdleState
 .text.HAL_UART_Init
                0x0000000090009982       0x66 CMakeFiles/STM32H750XBH6_7_Cache_test.elf.dir/Drivers/STM32H7xx_HAL_Driver/Src/stm32h7xx_hal_uart.c.obj
                0x0000000090009982                HAL_UART_Init
 .text.UARTEx_SetNbDataToProcess
                0x00000000900099e8       0x4c CMakeFiles/STM32H750XBH6_7_Cache_test.elf.dir/Drivers/STM32H7xx_HAL_Driver/Src/stm32h7xx_hal_uart_ex.c.obj
 .text.HAL_UARTEx_WakeupCallback
                0x0000000090009a34        0x2 CMakeFiles/STM32H750XBH6_7_Cache_test.elf.dir/Drivers/STM32H7xx_HAL_Driver/Src/stm32h7xx_hal_uart_ex.c.obj
                0x0000000090009a34                HAL_UARTEx_WakeupCallback
 .text.HAL_UARTEx_RxFifoFullCallback
                0x0000000090009a36        0x2 CMakeFiles/STM32H750XBH6_7_Cache_test.elf.dir/Drivers/STM32H7xx_HAL_Driver/Src/stm32h7xx_hal_uart_ex.c.obj
                0x0000000090009a36                HAL_UARTEx_RxFifoFullCallback
 .text.HAL_UARTEx_TxFifoEmptyCallback
                0x0000000090009a38        0x2 CMakeFiles/STM32H750XBH6_7_Cache_test.elf.dir/Drivers/STM32H7xx_HAL_Driver/Src/stm32h7xx_hal_uart_ex.c.obj
                0x0000000090009a38                HAL_UARTEx_TxFifoEmptyCallback
 .text.HAL_UARTEx_DisableFifoMode
                0x0000000090009a3a       0x3e CMakeFiles/STM32H750XBH6_7_Cache_test.elf.dir/Drivers/STM32H7xx_HAL_Driver/Src/stm32h7xx_hal_uart_ex.c.obj
                0x0000000090009a3a                HAL_UARTEx_DisableFifoMode
 .text.HAL_UARTEx_SetTxFifoThreshold
                0x0000000090009a78       0x4a CMakeFiles/STM32H750XBH6_7_Cache_test.elf.dir/Drivers/STM32H7xx_HAL_Driver/Src/stm32h7xx_hal_uart_ex.c.obj
                0x0000000090009a78                HAL_UARTEx_SetTxFifoThreshold
 .text.HAL_UARTEx_SetRxFifoThreshold
                0x0000000090009ac2       0x4a CMakeFiles/STM32H750XBH6_7_Cache_test.elf.dir/Drivers/STM32H7xx_HAL_Driver/Src/stm32h7xx_hal_uart_ex.c.obj
                0x0000000090009ac2                HAL_UARTEx_SetRxFifoThreshold
 .text.FMC_SDRAM_Init
                0x0000000090009b0c       0x74 CMakeFiles/STM32H750XBH6_7_Cache_test.elf.dir/Drivers/STM32H7xx_HAL_Driver/Src/stm32h7xx_ll_fmc.c.obj
                0x0000000090009b0c                FMC_SDRAM_Init
 .text.FMC_SDRAM_Timing_Init
                0x0000000090009b80       0xb4 CMakeFiles/STM32H750XBH6_7_Cache_test.elf.dir/Drivers/STM32H7xx_HAL_Driver/Src/stm32h7xx_ll_fmc.c.obj
                0x0000000090009b80                FMC_SDRAM_Timing_Init
 .text.FMC_SDRAM_SendCommand
                0x0000000090009c34       0x2c CMakeFiles/STM32H750XBH6_7_Cache_test.elf.dir/Drivers/STM32H7xx_HAL_Driver/Src/stm32h7xx_ll_fmc.c.obj
                0x0000000090009c34                FMC_SDRAM_SendCommand
 .text.FMC_SDRAM_ProgramRefreshRate
                0x0000000090009c60       0x14 CMakeFiles/STM32H750XBH6_7_Cache_test.elf.dir/Drivers/STM32H7xx_HAL_Driver/Src/stm32h7xx_ll_fmc.c.obj
                0x0000000090009c60                FMC_SDRAM_ProgramRefreshRate
 .text.SDMMC_GetCmdError
                0x0000000090009c74       0x3c CMakeFiles/STM32H750XBH6_7_Cache_test.elf.dir/Drivers/STM32H7xx_HAL_Driver/Src/stm32h7xx_ll_sdmmc.c.obj
 .text.SDMMC_Init
                0x0000000090009cb0       0x30 CMakeFiles/STM32H750XBH6_7_Cache_test.elf.dir/Drivers/STM32H7xx_HAL_Driver/Src/stm32h7xx_ll_sdmmc.c.obj
                0x0000000090009cb0                SDMMC_Init
 .text.SDMMC_ReadFIFO
                0x0000000090009ce0        0x6 CMakeFiles/STM32H750XBH6_7_Cache_test.elf.dir/Drivers/STM32H7xx_HAL_Driver/Src/stm32h7xx_ll_sdmmc.c.obj
                0x0000000090009ce0                SDMMC_ReadFIFO
 .text.SDMMC_WriteFIFO
                0x0000000090009ce6        0xa CMakeFiles/STM32H750XBH6_7_Cache_test.elf.dir/Drivers/STM32H7xx_HAL_Driver/Src/stm32h7xx_ll_sdmmc.c.obj
                0x0000000090009ce6                SDMMC_WriteFIFO
 .text.SDMMC_PowerState_ON
                0x0000000090009cf0        0xc CMakeFiles/STM32H750XBH6_7_Cache_test.elf.dir/Drivers/STM32H7xx_HAL_Driver/Src/stm32h7xx_ll_sdmmc.c.obj
                0x0000000090009cf0                SDMMC_PowerState_ON
 .text.SDMMC_GetPowerState
                0x0000000090009cfc        0x8 CMakeFiles/STM32H750XBH6_7_Cache_test.elf.dir/Drivers/STM32H7xx_HAL_Driver/Src/stm32h7xx_ll_sdmmc.c.obj
                0x0000000090009cfc                SDMMC_GetPowerState
 .text.SDMMC_SendCommand
                0x0000000090009d04       0x24 CMakeFiles/STM32H750XBH6_7_Cache_test.elf.dir/Drivers/STM32H7xx_HAL_Driver/Src/stm32h7xx_ll_sdmmc.c.obj
                0x0000000090009d04                SDMMC_SendCommand
 .text.SDMMC_GetCommandResponse
                0x0000000090009d28        0x6 CMakeFiles/STM32H750XBH6_7_Cache_test.elf.dir/Drivers/STM32H7xx_HAL_Driver/Src/stm32h7xx_ll_sdmmc.c.obj
                0x0000000090009d28                SDMMC_GetCommandResponse
 .text.SDMMC_GetResponse
                0x0000000090009d2e        0x6 CMakeFiles/STM32H750XBH6_7_Cache_test.elf.dir/Drivers/STM32H7xx_HAL_Driver/Src/stm32h7xx_ll_sdmmc.c.obj
                0x0000000090009d2e                SDMMC_GetResponse
 .text.SDMMC_ConfigData
                0x0000000090009d34       0x24 CMakeFiles/STM32H750XBH6_7_Cache_test.elf.dir/Drivers/STM32H7xx_HAL_Driver/Src/stm32h7xx_ll_sdmmc.c.obj
                0x0000000090009d34                SDMMC_ConfigData
 .text.SDMMC_CmdGoIdleState
                0x0000000090009d58       0x26 CMakeFiles/STM32H750XBH6_7_Cache_test.elf.dir/Drivers/STM32H7xx_HAL_Driver/Src/stm32h7xx_ll_sdmmc.c.obj
                0x0000000090009d58                SDMMC_CmdGoIdleState
 *fill*         0x0000000090009d7e        0x2 
 .text.SDMMC_GetCmdResp1
                0x0000000090009d80      0x160 CMakeFiles/STM32H750XBH6_7_Cache_test.elf.dir/Drivers/STM32H7xx_HAL_Driver/Src/stm32h7xx_ll_sdmmc.c.obj
                0x0000000090009d80                SDMMC_GetCmdResp1
 .text.SDMMC_CmdBlockLength
                0x0000000090009ee0       0x32 CMakeFiles/STM32H750XBH6_7_Cache_test.elf.dir/Drivers/STM32H7xx_HAL_Driver/Src/stm32h7xx_ll_sdmmc.c.obj
                0x0000000090009ee0                SDMMC_CmdBlockLength
 .text.SDMMC_CmdReadSingleBlock
                0x0000000090009f12       0x32 CMakeFiles/STM32H750XBH6_7_Cache_test.elf.dir/Drivers/STM32H7xx_HAL_Driver/Src/stm32h7xx_ll_sdmmc.c.obj
                0x0000000090009f12                SDMMC_CmdReadSingleBlock
 .text.SDMMC_CmdReadMultiBlock
                0x0000000090009f44       0x32 CMakeFiles/STM32H750XBH6_7_Cache_test.elf.dir/Drivers/STM32H7xx_HAL_Driver/Src/stm32h7xx_ll_sdmmc.c.obj
                0x0000000090009f44                SDMMC_CmdReadMultiBlock
 .text.SDMMC_CmdWriteSingleBlock
                0x0000000090009f76       0x32 CMakeFiles/STM32H750XBH6_7_Cache_test.elf.dir/Drivers/STM32H7xx_HAL_Driver/Src/stm32h7xx_ll_sdmmc.c.obj
                0x0000000090009f76                SDMMC_CmdWriteSingleBlock
 .text.SDMMC_CmdWriteMultiBlock
                0x0000000090009fa8       0x32 CMakeFiles/STM32H750XBH6_7_Cache_test.elf.dir/Drivers/STM32H7xx_HAL_Driver/Src/stm32h7xx_ll_sdmmc.c.obj
                0x0000000090009fa8                SDMMC_CmdWriteMultiBlock
 *fill*         0x0000000090009fda        0x2 
 .text.SDMMC_CmdStopTransfer
                0x0000000090009fdc       0x58 CMakeFiles/STM32H750XBH6_7_Cache_test.elf.dir/Drivers/STM32H7xx_HAL_Driver/Src/stm32h7xx_ll_sdmmc.c.obj
                0x0000000090009fdc                SDMMC_CmdStopTransfer
 .text.SDMMC_CmdSelDesel
                0x000000009000a034       0x32 CMakeFiles/STM32H750XBH6_7_Cache_test.elf.dir/Drivers/STM32H7xx_HAL_Driver/Src/stm32h7xx_ll_sdmmc.c.obj
                0x000000009000a034                SDMMC_CmdSelDesel
 .text.SDMMC_CmdAppCommand
                0x000000009000a066       0x32 CMakeFiles/STM32H750XBH6_7_Cache_test.elf.dir/Drivers/STM32H7xx_HAL_Driver/Src/stm32h7xx_ll_sdmmc.c.obj
                0x000000009000a066                SDMMC_CmdAppCommand
 .text.SDMMC_CmdBusWidth
                0x000000009000a098       0x32 CMakeFiles/STM32H750XBH6_7_Cache_test.elf.dir/Drivers/STM32H7xx_HAL_Driver/Src/stm32h7xx_ll_sdmmc.c.obj
                0x000000009000a098                SDMMC_CmdBusWidth
 .text.SDMMC_CmdSendSCR
                0x000000009000a0ca       0x32 CMakeFiles/STM32H750XBH6_7_Cache_test.elf.dir/Drivers/STM32H7xx_HAL_Driver/Src/stm32h7xx_ll_sdmmc.c.obj
                0x000000009000a0ca                SDMMC_CmdSendSCR
 .text.SDMMC_CmdSendStatus
                0x000000009000a0fc       0x32 CMakeFiles/STM32H750XBH6_7_Cache_test.elf.dir/Drivers/STM32H7xx_HAL_Driver/Src/stm32h7xx_ll_sdmmc.c.obj
                0x000000009000a0fc                SDMMC_CmdSendStatus
 .text.SDMMC_CmdStatusRegister
                0x000000009000a12e       0x32 CMakeFiles/STM32H750XBH6_7_Cache_test.elf.dir/Drivers/STM32H7xx_HAL_Driver/Src/stm32h7xx_ll_sdmmc.c.obj
                0x000000009000a12e                SDMMC_CmdStatusRegister
 .text.SDMMC_GetCmdResp2
                0x000000009000a160       0x60 CMakeFiles/STM32H750XBH6_7_Cache_test.elf.dir/Drivers/STM32H7xx_HAL_Driver/Src/stm32h7xx_ll_sdmmc.c.obj
                0x000000009000a160                SDMMC_GetCmdResp2
 .text.SDMMC_CmdSendCID
                0x000000009000a1c0       0x2c CMakeFiles/STM32H750XBH6_7_Cache_test.elf.dir/Drivers/STM32H7xx_HAL_Driver/Src/stm32h7xx_ll_sdmmc.c.obj
                0x000000009000a1c0                SDMMC_CmdSendCID
 .text.SDMMC_CmdSendCSD
                0x000000009000a1ec       0x2c CMakeFiles/STM32H750XBH6_7_Cache_test.elf.dir/Drivers/STM32H7xx_HAL_Driver/Src/stm32h7xx_ll_sdmmc.c.obj
                0x000000009000a1ec                SDMMC_CmdSendCSD
 .text.SDMMC_GetCmdResp3
                0x000000009000a218       0x50 CMakeFiles/STM32H750XBH6_7_Cache_test.elf.dir/Drivers/STM32H7xx_HAL_Driver/Src/stm32h7xx_ll_sdmmc.c.obj
                0x000000009000a218                SDMMC_GetCmdResp3
 .text.SDMMC_CmdAppOperCommand
                0x000000009000a268       0x2c CMakeFiles/STM32H750XBH6_7_Cache_test.elf.dir/Drivers/STM32H7xx_HAL_Driver/Src/stm32h7xx_ll_sdmmc.c.obj
                0x000000009000a268                SDMMC_CmdAppOperCommand
 .text.SDMMC_GetCmdResp6
                0x000000009000a294       0xa4 CMakeFiles/STM32H750XBH6_7_Cache_test.elf.dir/Drivers/STM32H7xx_HAL_Driver/Src/stm32h7xx_ll_sdmmc.c.obj
                0x000000009000a294                SDMMC_GetCmdResp6
 .text.SDMMC_CmdSetRelAdd
                0x000000009000a338       0x32 CMakeFiles/STM32H750XBH6_7_Cache_test.elf.dir/Drivers/STM32H7xx_HAL_Driver/Src/stm32h7xx_ll_sdmmc.c.obj
                0x000000009000a338                SDMMC_CmdSetRelAdd
 *fill*         0x000000009000a36a        0x2 
 .text.SDMMC_GetCmdResp7
                0x000000009000a36c       0x64 CMakeFiles/STM32H750XBH6_7_Cache_test.elf.dir/Drivers/STM32H7xx_HAL_Driver/Src/stm32h7xx_ll_sdmmc.c.obj
                0x000000009000a36c                SDMMC_GetCmdResp7
 .text.SDMMC_CmdOperCond
                0x000000009000a3d0       0x30 CMakeFiles/STM32H750XBH6_7_Cache_test.elf.dir/Drivers/STM32H7xx_HAL_Driver/Src/stm32h7xx_ll_sdmmc.c.obj
                0x000000009000a3d0                SDMMC_CmdOperCond
 .text.MX_FATFS_Init
                0x000000009000a400       0x1c CMakeFiles/STM32H750XBH6_7_Cache_test.elf.dir/FATFS/App/fatfs.c.obj
                0x000000009000a400                MX_FATFS_Init
 .text.BSP_SD_ReadBlocks
                0x000000009000a41c       0x20 CMakeFiles/STM32H750XBH6_7_Cache_test.elf.dir/FATFS/Target/bsp_driver_sd.c.obj
                0x000000009000a41c                BSP_SD_ReadBlocks
 .text.BSP_SD_WriteBlocks
                0x000000009000a43c       0x20 CMakeFiles/STM32H750XBH6_7_Cache_test.elf.dir/FATFS/Target/bsp_driver_sd.c.obj
                0x000000009000a43c                BSP_SD_WriteBlocks
 .text.BSP_SD_GetCardState
                0x000000009000a45c       0x14 CMakeFiles/STM32H750XBH6_7_Cache_test.elf.dir/FATFS/Target/bsp_driver_sd.c.obj
                0x000000009000a45c                BSP_SD_GetCardState
 .text.BSP_SD_GetCardInfo
                0x000000009000a470       0x10 CMakeFiles/STM32H750XBH6_7_Cache_test.elf.dir/FATFS/Target/bsp_driver_sd.c.obj
                0x000000009000a470                BSP_SD_GetCardInfo
 .text.BSP_SD_WriteCpltCallback
                0x000000009000a480        0x2 CMakeFiles/STM32H750XBH6_7_Cache_test.elf.dir/FATFS/Target/bsp_driver_sd.c.obj
                0x000000009000a480                BSP_SD_WriteCpltCallback
 .text.HAL_SD_TxCpltCallback
                0x000000009000a482        0x8 CMakeFiles/STM32H750XBH6_7_Cache_test.elf.dir/FATFS/Target/bsp_driver_sd.c.obj
                0x000000009000a482                HAL_SD_TxCpltCallback
 .text.BSP_SD_ReadCpltCallback
                0x000000009000a48a        0x2 CMakeFiles/STM32H750XBH6_7_Cache_test.elf.dir/FATFS/Target/bsp_driver_sd.c.obj
                0x000000009000a48a                BSP_SD_ReadCpltCallback
 .text.HAL_SD_RxCpltCallback
                0x000000009000a48c        0x8 CMakeFiles/STM32H750XBH6_7_Cache_test.elf.dir/FATFS/Target/bsp_driver_sd.c.obj
                0x000000009000a48c                HAL_SD_RxCpltCallback
 .text.BSP_SD_IsDetected
                0x000000009000a494       0x10 CMakeFiles/STM32H750XBH6_7_Cache_test.elf.dir/FATFS/Target/bsp_driver_sd.c.obj
                0x000000009000a494                BSP_SD_IsDetected
 .text.BSP_SD_Init
                0x000000009000a4a4       0x34 CMakeFiles/STM32H750XBH6_7_Cache_test.elf.dir/FATFS/Target/bsp_driver_sd.c.obj
                0x000000009000a4a4                BSP_SD_Init
 .text.SD_CheckStatus
                0x000000009000a4d8       0x24 CMakeFiles/STM32H750XBH6_7_Cache_test.elf.dir/FATFS/Target/sd_diskio.c.obj
 .text.SD_initialize
                0x000000009000a4fc       0x28 CMakeFiles/STM32H750XBH6_7_Cache_test.elf.dir/FATFS/Target/sd_diskio.c.obj
                0x000000009000a4fc                SD_initialize
 .text.SD_status
                0x000000009000a524        0x8 CMakeFiles/STM32H750XBH6_7_Cache_test.elf.dir/FATFS/Target/sd_diskio.c.obj
                0x000000009000a524                SD_status
 .text.SD_read  0x000000009000a52c       0x24 CMakeFiles/STM32H750XBH6_7_Cache_test.elf.dir/FATFS/Target/sd_diskio.c.obj
                0x000000009000a52c                SD_read
 .text.SD_write
                0x000000009000a550       0x24 CMakeFiles/STM32H750XBH6_7_Cache_test.elf.dir/FATFS/Target/sd_diskio.c.obj
                0x000000009000a550                SD_write
 .text.SD_ioctl
                0x000000009000a574       0x58 CMakeFiles/STM32H750XBH6_7_Cache_test.elf.dir/FATFS/Target/sd_diskio.c.obj
                0x000000009000a574                SD_ioctl
 .text.FATFS_LinkDriverEx
                0x000000009000a5cc       0x54 CMakeFiles/STM32H750XBH6_7_Cache_test.elf.dir/Middlewares/Third_Party/FatFs/src/ff_gen_drv.c.obj
                0x000000009000a5cc                FATFS_LinkDriverEx
 .text.FATFS_LinkDriver
                0x000000009000a620        0xa CMakeFiles/STM32H750XBH6_7_Cache_test.elf.dir/Middlewares/Third_Party/FatFs/src/ff_gen_drv.c.obj
                0x000000009000a620                FATFS_LinkDriver
 *fill*         0x000000009000a62a        0x2 
 .text.startup  0x000000009000a62c       0x14 /usr/lib/gcc/arm-none-eabi/10.3.1/../../../arm-none-eabi/lib/thumb/v7e-m/nofp/libg.a(lib_a-__call_atexit.o)
 *(.glue_7)
 .glue_7        0x000000009000a640        0x0 linker stubs
 *(.glue_7t)
 .glue_7t       0x000000009000a640        0x0 linker stubs
 *(.eh_frame)
 .eh_frame      0x000000009000a640        0x0 /usr/lib/gcc/arm-none-eabi/10.3.1/thumb/v7e-m/nofp/crtbegin.o
 *(.init)
 .init          0x000000009000a640        0x4 /usr/lib/gcc/arm-none-eabi/10.3.1/thumb/v7e-m/nofp/crti.o
                0x000000009000a640                _init
 .init          0x000000009000a644        0x8 /usr/lib/gcc/arm-none-eabi/10.3.1/thumb/v7e-m/nofp/crtn.o
 *(.fini)
 .fini          0x000000009000a64c        0x4 /usr/lib/gcc/arm-none-eabi/10.3.1/thumb/v7e-m/nofp/crti.o
                0x000000009000a64c                _fini
 .fini          0x000000009000a650        0x8 /usr/lib/gcc/arm-none-eabi/10.3.1/thumb/v7e-m/nofp/crtn.o
                0x000000009000a658                . = ALIGN (0x4)
                0x000000009000a658                _etext = .

.vfp11_veneer   0x000000009000a658        0x0
 .vfp11_veneer  0x000000009000a658        0x0 linker stubs

.v4_bx          0x000000009000a658        0x0
 .v4_bx         0x000000009000a658        0x0 linker stubs

.iplt           0x000000009000a658        0x0
 .iplt          0x000000009000a658        0x0 /usr/lib/gcc/arm-none-eabi/10.3.1/thumb/v7e-m/nofp/crtbegin.o

.rodata         0x000000009000a658       0x6c
                0x000000009000a658                . = ALIGN (0x4)
 *(.rodata)
 .rodata        0x000000009000a658        0x4 /usr/lib/gcc/arm-none-eabi/10.3.1/../../../arm-none-eabi/lib/thumb/v7e-m/nofp/libg.a(lib_a-impure.o)
                0x000000009000a658                _global_impure_ptr
 *(.rodata*)
 .rodata.HAL_GPIO_EXTI_Callback.str1.4
                0x000000009000a65c       0x10 CMakeFiles/STM32H750XBH6_7_Cache_test.elf.dir/Core/Src/callback.c.obj
 .rodata.D1CorePrescTable
                0x000000009000a66c       0x10 CMakeFiles/STM32H750XBH6_7_Cache_test.elf.dir/Core/Src/system_stm32h7xx.c.obj
                0x000000009000a66c                D1CorePrescTable
 .rodata.flagBitshiftOffset.0
                0x000000009000a67c        0x8 CMakeFiles/STM32H750XBH6_7_Cache_test.elf.dir/Drivers/STM32H7xx_HAL_Driver/Src/stm32h7xx_hal_dma.c.obj
 .rodata.UARTPrescTable
                0x000000009000a684       0x18 CMakeFiles/STM32H750XBH6_7_Cache_test.elf.dir/Drivers/STM32H7xx_HAL_Driver/Src/stm32h7xx_hal_uart.c.obj
                0x000000009000a684                UARTPrescTable
 .rodata.denominator.0
                0x000000009000a69c        0x8 CMakeFiles/STM32H750XBH6_7_Cache_test.elf.dir/Drivers/STM32H7xx_HAL_Driver/Src/stm32h7xx_hal_uart_ex.c.obj
 .rodata.numerator.1
                0x000000009000a6a4        0x8 CMakeFiles/STM32H750XBH6_7_Cache_test.elf.dir/Drivers/STM32H7xx_HAL_Driver/Src/stm32h7xx_hal_uart_ex.c.obj
 .rodata.SD_Driver
                0x000000009000a6ac       0x14 CMakeFiles/STM32H750XBH6_7_Cache_test.elf.dir/FATFS/Target/sd_diskio.c.obj
                0x000000009000a6ac                SD_Driver
 .rodata.str1.4
                0x000000009000a6c0        0x2 /usr/lib/gcc/arm-none-eabi/10.3.1/../../../arm-none-eabi/lib/thumb/v7e-m/nofp/libg.a(lib_a-puts.o)
                0x000000009000a6c4                . = ALIGN (0x4)
 *fill*         0x000000009000a6c2        0x2 

.ARM.extab
 *(.ARM.extab* .gnu.linkonce.armextab.*)

.ARM            0x000000009000a6c4        0x8
                0x000000009000a6c4                __exidx_start = .
 *(.ARM.exidx*)
 .ARM.exidx     0x000000009000a6c4        0x8 /usr/lib/gcc/arm-none-eabi/10.3.1/thumb/v7e-m/nofp/libgcc.a(_udivmoddi4.o)
                0x000000009000a6cc                __exidx_end = .

.rel.dyn        0x000000009000a6cc        0x0
 .rel.iplt      0x000000009000a6cc        0x0 /usr/lib/gcc/arm-none-eabi/10.3.1/thumb/v7e-m/nofp/crtbegin.o

.preinit_array  0x000000009000a6cc        0x0
                0x000000009000a6cc                PROVIDE (__preinit_array_start = .)
 *(.preinit_array*)
                0x000000009000a6cc                PROVIDE (__preinit_array_end = .)

.init_array     0x000000009000a6cc        0x8
                0x000000009000a6cc                PROVIDE (__init_array_start = .)
 *(SORT_BY_NAME(.init_array.*))
 .init_array.00000
                0x000000009000a6cc        0x4 /usr/lib/gcc/arm-none-eabi/10.3.1/../../../arm-none-eabi/lib/thumb/v7e-m/nofp/libg.a(lib_a-__call_atexit.o)
 *(.init_array*)
 .init_array    0x000000009000a6d0        0x4 /usr/lib/gcc/arm-none-eabi/10.3.1/thumb/v7e-m/nofp/crtbegin.o
                0x000000009000a6d4                PROVIDE (__init_array_end = .)

.fini_array     0x000000009000a6d4        0x4
                0x000000009000a6d4                PROVIDE (__fini_array_start = .)
 *(SORT_BY_NAME(.fini_array.*))
 *(.fini_array*)
 .fini_array    0x000000009000a6d4        0x4 /usr/lib/gcc/arm-none-eabi/10.3.1/thumb/v7e-m/nofp/crtbegin.o
                0x000000009000a6d8                PROVIDE (__fini_array_end = .)
                0x000000009000a6d8                _sidata = LOADADDR (.data)

.data           0x0000000024000000      0x854 load address 0x000000009000a6d8
                0x0000000024000000                . = ALIGN (0x4)
                0x0000000024000000                _sdata = .
 *(.data)
 .data          0x0000000024000000      0x430 /usr/lib/gcc/arm-none-eabi/10.3.1/../../../arm-none-eabi/lib/thumb/v7e-m/nofp/libg.a(lib_a-impure.o)
                0x0000000024000000                _impure_ptr
 .data          0x0000000024000430      0x410 /usr/lib/gcc/arm-none-eabi/10.3.1/../../../arm-none-eabi/lib/thumb/v7e-m/nofp/libg.a(lib_a-mallocr.o)
                0x0000000024000430                __malloc_av_
                0x0000000024000838                __malloc_sbrk_base
                0x000000002400083c                __malloc_trim_threshold
 *(.data*)
 .data.SystemCoreClock
                0x0000000024000840        0x4 CMakeFiles/STM32H750XBH6_7_Cache_test.elf.dir/Core/Src/system_stm32h7xx.c.obj
                0x0000000024000840                SystemCoreClock
 .data.SystemD2Clock
                0x0000000024000844        0x4 CMakeFiles/STM32H750XBH6_7_Cache_test.elf.dir/Core/Src/system_stm32h7xx.c.obj
                0x0000000024000844                SystemD2Clock
 .data.uwTickFreq
                0x0000000024000848        0x1 CMakeFiles/STM32H750XBH6_7_Cache_test.elf.dir/Drivers/STM32H7xx_HAL_Driver/Src/stm32h7xx_hal.c.obj
                0x0000000024000848                uwTickFreq
 *fill*         0x0000000024000849        0x3 
 .data.uwTickPrio
                0x000000002400084c        0x4 CMakeFiles/STM32H750XBH6_7_Cache_test.elf.dir/Drivers/STM32H7xx_HAL_Driver/Src/stm32h7xx_hal.c.obj
                0x000000002400084c                uwTickPrio
 .data.Stat     0x0000000024000850        0x1 CMakeFiles/STM32H750XBH6_7_Cache_test.elf.dir/FATFS/Target/sd_diskio.c.obj
 *(.RamFunc)
 *(.RamFunc*)
                0x0000000024000854                . = ALIGN (0x4)
 *fill*         0x0000000024000851        0x3 
                0x0000000024000854                _edata = .

.tm_clone_table
                0x0000000024000854        0x0 load address 0x000000009000af2c
 .tm_clone_table
                0x0000000024000854        0x0 /usr/lib/gcc/arm-none-eabi/10.3.1/thumb/v7e-m/nofp/crtbegin.o
 .tm_clone_table
                0x0000000024000854        0x0 /usr/lib/gcc/arm-none-eabi/10.3.1/thumb/v7e-m/nofp/crtend.o

.igot.plt       0x0000000024000854        0x0 load address 0x000000009000af2c
 .igot.plt      0x0000000024000854        0x0 /usr/lib/gcc/arm-none-eabi/10.3.1/thumb/v7e-m/nofp/crtbegin.o
                0x0000000024000854                . = ALIGN (0x4)

.bss            0x0000000024000854      0x3b8 load address 0x000000009000af2c
                0x0000000024000854                _sbss = .
                0x0000000024000854                __bss_start__ = _sbss
 *(.bss)
 .bss           0x0000000024000854       0x1c /usr/lib/gcc/arm-none-eabi/10.3.1/thumb/v7e-m/nofp/crtbegin.o
 .bss           0x0000000024000870       0x34 /usr/lib/gcc/arm-none-eabi/10.3.1/../../../arm-none-eabi/lib/thumb/v7e-m/nofp/libg.a(lib_a-mallocr.o)
                0x0000000024000870                __malloc_top_pad
                0x0000000024000874                __malloc_current_mallinfo
                0x000000002400089c                __malloc_max_sbrked_mem
                0x00000000240008a0                __malloc_max_total_mem
 .bss           0x00000000240008a4        0x4 /usr/lib/gcc/arm-none-eabi/10.3.1/../../../arm-none-eabi/lib/thumb/v7e-m/nofp/libg.a(lib_a-reent.o)
                0x00000000240008a4                errno
 *(.bss*)
 .bss.hdma2d    0x00000000240008a8       0x68 CMakeFiles/STM32H750XBH6_7_Cache_test.elf.dir/Core/Src/dma2d.c.obj
                0x00000000240008a8                hdma2d
 .bss.FMC_Initialized
                0x0000000024000910        0x4 CMakeFiles/STM32H750XBH6_7_Cache_test.elf.dir/Core/Src/fmc.c.obj
 .bss.hsdram1   0x0000000024000914       0x34 CMakeFiles/STM32H750XBH6_7_Cache_test.elf.dir/Core/Src/fmc.c.obj
                0x0000000024000914                hsdram1
 .bss.hltdc     0x0000000024000948       0xa8 CMakeFiles/STM32H750XBH6_7_Cache_test.elf.dir/Core/Src/ltdc.c.obj
                0x0000000024000948                hltdc
 .bss.hsd1      0x00000000240009f0       0x7c CMakeFiles/STM32H750XBH6_7_Cache_test.elf.dir/Core/Src/sdmmc.c.obj
                0x00000000240009f0                hsd1
 .bss.__sbrk_heap_end
                0x0000000024000a6c        0x4 CMakeFiles/STM32H750XBH6_7_Cache_test.elf.dir/Core/Src/sysmem.c.obj
 .bss.hdma_uart4_rx
                0x0000000024000a70       0x78 CMakeFiles/STM32H750XBH6_7_Cache_test.elf.dir/Core/Src/usart.c.obj
                0x0000000024000a70                hdma_uart4_rx
 .bss.hdma_uart4_tx
                0x0000000024000ae8       0x78 CMakeFiles/STM32H750XBH6_7_Cache_test.elf.dir/Core/Src/usart.c.obj
                0x0000000024000ae8                hdma_uart4_tx
 .bss.huart4    0x0000000024000b60       0x94 CMakeFiles/STM32H750XBH6_7_Cache_test.elf.dir/Core/Src/usart.c.obj
                0x0000000024000b60                huart4
 .bss.uwTick    0x0000000024000bf4        0x4 CMakeFiles/STM32H750XBH6_7_Cache_test.elf.dir/Drivers/STM32H7xx_HAL_Driver/Src/stm32h7xx_hal.c.obj
                0x0000000024000bf4                uwTick
 .bss.SDPath    0x0000000024000bf8        0x4 CMakeFiles/STM32H750XBH6_7_Cache_test.elf.dir/FATFS/App/fatfs.c.obj
                0x0000000024000bf8                SDPath
 .bss.retSD     0x0000000024000bfc        0x1 CMakeFiles/STM32H750XBH6_7_Cache_test.elf.dir/FATFS/App/fatfs.c.obj
                0x0000000024000bfc                retSD
 *fill*         0x0000000024000bfd        0x3 
 .bss.disk      0x0000000024000c00        0xc CMakeFiles/STM32H750XBH6_7_Cache_test.elf.dir/Middlewares/Third_Party/FatFs/src/ff_gen_drv.c.obj
                0x0000000024000c00                disk
 *(COMMON)
                0x0000000024000c0c                . = ALIGN (0x4)
                0x0000000024000c0c                _ebss = .
                0x0000000024000c0c                __bss_end__ = _ebss

._user_heap_stack
                0x0000000024000c0c    0x1e004 load address 0x000000009000af2c
                0x0000000024000c10                . = ALIGN (0x8)
 *fill*         0x0000000024000c0c        0x4 
                [!provide]                        PROVIDE (end = .)
                0x0000000024000c10                PROVIDE (_end = .)
                0x000000002400fc10                . = (. + _Min_Heap_Size)
 *fill*         0x0000000024000c10     0xf000 
                0x000000002401ec10                . = (. + _Min_Stack_Size)
 *fill*         0x000000002400fc10     0xf000 
                0x000000002401ec10                . = ALIGN (0x8)

/DISCARD/
 libc.a(*)
 libm.a(*)
 libgcc.a(*)

.ARM.attributes
                0x0000000000000000       0x2a
 *(.ARM.attributes)
 .ARM.attributes
                0x0000000000000000       0x1e /usr/lib/gcc/arm-none-eabi/10.3.1/thumb/v7e-m/nofp/crti.o
 .ARM.attributes
                0x000000000000001e       0x2e /usr/lib/gcc/arm-none-eabi/10.3.1/thumb/v7e-m/nofp/crtbegin.o
 .ARM.attributes
                0x000000000000004c       0x2e CMakeFiles/STM32H750XBH6_7_Cache_test.elf.dir/Core/Src/callback.c.obj
 .ARM.attributes
                0x000000000000007a       0x2e CMakeFiles/STM32H750XBH6_7_Cache_test.elf.dir/Core/Src/dma.c.obj
 .ARM.attributes
                0x00000000000000a8       0x2e CMakeFiles/STM32H750XBH6_7_Cache_test.elf.dir/Core/Src/dma2d.c.obj
 .ARM.attributes
                0x00000000000000d6       0x2e CMakeFiles/STM32H750XBH6_7_Cache_test.elf.dir/Core/Src/fmc.c.obj
 .ARM.attributes
                0x0000000000000104       0x2e CMakeFiles/STM32H750XBH6_7_Cache_test.elf.dir/Core/Src/gpio.c.obj
 .ARM.attributes
                0x0000000000000132       0x2e CMakeFiles/STM32H750XBH6_7_Cache_test.elf.dir/Core/Src/ltdc.c.obj
 .ARM.attributes
                0x0000000000000160       0x2e CMakeFiles/STM32H750XBH6_7_Cache_test.elf.dir/Core/Src/main.c.obj
 .ARM.attributes
                0x000000000000018e       0x2e CMakeFiles/STM32H750XBH6_7_Cache_test.elf.dir/Core/Src/sdmmc.c.obj
 .ARM.attributes
                0x00000000000001bc       0x2e CMakeFiles/STM32H750XBH6_7_Cache_test.elf.dir/Core/Src/sdram_fmc_drv.c.obj
 .ARM.attributes
                0x00000000000001ea       0x2e CMakeFiles/STM32H750XBH6_7_Cache_test.elf.dir/Core/Src/stm32h7xx_hal_msp.c.obj
 .ARM.attributes
                0x0000000000000218       0x2e CMakeFiles/STM32H750XBH6_7_Cache_test.elf.dir/Core/Src/stm32h7xx_it.c.obj
 .ARM.attributes
                0x0000000000000246       0x2e CMakeFiles/STM32H750XBH6_7_Cache_test.elf.dir/Core/Src/syscalls.c.obj
 .ARM.attributes
                0x0000000000000274       0x2e CMakeFiles/STM32H750XBH6_7_Cache_test.elf.dir/Core/Src/sysmem.c.obj
 .ARM.attributes
                0x00000000000002a2       0x2e CMakeFiles/STM32H750XBH6_7_Cache_test.elf.dir/Core/Src/system_stm32h7xx.c.obj
 .ARM.attributes
                0x00000000000002d0       0x2e CMakeFiles/STM32H750XBH6_7_Cache_test.elf.dir/Core/Src/usart.c.obj
 .ARM.attributes
                0x00000000000002fe       0x21 CMakeFiles/STM32H750XBH6_7_Cache_test.elf.dir/Core/Startup/startup_stm32h750xbhx.s.obj
 .ARM.attributes
                0x000000000000031f       0x2e CMakeFiles/STM32H750XBH6_7_Cache_test.elf.dir/Drivers/STM32H7xx_HAL_Driver/Src/stm32h7xx_hal.c.obj
 .ARM.attributes
                0x000000000000034d       0x2e CMakeFiles/STM32H750XBH6_7_Cache_test.elf.dir/Drivers/STM32H7xx_HAL_Driver/Src/stm32h7xx_hal_cortex.c.obj
 .ARM.attributes
                0x000000000000037b       0x2e CMakeFiles/STM32H750XBH6_7_Cache_test.elf.dir/Drivers/STM32H7xx_HAL_Driver/Src/stm32h7xx_hal_dma.c.obj
 .ARM.attributes
                0x00000000000003a9       0x2e CMakeFiles/STM32H750XBH6_7_Cache_test.elf.dir/Drivers/STM32H7xx_HAL_Driver/Src/stm32h7xx_hal_dma2d.c.obj
 .ARM.attributes
                0x00000000000003d7       0x2e CMakeFiles/STM32H750XBH6_7_Cache_test.elf.dir/Drivers/STM32H7xx_HAL_Driver/Src/stm32h7xx_hal_gpio.c.obj
 .ARM.attributes
                0x0000000000000405       0x2e CMakeFiles/STM32H750XBH6_7_Cache_test.elf.dir/Drivers/STM32H7xx_HAL_Driver/Src/stm32h7xx_hal_ltdc.c.obj
 .ARM.attributes
                0x0000000000000433       0x2e CMakeFiles/STM32H750XBH6_7_Cache_test.elf.dir/Drivers/STM32H7xx_HAL_Driver/Src/stm32h7xx_hal_pwr_ex.c.obj
 .ARM.attributes
                0x0000000000000461       0x2e CMakeFiles/STM32H750XBH6_7_Cache_test.elf.dir/Drivers/STM32H7xx_HAL_Driver/Src/stm32h7xx_hal_rcc.c.obj
 .ARM.attributes
                0x000000000000048f       0x2e CMakeFiles/STM32H750XBH6_7_Cache_test.elf.dir/Drivers/STM32H7xx_HAL_Driver/Src/stm32h7xx_hal_rcc_ex.c.obj
 .ARM.attributes
                0x00000000000004bd       0x2e CMakeFiles/STM32H750XBH6_7_Cache_test.elf.dir/Drivers/STM32H7xx_HAL_Driver/Src/stm32h7xx_hal_sd.c.obj
 .ARM.attributes
                0x00000000000004eb       0x2e CMakeFiles/STM32H750XBH6_7_Cache_test.elf.dir/Drivers/STM32H7xx_HAL_Driver/Src/stm32h7xx_hal_sdram.c.obj
 .ARM.attributes
                0x0000000000000519       0x2e CMakeFiles/STM32H750XBH6_7_Cache_test.elf.dir/Drivers/STM32H7xx_HAL_Driver/Src/stm32h7xx_hal_uart.c.obj
 .ARM.attributes
                0x0000000000000547       0x2e CMakeFiles/STM32H750XBH6_7_Cache_test.elf.dir/Drivers/STM32H7xx_HAL_Driver/Src/stm32h7xx_hal_uart_ex.c.obj
 .ARM.attributes
                0x0000000000000575       0x2e CMakeFiles/STM32H750XBH6_7_Cache_test.elf.dir/Drivers/STM32H7xx_HAL_Driver/Src/stm32h7xx_ll_fmc.c.obj
 .ARM.attributes
                0x00000000000005a3       0x2e CMakeFiles/STM32H750XBH6_7_Cache_test.elf.dir/Drivers/STM32H7xx_HAL_Driver/Src/stm32h7xx_ll_sdmmc.c.obj
 .ARM.attributes
                0x00000000000005d1       0x2e CMakeFiles/STM32H750XBH6_7_Cache_test.elf.dir/FATFS/App/fatfs.c.obj
 .ARM.attributes
                0x00000000000005ff       0x2e CMakeFiles/STM32H750XBH6_7_Cache_test.elf.dir/FATFS/Target/bsp_driver_sd.c.obj
 .ARM.attributes
                0x000000000000062d       0x2e CMakeFiles/STM32H750XBH6_7_Cache_test.elf.dir/FATFS/Target/sd_diskio.c.obj
 .ARM.attributes
                0x000000000000065b       0x2e CMakeFiles/STM32H750XBH6_7_Cache_test.elf.dir/Middlewares/Third_Party/FatFs/src/ff_gen_drv.c.obj
 .ARM.attributes
                0x0000000000000689       0x1e /usr/lib/gcc/arm-none-eabi/10.3.1/thumb/v7e-m/nofp/libgcc.a(_arm_addsubsf3.o)
 .ARM.attributes
                0x00000000000006a7       0x1e /usr/lib/gcc/arm-none-eabi/10.3.1/thumb/v7e-m/nofp/libgcc.a(_arm_muldivsf3.o)
 .ARM.attributes
                0x00000000000006c5       0x1e /usr/lib/gcc/arm-none-eabi/10.3.1/thumb/v7e-m/nofp/libgcc.a(_arm_fixunssfsi.o)
 .ARM.attributes
                0x00000000000006e3       0x1e /usr/lib/gcc/arm-none-eabi/10.3.1/thumb/v7e-m/nofp/libgcc.a(_aeabi_uldivmod.o)
 .ARM.attributes
                0x0000000000000701       0x2e /usr/lib/gcc/arm-none-eabi/10.3.1/thumb/v7e-m/nofp/libgcc.a(_udivmoddi4.o)
 .ARM.attributes
                0x000000000000072f       0x1e /usr/lib/gcc/arm-none-eabi/10.3.1/thumb/v7e-m/nofp/libgcc.a(_dvmd_tls.o)
 .ARM.attributes
                0x000000000000074d       0x2e /usr/lib/gcc/arm-none-eabi/10.3.1/../../../arm-none-eabi/lib/thumb/v7e-m/nofp/libg.a(lib_a-atexit.o)
 .ARM.attributes
                0x000000000000077b       0x2e /usr/lib/gcc/arm-none-eabi/10.3.1/../../../arm-none-eabi/lib/thumb/v7e-m/nofp/libg.a(lib_a-errno.o)
 .ARM.attributes
                0x00000000000007a9       0x2e /usr/lib/gcc/arm-none-eabi/10.3.1/../../../arm-none-eabi/lib/thumb/v7e-m/nofp/libg.a(lib_a-fini.o)
 .ARM.attributes
                0x00000000000007d7       0x2e /usr/lib/gcc/arm-none-eabi/10.3.1/../../../arm-none-eabi/lib/thumb/v7e-m/nofp/libg.a(lib_a-impure.o)
 .ARM.attributes
                0x0000000000000805       0x2e /usr/lib/gcc/arm-none-eabi/10.3.1/../../../arm-none-eabi/lib/thumb/v7e-m/nofp/libg.a(lib_a-init.o)
 .ARM.attributes
                0x0000000000000833       0x2e /usr/lib/gcc/arm-none-eabi/10.3.1/../../../arm-none-eabi/lib/thumb/v7e-m/nofp/libg.a(lib_a-memset.o)
 .ARM.attributes
                0x0000000000000861       0x2e /usr/lib/gcc/arm-none-eabi/10.3.1/../../../arm-none-eabi/lib/thumb/v7e-m/nofp/libg.a(lib_a-puts.o)
 .ARM.attributes
                0x000000000000088f       0x1c /usr/lib/gcc/arm-none-eabi/10.3.1/../../../arm-none-eabi/lib/thumb/v7e-m/nofp/libg.a(lib_a-strlen.o)
 .ARM.attributes
                0x00000000000008ab       0x2e /usr/lib/gcc/arm-none-eabi/10.3.1/../../../arm-none-eabi/lib/thumb/v7e-m/nofp/libg.a(lib_a-wsetup.o)
 .ARM.attributes
                0x00000000000008d9       0x2e /usr/lib/gcc/arm-none-eabi/10.3.1/../../../arm-none-eabi/lib/thumb/v7e-m/nofp/libg.a(lib_a-__atexit.o)
 .ARM.attributes
                0x0000000000000907       0x2e /usr/lib/gcc/arm-none-eabi/10.3.1/../../../arm-none-eabi/lib/thumb/v7e-m/nofp/libg.a(lib_a-__call_atexit.o)
 .ARM.attributes
                0x0000000000000935       0x2e /usr/lib/gcc/arm-none-eabi/10.3.1/../../../arm-none-eabi/lib/thumb/v7e-m/nofp/libg.a(lib_a-fflush.o)
 .ARM.attributes
                0x0000000000000963       0x2e /usr/lib/gcc/arm-none-eabi/10.3.1/../../../arm-none-eabi/lib/thumb/v7e-m/nofp/libg.a(lib_a-findfp.o)
 .ARM.attributes
                0x0000000000000991       0x2e /usr/lib/gcc/arm-none-eabi/10.3.1/../../../arm-none-eabi/lib/thumb/v7e-m/nofp/libg.a(lib_a-freer.o)
 .ARM.attributes
                0x00000000000009bf       0x2e /usr/lib/gcc/arm-none-eabi/10.3.1/../../../arm-none-eabi/lib/thumb/v7e-m/nofp/libg.a(lib_a-fvwrite.o)
 .ARM.attributes
                0x00000000000009ed       0x2e /usr/lib/gcc/arm-none-eabi/10.3.1/../../../arm-none-eabi/lib/thumb/v7e-m/nofp/libg.a(lib_a-fwalk.o)
 .ARM.attributes
                0x0000000000000a1b       0x2e /usr/lib/gcc/arm-none-eabi/10.3.1/../../../arm-none-eabi/lib/thumb/v7e-m/nofp/libg.a(lib_a-makebuf.o)
 .ARM.attributes
                0x0000000000000a49       0x2e /usr/lib/gcc/arm-none-eabi/10.3.1/../../../arm-none-eabi/lib/thumb/v7e-m/nofp/libg.a(lib_a-mallocr.o)
 .ARM.attributes
                0x0000000000000a77       0x1c /usr/lib/gcc/arm-none-eabi/10.3.1/../../../arm-none-eabi/lib/thumb/v7e-m/nofp/libg.a(lib_a-memchr.o)
 .ARM.attributes
                0x0000000000000a93       0x1c /usr/lib/gcc/arm-none-eabi/10.3.1/../../../arm-none-eabi/lib/thumb/v7e-m/nofp/libg.a(lib_a-memcpy.o)
 .ARM.attributes
                0x0000000000000aaf       0x2e /usr/lib/gcc/arm-none-eabi/10.3.1/../../../arm-none-eabi/lib/thumb/v7e-m/nofp/libg.a(lib_a-memmove.o)
 .ARM.attributes
                0x0000000000000add       0x2e /usr/lib/gcc/arm-none-eabi/10.3.1/../../../arm-none-eabi/lib/thumb/v7e-m/nofp/libg.a(lib_a-mlock.o)
 .ARM.attributes
                0x0000000000000b0b       0x2e /usr/lib/gcc/arm-none-eabi/10.3.1/../../../arm-none-eabi/lib/thumb/v7e-m/nofp/libg.a(lib_a-reallocr.o)
 .ARM.attributes
                0x0000000000000b39       0x2e /usr/lib/gcc/arm-none-eabi/10.3.1/../../../arm-none-eabi/lib/thumb/v7e-m/nofp/libg.a(lib_a-sbrkr.o)
 .ARM.attributes
                0x0000000000000b67       0x2e /usr/lib/gcc/arm-none-eabi/10.3.1/../../../arm-none-eabi/lib/thumb/v7e-m/nofp/libg.a(lib_a-stdio.o)
 .ARM.attributes
                0x0000000000000b95       0x2e /usr/lib/gcc/arm-none-eabi/10.3.1/../../../arm-none-eabi/lib/thumb/v7e-m/nofp/libg.a(lib_a-writer.o)
 .ARM.attributes
                0x0000000000000bc3       0x2e /usr/lib/gcc/arm-none-eabi/10.3.1/../../../arm-none-eabi/lib/thumb/v7e-m/nofp/libg.a(lib_a-closer.o)
 .ARM.attributes
                0x0000000000000bf1       0x2e /usr/lib/gcc/arm-none-eabi/10.3.1/../../../arm-none-eabi/lib/thumb/v7e-m/nofp/libg.a(lib_a-fclose.o)
 .ARM.attributes
                0x0000000000000c1f       0x2e /usr/lib/gcc/arm-none-eabi/10.3.1/../../../arm-none-eabi/lib/thumb/v7e-m/nofp/libg.a(lib_a-fstatr.o)
 .ARM.attributes
                0x0000000000000c4d       0x2e /usr/lib/gcc/arm-none-eabi/10.3.1/../../../arm-none-eabi/lib/thumb/v7e-m/nofp/libg.a(lib_a-isattyr.o)
 .ARM.attributes
                0x0000000000000c7b       0x2e /usr/lib/gcc/arm-none-eabi/10.3.1/../../../arm-none-eabi/lib/thumb/v7e-m/nofp/libg.a(lib_a-lseekr.o)
 .ARM.attributes