Archive member included to satisfy reference by file (symbol)

/usr/lib/gcc/arm-none-eabi/10.3.1/thumb/v7e-m/nofp/libgcc.a(_arm_mulsf3.o)
                              CMakeFiles/test.elf.dir/Core/Src/system_stm32h7xx.c.obj (__aeabi_fmul)
/usr/lib/gcc/arm-none-eabi/10.3.1/thumb/v7e-m/nofp/libgcc.a(_arm_addsubsf3.o)
                              CMakeFiles/test.elf.dir/Core/Src/system_stm32h7xx.c.obj (__aeabi_fadd)
/usr/lib/gcc/arm-none-eabi/10.3.1/thumb/v7e-m/nofp/libgcc.a(_arm_muldivsf3.o)
                              CMakeFiles/test.elf.dir/Core/Src/system_stm32h7xx.c.obj (__aeabi_fdiv)
/usr/lib/gcc/arm-none-eabi/10.3.1/thumb/v7e-m/nofp/libgcc.a(_arm_fixunssfsi.o)
                              CMakeFiles/test.elf.dir/Core/Src/system_stm32h7xx.c.obj (__aeabi_f2uiz)
/usr/lib/gcc/arm-none-eabi/10.3.1/../../../arm-none-eabi/lib/thumb/v7e-m/nofp/libg.a(lib_a-atexit.o)
                              /usr/lib/gcc/arm-none-eabi/10.3.1/../../../arm-none-eabi/lib/thumb/v7e-m/nofp/crt0.o (atexit)
/usr/lib/gcc/arm-none-eabi/10.3.1/../../../arm-none-eabi/lib/thumb/v7e-m/nofp/libg.a(lib_a-errno.o)
                              CMakeFiles/test.elf.dir/Core/Src/syscalls.c.obj (__errno)
/usr/lib/gcc/arm-none-eabi/10.3.1/../../../arm-none-eabi/lib/thumb/v7e-m/nofp/libg.a(lib_a-exit.o)
                              /usr/lib/gcc/arm-none-eabi/10.3.1/../../../arm-none-eabi/lib/thumb/v7e-m/nofp/crt0.o (exit)
/usr/lib/gcc/arm-none-eabi/10.3.1/../../../arm-none-eabi/lib/thumb/v7e-m/nofp/libg.a(lib_a-fini.o)
                              /usr/lib/gcc/arm-none-eabi/10.3.1/../../../arm-none-eabi/lib/thumb/v7e-m/nofp/crt0.o (__libc_fini_array)
/usr/lib/gcc/arm-none-eabi/10.3.1/../../../arm-none-eabi/lib/thumb/v7e-m/nofp/libg.a(lib_a-impure.o)
                              /usr/lib/gcc/arm-none-eabi/10.3.1/../../../arm-none-eabi/lib/thumb/v7e-m/nofp/libg.a(lib_a-exit.o) (_global_impure_ptr)
/usr/lib/gcc/arm-none-eabi/10.3.1/../../../arm-none-eabi/lib/thumb/v7e-m/nofp/libg.a(lib_a-init.o)
                              /usr/lib/gcc/arm-none-eabi/10.3.1/../../../arm-none-eabi/lib/thumb/v7e-m/nofp/crt0.o (__libc_init_array)
/usr/lib/gcc/arm-none-eabi/10.3.1/../../../arm-none-eabi/lib/thumb/v7e-m/nofp/libg.a(lib_a-memset.o)
                              /usr/lib/gcc/arm-none-eabi/10.3.1/../../../arm-none-eabi/lib/thumb/v7e-m/nofp/crt0.o (memset)
/usr/lib/gcc/arm-none-eabi/10.3.1/../../../arm-none-eabi/lib/thumb/v7e-m/nofp/libg.a(lib_a-__atexit.o)
                              /usr/lib/gcc/arm-none-eabi/10.3.1/../../../arm-none-eabi/lib/thumb/v7e-m/nofp/libg.a(lib_a-atexit.o) (__register_exitproc)
/usr/lib/gcc/arm-none-eabi/10.3.1/../../../arm-none-eabi/lib/thumb/v7e-m/nofp/libg.a(lib_a-__call_atexit.o)
                              /usr/lib/gcc/arm-none-eabi/10.3.1/../../../arm-none-eabi/lib/thumb/v7e-m/nofp/libg.a(lib_a-exit.o) (__call_exitprocs)

Discarded input sections

 .text          0x0000000000000000        0x0 /usr/lib/gcc/arm-none-eabi/10.3.1/thumb/v7e-m/nofp/crti.o
 .data          0x0000000000000000        0x0 /usr/lib/gcc/arm-none-eabi/10.3.1/thumb/v7e-m/nofp/crti.o
 .bss           0x0000000000000000        0x0 /usr/lib/gcc/arm-none-eabi/10.3.1/thumb/v7e-m/nofp/crti.o
 .data          0x0000000000000000        0x4 /usr/lib/gcc/arm-none-eabi/10.3.1/thumb/v7e-m/nofp/crtbegin.o
 .rodata        0x0000000000000000       0x24 /usr/lib/gcc/arm-none-eabi/10.3.1/thumb/v7e-m/nofp/crtbegin.o
 .text          0x0000000000000000       0x70 /usr/lib/gcc/arm-none-eabi/10.3.1/../../../arm-none-eabi/lib/thumb/v7e-m/nofp/crt0.o
 .data          0x0000000000000000        0x0 /usr/lib/gcc/arm-none-eabi/10.3.1/../../../arm-none-eabi/lib/thumb/v7e-m/nofp/crt0.o
 .bss           0x0000000000000000        0x0 /usr/lib/gcc/arm-none-eabi/10.3.1/../../../arm-none-eabi/lib/thumb/v7e-m/nofp/crt0.o
 .ARM.extab     0x0000000000000000        0x0 /usr/lib/gcc/arm-none-eabi/10.3.1/../../../arm-none-eabi/lib/thumb/v7e-m/nofp/crt0.o
 .ARM.exidx     0x0000000000000000       0x10 /usr/lib/gcc/arm-none-eabi/10.3.1/../../../arm-none-eabi/lib/thumb/v7e-m/nofp/crt0.o
 .debug_line    0x0000000000000000       0x87 /usr/lib/gcc/arm-none-eabi/10.3.1/../../../arm-none-eabi/lib/thumb/v7e-m/nofp/crt0.o
 .debug_info    0x0000000000000000       0x26 /usr/lib/gcc/arm-none-eabi/10.3.1/../../../arm-none-eabi/lib/thumb/v7e-m/nofp/crt0.o
 .debug_abbrev  0x0000000000000000       0x14 /usr/lib/gcc/arm-none-eabi/10.3.1/../../../arm-none-eabi/lib/thumb/v7e-m/nofp/crt0.o
 .debug_aranges
                0x0000000000000000       0x20 /usr/lib/gcc/arm-none-eabi/10.3.1/../../../arm-none-eabi/lib/thumb/v7e-m/nofp/crt0.o
 .debug_str     0x0000000000000000       0x95 /usr/lib/gcc/arm-none-eabi/10.3.1/../../../arm-none-eabi/lib/thumb/v7e-m/nofp/crt0.o
 .ARM.attributes
                0x0000000000000000       0x1c /usr/lib/gcc/arm-none-eabi/10.3.1/../../../arm-none-eabi/lib/thumb/v7e-m/nofp/crt0.o
 .text          0x0000000000000000        0x0 CMakeFiles/test.elf.dir/Core/Src/biu.c.obj
[...]
Memory Configuration

Name             Origin             Length             Attributes
FLASH            0x0000000008000000 0x0000000000020000 xr
DTCMRAM          0x0000000020000000 0x0000000000020000 xrw
RAM_D1           0x0000000024000000 0x0000000000080000 xrw
RAM_D2           0x0000000030000000 0x0000000000048000 xrw
RAM_D3           0x0000000038000000 0x0000000000010000 xrw
ITCMRAM          0x0000000000000000 0x0000000000010000 xrw
*default*        0x0000000000000000 0xffffffffffffffff

Linker script and memory map

LOAD /usr/lib/gcc/arm-none-eabi/10.3.1/thumb/v7e-m/nofp/crti.o
LOAD /usr/lib/gcc/arm-none-eabi/10.3.1/thumb/v7e-m/nofp/crtbegin.o
LOAD /usr/lib/gcc/arm-none-eabi/10.3.1/../../../arm-none-eabi/lib/thumb/v7e-m/nofp/crt0.o
LOAD CMakeFiles/test.elf.dir/Core/Src/biu.c.obj
LOAD CMakeFiles/test.elf.dir/Core/Src/main.c.obj
LOAD CMakeFiles/test.elf.dir/Core/Src/stm32h7xx_hal_msp.c.obj
LOAD CMakeFiles/test.elf.dir/Core/Src/stm32h7xx_it.c.obj
LOAD CMakeFiles/test.elf.dir/Core/Src/syscalls.c.obj
LOAD CMakeFiles/test.elf.dir/Core/Src/sysmem.c.obj
LOAD CMakeFiles/test.elf.dir/Core/Src/system_stm32h7xx.c.obj
LOAD CMakeFiles/test.elf.dir/Core/Startup/startup_stm32h750xbhx.s.obj
LOAD CMakeFiles/test.elf.dir/Drivers/STM32H7xx_HAL_Driver/Src/stm32h7xx_hal.c.obj
LOAD CMakeFiles/test.elf.dir/Drivers/STM32H7xx_HAL_Driver/Src/stm32h7xx_hal_cortex.c.obj
LOAD CMakeFiles/test.elf.dir/Drivers/STM32H7xx_HAL_Driver/Src/stm32h7xx_hal_dma.c.obj
LOAD CMakeFiles/test.elf.dir/Drivers/STM32H7xx_HAL_Driver/Src/stm32h7xx_hal_dma_ex.c.obj
LOAD CMakeFiles/test.elf.dir/Drivers/STM32H7xx_HAL_Driver/Src/stm32h7xx_hal_exti.c.obj
LOAD CMakeFiles/test.elf.dir/Drivers/STM32H7xx_HAL_Driver/Src/stm32h7xx_hal_flash.c.obj
LOAD CMakeFiles/test.elf.dir/Drivers/STM32H7xx_HAL_Driver/Src/stm32h7xx_hal_flash_ex.c.obj
LOAD CMakeFiles/test.elf.dir/Drivers/STM32H7xx_HAL_Driver/Src/stm32h7xx_hal_gpio.c.obj
LOAD CMakeFiles/test.elf.dir/Drivers/STM32H7xx_HAL_Driver/Src/stm32h7xx_hal_hsem.c.obj
LOAD CMakeFiles/test.elf.dir/Drivers/STM32H7xx_HAL_Driver/Src/stm32h7xx_hal_i2c.c.obj
LOAD CMakeFiles/test.elf.dir/Drivers/STM32H7xx_HAL_Driver/Src/stm32h7xx_hal_i2c_ex.c.obj
LOAD CMakeFiles/test.elf.dir/Drivers/STM32H7xx_HAL_Driver/Src/stm32h7xx_hal_mdma.c.obj
LOAD CMakeFiles/test.elf.dir/Drivers/STM32H7xx_HAL_Driver/Src/stm32h7xx_hal_pwr.c.obj
LOAD CMakeFiles/test.elf.dir/Drivers/STM32H7xx_HAL_Driver/Src/stm32h7xx_hal_pwr_ex.c.obj
LOAD CMakeFiles/test.elf.dir/Drivers/STM32H7xx_HAL_Driver/Src/stm32h7xx_hal_rcc.c.obj
LOAD CMakeFiles/test.elf.dir/Drivers/STM32H7xx_HAL_Driver/Src/stm32h7xx_hal_rcc_ex.c.obj
LOAD CMakeFiles/test.elf.dir/Drivers/STM32H7xx_HAL_Driver/Src/stm32h7xx_hal_tim.c.obj
LOAD CMakeFiles/test.elf.dir/Drivers/STM32H7xx_HAL_Driver/Src/stm32h7xx_hal_tim_ex.c.obj
START GROUP
LOAD /usr/lib/gcc/arm-none-eabi/10.3.1/thumb/v7e-m/nofp/libgcc.a
LOAD /usr/lib/gcc/arm-none-eabi/10.3.1/../../../arm-none-eabi/lib/thumb/v7e-m/nofp/libg.a
LOAD /usr/lib/gcc/arm-none-eabi/10.3.1/../../../arm-none-eabi/lib/thumb/v7e-m/nofp/libc.a
END GROUP
LOAD /usr/lib/gcc/arm-none-eabi/10.3.1/thumb/v7e-m/nofp/crtend.o
LOAD /usr/lib/gcc/arm-none-eabi/10.3.1/thumb/v7e-m/nofp/crtn.o
                0x0000000024080000                _estack = (ORIGIN (RAM_D1) + LENGTH (RAM_D1))
                0x0000000000000200                _Min_Heap_Size = 0x200
                0x0000000000000400                _Min_Stack_Size = 0x400

.isr_vector     0x0000000008000000      0x298
                0x0000000008000000                . = ALIGN (0x4)
 *(.isr_vector)
 .isr_vector    0x0000000008000000      0x298 CMakeFiles/test.elf.dir/Core/Startup/startup_stm32h750xbhx.s.obj
                0x0000000008000000                g_pfnVectors
                0x0000000008000298                . = ALIGN (0x4)

.text           0x0000000008000298     0x1684
                0x0000000008000298                . = ALIGN (0x4)
 *(.text)
 .text          0x0000000008000298       0x88 /usr/lib/gcc/arm-none-eabi/10.3.1/thumb/v7e-m/nofp/crtbegin.o
 .text          0x0000000008000320      0x21c /usr/lib/gcc/arm-none-eabi/10.3.1/thumb/v7e-m/nofp/libgcc.a(_arm_addsubsf3.o)
                0x0000000008000320                __aeabi_frsub
                0x0000000008000328                __subsf3
                0x0000000008000328                __aeabi_fsub
                0x000000000800032c                __aeabi_fadd
                0x000000000800032c                __addsf3
                0x000000000800048c                __aeabi_ui2f
                0x000000000800048c                __floatunsisf
                0x0000000008000494                __aeabi_i2f
                0x0000000008000494                __floatsisf
                0x00000000080004b0                __floatundisf
                0x00000000080004b0                __aeabi_ul2f
                0x00000000080004c0                __floatdisf
                0x00000000080004c0                __aeabi_l2f
 .text          0x000000000800053c      0x2a0 /usr/lib/gcc/arm-none-eabi/10.3.1/thumb/v7e-m/nofp/libgcc.a(_arm_muldivsf3.o)
                0x000000000800053c                __mulsf3
                0x000000000800053c                __aeabi_fmul
                0x00000000080006a4                __divsf3
                0x00000000080006a4                __aeabi_fdiv
 .text          0x00000000080007dc       0x40 /usr/lib/gcc/arm-none-eabi/10.3.1/thumb/v7e-m/nofp/libgcc.a(_arm_fixunssfsi.o)
                0x00000000080007dc                __aeabi_f2uiz
                0x00000000080007dc                __fixunssfsi
 .text          0x000000000800081c        0xc /usr/lib/gcc/arm-none-eabi/10.3.1/../../../arm-none-eabi/lib/thumb/v7e-m/nofp/libg.a(lib_a-atexit.o)
                0x000000000800081c                atexit
 .text          0x0000000008000828       0x2c /usr/lib/gcc/arm-none-eabi/10.3.1/../../../arm-none-eabi/lib/thumb/v7e-m/nofp/libg.a(lib_a-fini.o)
                0x0000000008000828                __libc_fini_array
 .text          0x0000000008000854       0x48 /usr/lib/gcc/arm-none-eabi/10.3.1/../../../arm-none-eabi/lib/thumb/v7e-m/nofp/libg.a(lib_a-init.o)
                0x0000000008000854                __libc_init_array
 .text          0x000000000800089c       0xa4 /usr/lib/gcc/arm-none-eabi/10.3.1/../../../arm-none-eabi/lib/thumb/v7e-m/nofp/libg.a(lib_a-memset.o)
                0x000000000800089c                memset
 .text          0x0000000008000940       0x68 /usr/lib/gcc/arm-none-eabi/10.3.1/../../../arm-none-eabi/lib/thumb/v7e-m/nofp/libg.a(lib_a-__atexit.o)
                0x0000000008000940                __register_exitproc
 *(.text*)
 .text.Error_Handler
                0x00000000080009a8        0x4 CMakeFiles/test.elf.dir/Core/Src/main.c.obj
                0x00000000080009a8                Error_Handler
 .text.SystemClock_Config
                0x00000000080009ac       0xa4 CMakeFiles/test.elf.dir/Core/Src/main.c.obj
                0x00000000080009ac                SystemClock_Config
 .text.main     0x0000000008000a50        0xc CMakeFiles/test.elf.dir/Core/Src/main.c.obj
                0x0000000008000a50                main
 .text.HAL_MspInit
                0x0000000008000a5c       0x24 CMakeFiles/test.elf.dir/Core/Src/stm32h7xx_hal_msp.c.obj
                0x0000000008000a5c                HAL_MspInit
 .text.NMI_Handler
                0x0000000008000a80        0x2 CMakeFiles/test.elf.dir/Core/Src/stm32h7xx_it.c.obj
                0x0000000008000a80                NMI_Handler
 .text.HardFault_Handler
                0x0000000008000a82        0x2 CMakeFiles/test.elf.dir/Core/Src/stm32h7xx_it.c.obj
                0x0000000008000a82                HardFault_Handler
 .text.MemManage_Handler
                0x0000000008000a84        0x2 CMakeFiles/test.elf.dir/Core/Src/stm32h7xx_it.c.obj
                0x0000000008000a84                MemManage_Handler
 .text.BusFault_Handler
                0x0000000008000a86        0x2 CMakeFiles/test.elf.dir/Core/Src/stm32h7xx_it.c.obj
                0x0000000008000a86                BusFault_Handler
 .text.UsageFault_Handler
                0x0000000008000a88        0x2 CMakeFiles/test.elf.dir/Core/Src/stm32h7xx_it.c.obj
                0x0000000008000a88                UsageFault_Handler
 .text.SVC_Handler
                0x0000000008000a8a        0x2 CMakeFiles/test.elf.dir/Core/Src/stm32h7xx_it.c.obj
                0x0000000008000a8a                SVC_Handler
 .text.DebugMon_Handler
                0x0000000008000a8c        0x2 CMakeFiles/test.elf.dir/Core/Src/stm32h7xx_it.c.obj
                0x0000000008000a8c                DebugMon_Handler
 .text.PendSV_Handler
                0x0000000008000a8e        0x2 CMakeFiles/test.elf.dir/Core/Src/stm32h7xx_it.c.obj
                0x0000000008000a8e                PendSV_Handler
 .text.SysTick_Handler
                0x0000000008000a90        0x8 CMakeFiles/test.elf.dir/Core/Src/stm32h7xx_it.c.obj
                0x0000000008000a90                SysTick_Handler
 .text.SystemInit
                0x0000000008000a98       0xbc CMakeFiles/test.elf.dir/Core/Src/system_stm32h7xx.c.obj
                0x0000000008000a98                SystemInit
 .text.Reset_Handler
                0x0000000008000b54       0x50 CMakeFiles/test.elf.dir/Core/Startup/startup_stm32h750xbhx.s.obj
                0x0000000008000b54                Reset_Handler
 .text.Default_Handler
                0x0000000008000ba4        0x2 CMakeFiles/test.elf.dir/Core/Startup/startup_stm32h750xbhx.s.obj
                0x0000000008000ba4                RTC_Alarm_IRQHandler
                0x0000000008000ba4                HASH_RNG_IRQHandler
                0x0000000008000ba4                EXTI2_IRQHandler
                0x0000000008000ba4                TIM8_CC_IRQHandler
                0x0000000008000ba4                HRTIM1_Master_IRQHandler
                0x0000000008000ba4                UART8_IRQHandler
                0x0000000008000ba4                SPI4_IRQHandler
                0x0000000008000ba4                TIM1_CC_IRQHandler
                0x0000000008000ba4                BDMA_Channel6_IRQHandler
                0x0000000008000ba4                DMA2_Stream5_IRQHandler
                0x0000000008000ba4                HRTIM1_FLT_IRQHandler
                0x0000000008000ba4                JPEG_IRQHandler
                0x0000000008000ba4                DMA1_Stream5_IRQHandler
                0x0000000008000ba4                BDMA_Channel1_IRQHandler
                0x0000000008000ba4                HRTIM1_TIMD_IRQHandler
                0x0000000008000ba4                TAMP_STAMP_IRQHandler
                0x0000000008000ba4                EXTI3_IRQHandler
                0x0000000008000ba4                LPTIM4_IRQHandler
                0x0000000008000ba4                TIM8_TRG_COM_TIM14_IRQHandler
                0x0000000008000ba4                LPTIM2_IRQHandler
                0x0000000008000ba4                DFSDM1_FLT1_IRQHandler
                0x0000000008000ba4                DMAMUX2_OVR_IRQHandler
                0x0000000008000ba4                TIM8_UP_TIM13_IRQHandler
                0x0000000008000ba4                I2C3_ER_IRQHandler
                0x0000000008000ba4                DFSDM1_FLT2_IRQHandler
                0x0000000008000ba4                MDMA_IRQHandler
                0x0000000008000ba4                LPTIM3_IRQHandler
                0x0000000008000ba4                HSEM1_IRQHandler
                0x0000000008000ba4                EXTI0_IRQHandler
                0x0000000008000ba4                I2C2_EV_IRQHandler
                0x0000000008000ba4                DMA1_Stream2_IRQHandler
                0x0000000008000ba4                FPU_IRQHandler
                0x0000000008000ba4                OTG_HS_WKUP_IRQHandler
                0x0000000008000ba4                FDCAN1_IT1_IRQHandler
                0x0000000008000ba4                LTDC_ER_IRQHandler
                0x0000000008000ba4                DMA2_Stream2_IRQHandler
                0x0000000008000ba4                HRTIM1_TIME_IRQHandler
                0x0000000008000ba4                SPI1_IRQHandler
                0x0000000008000ba4                TIM6_DAC_IRQHandler
                0x0000000008000ba4                DCMI_IRQHandler
                0x0000000008000ba4                HRTIM1_TIMC_IRQHandler
                0x0000000008000ba4                DMA2_Stream3_IRQHandler
                0x0000000008000ba4                SAI2_IRQHandler
                0x0000000008000ba4                DFSDM1_FLT3_IRQHandler
                0x0000000008000ba4                USART6_IRQHandler
                0x0000000008000ba4                TIM17_IRQHandler
                0x0000000008000ba4                USART3_IRQHandler
                0x0000000008000ba4                BDMA_Channel7_IRQHandler
                0x0000000008000ba4                CRYP_IRQHandler
                0x0000000008000ba4                LPTIM5_IRQHandler
                0x0000000008000ba4                UART5_IRQHandler
                0x0000000008000ba4                ADC3_IRQHandler
                0x0000000008000ba4                DMA2_Stream0_IRQHandler
                0x0000000008000ba4                TIM4_IRQHandler
                0x0000000008000ba4                BDMA_Channel2_IRQHandler
                0x0000000008000ba4                QUADSPI_IRQHandler
                0x0000000008000ba4                I2C1_EV_IRQHandler
                0x0000000008000ba4                DMA1_Stream6_IRQHandler
                0x0000000008000ba4                DMAMUX1_OVR_IRQHandler
                0x0000000008000ba4                DMA1_Stream1_IRQHandler
                0x0000000008000ba4                TIM16_IRQHandler
                0x0000000008000ba4                UART4_IRQHandler
                0x0000000008000ba4                BDMA_Channel5_IRQHandler
                0x0000000008000ba4                TIM3_IRQHandler
                0x0000000008000ba4                RCC_IRQHandler
                0x0000000008000ba4                TIM8_BRK_TIM12_IRQHandler
                0x0000000008000ba4                TIM1_TRG_COM_IRQHandler
                0x0000000008000ba4                Default_Handler
                0x0000000008000ba4                ECC_IRQHandler
                0x0000000008000ba4                CEC_IRQHandler
                0x0000000008000ba4                EXTI15_10_IRQHandler
                0x0000000008000ba4                BDMA_Channel0_IRQHandler
                0x0000000008000ba4                ADC_IRQHandler
                0x0000000008000ba4                DMA1_Stream7_IRQHandler
                0x0000000008000ba4                HRTIM1_TIMA_IRQHandler
                0x0000000008000ba4                SPI5_IRQHandler
                0x0000000008000ba4                TIM7_IRQHandler
                0x0000000008000ba4                SDMMC1_IRQHandler
                0x0000000008000ba4                TIM5_IRQHandler
                0x0000000008000ba4                DMA2_Stream7_IRQHandler
                0x0000000008000ba4                TIM15_IRQHandler
                0x0000000008000ba4                PVD_AVD_IRQHandler
                0x0000000008000ba4                I2C3_EV_IRQHandler
                0x0000000008000ba4                EXTI9_5_IRQHandler
                0x0000000008000ba4                RTC_WKUP_IRQHandler
                0x0000000008000ba4                LTDC_IRQHandler
                0x0000000008000ba4                SAI3_IRQHandler
                0x0000000008000ba4                ETH_WKUP_IRQHandler
                0x0000000008000ba4                SPDIF_RX_IRQHandler
                0x0000000008000ba4                SPI2_IRQHandler
                0x0000000008000ba4                OTG_HS_EP1_IN_IRQHandler
                0x0000000008000ba4                DMA1_Stream0_IRQHandler
                0x0000000008000ba4                CRS_IRQHandler
                0x0000000008000ba4                EXTI4_IRQHandler
                0x0000000008000ba4                HRTIM1_TIMB_IRQHandler
                0x0000000008000ba4                FDCAN2_IT1_IRQHandler
                0x0000000008000ba4                ETH_IRQHandler
                0x0000000008000ba4                TIM1_UP_IRQHandler
                0x0000000008000ba4                BDMA_Channel4_IRQHandler
                0x0000000008000ba4                OTG_HS_EP1_OUT_IRQHandler
                0x0000000008000ba4                WWDG_IRQHandler
                0x0000000008000ba4                SPI6_IRQHandler
                0x0000000008000ba4                MDIOS_IRQHandler
                0x0000000008000ba4                I2C4_EV_IRQHandler
                0x0000000008000ba4                FDCAN2_IT0_IRQHandler
                0x0000000008000ba4                LPUART1_IRQHandler
                0x0000000008000ba4                FDCAN1_IT0_IRQHandler
                0x0000000008000ba4                TIM2_IRQHandler
                0x0000000008000ba4                OTG_FS_WKUP_IRQHandler
                0x0000000008000ba4                OTG_HS_IRQHandler
                0x0000000008000ba4                DMA2D_IRQHandler
                0x0000000008000ba4                TIM1_BRK_IRQHandler
                0x0000000008000ba4                EXTI1_IRQHandler
                0x0000000008000ba4                SDMMC2_IRQHandler
                0x0000000008000ba4                OTG_FS_EP1_OUT_IRQHandler
                0x0000000008000ba4                BDMA_Channel3_IRQHandler
                0x0000000008000ba4                UART7_IRQHandler
                0x0000000008000ba4                MDIOS_WKUP_IRQHandler
                0x0000000008000ba4                USART2_IRQHandler
                0x0000000008000ba4                DFSDM1_FLT0_IRQHandler
                0x0000000008000ba4                SAI4_IRQHandler
                0x0000000008000ba4                I2C2_ER_IRQHandler
                0x0000000008000ba4                DMA2_Stream1_IRQHandler
                0x0000000008000ba4                FLASH_IRQHandler
                0x0000000008000ba4                DMA2_Stream4_IRQHandler
                0x0000000008000ba4                USART1_IRQHandler
                0x0000000008000ba4                OTG_FS_IRQHandler
                0x0000000008000ba4                SPI3_IRQHandler
                0x0000000008000ba4                WAKEUP_PIN_IRQHandler
                0x0000000008000ba4                DMA1_Stream4_IRQHandler
                0x0000000008000ba4                OTG_FS_EP1_IN_IRQHandler
                0x0000000008000ba4                I2C1_ER_IRQHandler
                0x0000000008000ba4                FMC_IRQHandler
                0x0000000008000ba4                FDCAN_CAL_IRQHandler
                0x0000000008000ba4                SWPMI1_IRQHandler
                0x0000000008000ba4                COMP1_IRQHandler
                0x0000000008000ba4                LPTIM1_IRQHandler
                0x0000000008000ba4                I2C4_ER_IRQHandler
                0x0000000008000ba4                DMA2_Stream6_IRQHandler
                0x0000000008000ba4                SAI1_IRQHandler
                0x0000000008000ba4                DMA1_Stream3_IRQHandler
 *fill*         0x0000000008000ba6        0x2 
 .text.HAL_InitTick
                0x0000000008000ba8       0x50 CMakeFiles/test.elf.dir/Drivers/STM32H7xx_HAL_Driver/Src/stm32h7xx_hal.c.obj
                0x0000000008000ba8                HAL_InitTick
 .text.HAL_Init
                0x0000000008000bf8       0x5c CMakeFiles/test.elf.dir/Drivers/STM32H7xx_HAL_Driver/Src/stm32h7xx_hal.c.obj
                0x0000000008000bf8                HAL_Init
 .text.HAL_IncTick
                0x0000000008000c54       0x18 CMakeFiles/test.elf.dir/Drivers/STM32H7xx_HAL_Driver/Src/stm32h7xx_hal.c.obj
                0x0000000008000c54                HAL_IncTick
 .text.HAL_GetTick
                0x0000000008000c6c        0xc CMakeFiles/test.elf.dir/Drivers/STM32H7xx_HAL_Driver/Src/stm32h7xx_hal.c.obj
                0x0000000008000c6c                HAL_GetTick
 .text.HAL_GetREVID
                0x0000000008000c78        0xc CMakeFiles/test.elf.dir/Drivers/STM32H7xx_HAL_Driver/Src/stm32h7xx_hal.c.obj
                0x0000000008000c78                HAL_GetREVID
 .text.HAL_NVIC_SetPriorityGrouping
                0x0000000008000c84       0x24 CMakeFiles/test.elf.dir/Drivers/STM32H7xx_HAL_Driver/Src/stm32h7xx_hal_cortex.c.obj
                0x0000000008000c84                HAL_NVIC_SetPriorityGrouping
 .text.HAL_NVIC_SetPriority
                0x0000000008000ca8       0x6c CMakeFiles/test.elf.dir/Drivers/STM32H7xx_HAL_Driver/Src/stm32h7xx_hal_cortex.c.obj
                0x0000000008000ca8                HAL_NVIC_SetPriority
 .text.HAL_SYSTICK_Config
                0x0000000008000d14       0x28 CMakeFiles/test.elf.dir/Drivers/STM32H7xx_HAL_Driver/Src/stm32h7xx_hal_cortex.c.obj
                0x0000000008000d14                HAL_SYSTICK_Config
 .text.HAL_PWREx_ConfigSupply
                0x0000000008000d3c       0x54 CMakeFiles/test.elf.dir/Drivers/STM32H7xx_HAL_Driver/Src/stm32h7xx_hal_pwr_ex.c.obj
                0x0000000008000d3c                HAL_PWREx_ConfigSupply
 .text.HAL_RCC_OscConfig
                0x0000000008000d90      0x6b4 CMakeFiles/test.elf.dir/Drivers/STM32H7xx_HAL_Driver/Src/stm32h7xx_hal_rcc.c.obj
                0x0000000008000d90                HAL_RCC_OscConfig
 .text.HAL_RCC_GetSysClockFreq
                0x0000000008001444      0x218 CMakeFiles/test.elf.dir/Drivers/STM32H7xx_HAL_Driver/Src/stm32h7xx_hal_rcc.c.obj
                0x0000000008001444                HAL_RCC_GetSysClockFreq
 .text.HAL_RCC_ClockConfig
                0x000000000800165c      0x294 CMakeFiles/test.elf.dir/Drivers/STM32H7xx_HAL_Driver/Src/stm32h7xx_hal_rcc.c.obj
                0x000000000800165c                HAL_RCC_ClockConfig
 .text.startup  0x00000000080018f0       0x14 /usr/lib/gcc/arm-none-eabi/10.3.1/../../../arm-none-eabi/lib/thumb/v7e-m/nofp/libg.a(lib_a-__call_atexit.o)
 *(.glue_7)
 .glue_7        0x0000000008001904        0x0 linker stubs
 *(.glue_7t)
 .glue_7t       0x0000000008001904        0x0 linker stubs
 *(.eh_frame)
 .eh_frame      0x0000000008001904        0x0 /usr/lib/gcc/arm-none-eabi/10.3.1/thumb/v7e-m/nofp/crtbegin.o
 *(.init)
 .init          0x0000000008001904        0x4 /usr/lib/gcc/arm-none-eabi/10.3.1/thumb/v7e-m/nofp/crti.o
                0x0000000008001904                _init
 .init          0x0000000008001908        0x8 /usr/lib/gcc/arm-none-eabi/10.3.1/thumb/v7e-m/nofp/crtn.o
 *(.fini)
 .fini          0x0000000008001910        0x4 /usr/lib/gcc/arm-none-eabi/10.3.1/thumb/v7e-m/nofp/crti.o
                0x0000000008001910                _fini
 .fini          0x0000000008001914        0x8 /usr/lib/gcc/arm-none-eabi/10.3.1/thumb/v7e-m/nofp/crtn.o
                0x000000000800191c                . = ALIGN (0x4)
                0x000000000800191c                _etext = .

.vfp11_veneer   0x000000000800191c        0x0
 .vfp11_veneer  0x000000000800191c        0x0 linker stubs

.v4_bx          0x000000000800191c        0x0
 .v4_bx         0x000000000800191c        0x0 linker stubs

.iplt           0x000000000800191c        0x0
 .iplt          0x000000000800191c        0x0 /usr/lib/gcc/arm-none-eabi/10.3.1/thumb/v7e-m/nofp/crtbegin.o

.rodata         0x000000000800191c       0x14
                0x000000000800191c                . = ALIGN (0x4)
 *(.rodata)
 .rodata        0x000000000800191c        0x4 /usr/lib/gcc/arm-none-eabi/10.3.1/../../../arm-none-eabi/lib/thumb/v7e-m/nofp/libg.a(lib_a-impure.o)
                0x000000000800191c                _global_impure_ptr
 *(.rodata*)
 .rodata.D1CorePrescTable
                0x0000000008001920       0x10 CMakeFiles/test.elf.dir/Core/Src/system_stm32h7xx.c.obj
                0x0000000008001920                D1CorePrescTable
                0x0000000008001930                . = ALIGN (0x4)

.rel.dyn        0x0000000008001930        0x0
 .rel.iplt      0x0000000008001930        0x0 /usr/lib/gcc/arm-none-eabi/10.3.1/thumb/v7e-m/nofp/crtbegin.o

.ARM.extab
 *(.ARM.extab* .gnu.linkonce.armextab.*)

.ARM            0x0000000008001930        0x0
                0x0000000008001930                __exidx_start = .
 *(.ARM.exidx*)
                0x0000000008001930                __exidx_end = .

.preinit_array  0x0000000008001930        0x0
                0x0000000008001930                PROVIDE (__preinit_array_start = .)
 *(.preinit_array*)
                0x0000000008001930                PROVIDE (__preinit_array_end = .)

.init_array     0x0000000008001930        0x8
                0x0000000008001930                PROVIDE (__init_array_start = .)
 *(SORT_BY_NAME(.init_array.*))
 .init_array.00000
                0x0000000008001930        0x4 /usr/lib/gcc/arm-none-eabi/10.3.1/../../../arm-none-eabi/lib/thumb/v7e-m/nofp/libg.a(lib_a-__call_atexit.o)
 *(.init_array*)
 .init_array    0x0000000008001934        0x4 /usr/lib/gcc/arm-none-eabi/10.3.1/thumb/v7e-m/nofp/crtbegin.o
                0x0000000008001938                PROVIDE (__init_array_end = .)

.fini_array     0x0000000008001938        0x4
                0x0000000008001938                PROVIDE (__fini_array_start = .)
 *(SORT_BY_NAME(.fini_array.*))
 *(.fini_array*)
 .fini_array    0x0000000008001938        0x4 /usr/lib/gcc/arm-none-eabi/10.3.1/thumb/v7e-m/nofp/crtbegin.o
                0x000000000800193c                PROVIDE (__fini_array_end = .)
                0x000000000800193c                _sidata = LOADADDR (.data)

.data           0x0000000024000000      0x440 load address 0x000000000800193c
                0x0000000024000000                . = ALIGN (0x4)
                0x0000000024000000                _sdata = .
 *(.data)
 .data          0x0000000024000000      0x430 /usr/lib/gcc/arm-none-eabi/10.3.1/../../../arm-none-eabi/lib/thumb/v7e-m/nofp/libg.a(lib_a-impure.o)
                0x0000000024000000                _impure_ptr
 *(.data*)
 .data.SystemCoreClock
                0x0000000024000430        0x4 CMakeFiles/test.elf.dir/Core/Src/system_stm32h7xx.c.obj
                0x0000000024000430                SystemCoreClock
 .data.SystemD2Clock
                0x0000000024000434        0x4 CMakeFiles/test.elf.dir/Core/Src/system_stm32h7xx.c.obj
                0x0000000024000434                SystemD2Clock
 .data.uwTickFreq
                0x0000000024000438        0x1 CMakeFiles/test.elf.dir/Drivers/STM32H7xx_HAL_Driver/Src/stm32h7xx_hal.c.obj
                0x0000000024000438                uwTickFreq
 *fill*         0x0000000024000439        0x3 
 .data.uwTickPrio
                0x000000002400043c        0x4 CMakeFiles/test.elf.dir/Drivers/STM32H7xx_HAL_Driver/Src/stm32h7xx_hal.c.obj
                0x000000002400043c                uwTickPrio
 *(.RamFunc)
 *(.RamFunc*)
                0x0000000024000440                . = ALIGN (0x4)
                0x0000000024000440                _edata = .

.tm_clone_table
                0x0000000024000440        0x0 load address 0x0000000008001d7c
 .tm_clone_table
                0x0000000024000440        0x0 /usr/lib/gcc/arm-none-eabi/10.3.1/thumb/v7e-m/nofp/crtbegin.o
 .tm_clone_table
                0x0000000024000440        0x0 /usr/lib/gcc/arm-none-eabi/10.3.1/thumb/v7e-m/nofp/crtend.o

.igot.plt       0x0000000024000440        0x0 load address 0x0000000008001d7c
 .igot.plt      0x0000000024000440        0x0 /usr/lib/gcc/arm-none-eabi/10.3.1/thumb/v7e-m/nofp/crtbegin.o
                0x0000000024000440                . = ALIGN (0x4)

.bss            0x0000000024000440       0x20 load address 0x0000000008001d7c
                0x0000000024000440                _sbss = .
                0x0000000024000440                __bss_start__ = _sbss
 *(.bss)
 .bss           0x0000000024000440       0x1c /usr/lib/gcc/arm-none-eabi/10.3.1/thumb/v7e-m/nofp/crtbegin.o
 *(.bss*)
 .bss.uwTick    0x000000002400045c        0x4 CMakeFiles/test.elf.dir/Drivers/STM32H7xx_HAL_Driver/Src/stm32h7xx_hal.c.obj
                0x000000002400045c                uwTick
 *(COMMON)
                0x0000000024000460                . = ALIGN (0x4)
                0x0000000024000460                _ebss = .
                0x0000000024000460                __bss_end__ = _ebss

._user_heap_stack
                0x0000000024000460      0x600 load address 0x0000000008001d7c
                0x0000000024000460                . = ALIGN (0x8)
                [!provide]                        PROVIDE (end = .)
                0x0000000024000460                PROVIDE (_end = .)
                0x0000000024000660                . = (. + _Min_Heap_Size)
 *fill*         0x0000000024000460      0x200 
                0x0000000024000a60                . = (. + _Min_Stack_Size)
 *fill*         0x0000000024000660      0x400 
                0x0000000024000a60                . = ALIGN (0x8)

/DISCARD/
 libc.a(*)
 libm.a(*)
 libgcc.a(*)

.ARM.attributes
                0x0000000000000000       0x2a
 *(.ARM.attributes)
 .ARM.attributes
                0x0000000000000000       0x1e /usr/lib/gcc/arm-none-eabi/10.3.1/thumb/v7e-m/nofp/crti.o
 .ARM.attributes
                0x000000000000001e       0x2e /usr/lib/gcc/arm-none-eabi/10.3.1/thumb/v7e-m/nofp/crtbegin.o
 .ARM.attributes
                0x000000000000004c       0x2e CMakeFiles/test.elf.dir/Core/Src/main.c.obj
 .ARM.attributes
                0x000000000000007a       0x2e CMakeFiles/test.elf.dir/Core/Src/stm32h7xx_hal_msp.c.obj
 .ARM.attributes
                0x00000000000000a8       0x2e CMakeFiles/test.elf.dir/Core/Src/stm32h7xx_it.c.obj
 .ARM.attributes
                0x00000000000000d6       0x2e CMakeFiles/test.elf.dir/Core/Src/system_stm32h7xx.c.obj
 .ARM.attributes
                0x0000000000000104       0x21 CMakeFiles/test.elf.dir/Core/Startup/startup_stm32h750xbhx.s.obj
 .ARM.attributes
                0x0000000000000125       0x2e CMakeFiles/test.elf.dir/Drivers/STM32H7xx_HAL_Driver/Src/stm32h7xx_hal.c.obj
 .ARM.attributes
                0x0000000000000153       0x2e CMakeFiles/test.elf.dir/Drivers/STM32H7xx_HAL_Driver/Src/stm32h7xx_hal_cortex.c.obj
 .ARM.attributes
                0x0000000000000181       0x2e CMakeFiles/test.elf.dir/Drivers/STM32H7xx_HAL_Driver/Src/stm32h7xx_hal_pwr_ex.c.obj
 .ARM.attributes
                0x00000000000001af       0x2e CMakeFiles/test.elf.dir/Drivers/STM32H7xx_HAL_Driver/Src/stm32h7xx_hal_rcc.c.obj
 .ARM.attributes
                0x00000000000001dd       0x1e /usr/lib/gcc/arm-none-eabi/10.3.1/thumb/v7e-m/nofp/libgcc.a(_arm_addsubsf3.o)
 .ARM.attributes
                0x00000000000001fb       0x1e /usr/lib/gcc/arm-none-eabi/10.3.1/thumb/v7e-m/nofp/libgcc.a(_arm_muldivsf3.o)
 .ARM.attributes
                0x0000000000000219       0x1e /usr/lib/gcc/arm-none-eabi/10.3.1/thumb/v7e-m/nofp/libgcc.a(_arm_fixunssfsi.o)
 .ARM.attributes
                0x0000000000000237       0x2e /usr/lib/gcc/arm-none-eabi/10.3.1/../../../arm-none-eabi/lib/thumb/v7e-m/nofp/libg.a(lib_a-atexit.o)
 .ARM.attributes
                0x0000000000000265       0x2e /usr/lib/gcc/arm-none-eabi/10.3.1/../../../arm-none-eabi/lib/thumb/v7e-m/nofp/libg.a(lib_a-fini.o)
 .ARM.attributes
                0x0000000000000293       0x2e /usr/lib/gcc/arm-none-eabi/10.3.1/../../../arm-none-eabi/lib/thumb/v7e-m/nofp/libg.a(lib_a-impure.o)
 .ARM.attributes
                0x00000000000002c1       0x2e /usr/lib/gcc/arm-none-eabi/10.3.1/../../../arm-none-eabi/lib/thumb/v7e-m/nofp/libg.a(lib_a-init.o)
 .ARM.attributes
                0x00000000000002ef       0x2e /usr/lib/gcc/arm-none-eabi/10.3.1/../../../arm-none-eabi/lib/thumb/v7e-m/nofp/libg.a(lib_a-memset.o)
 .ARM.attributes
                0x000000000000031d       0x2e /usr/lib/gcc/arm-none-eabi/10.3.1/../../../arm-none-eabi/lib/thumb/v7e-m/nofp/libg.a(lib_a-__atexit.o)
 .ARM.attributes
                0x000000000000034b       0x2e /usr/lib/gcc/arm-none-eabi/10.3.1/../../../arm-none-eabi/lib/thumb/v7e-m/nofp/libg.a(lib_a-__call_atexit.o)
 .ARM.attributes
                0x0000000000000379       0x2e /usr/lib/gcc/arm-none-eabi/10.3.1/thumb/v7e-m/nofp/crtend.o
 .ARM.attributes
                0x00000000000003a7       0x1e /usr/lib/gcc/arm-none-eabi/10.3.1/thumb/v7e-m/nofp/crtn.o
OUTPUT(test.elf elf32-littlearm)
LOAD linker stubs
LOAD /usr/lib/gcc/arm-none-eabi/10.3.1/../../../arm-none-eabi/lib/thumb/v7e-m/nofp/libc.a
LOAD /usr/lib/gcc/arm-none-eabi/10.3.1/../../../arm-none-eabi/lib/thumb/v7e-m/nofp/libm.a
LOAD /usr/lib/gcc/arm-none-eabi/10.3.1/thumb/v7e-m/nofp/libgcc.a

.comment        0x0000000000000000       0x33
 .comment       0x0000000000000000       0x33 /usr/lib/gcc/arm-none-eabi/10.3.1/thumb/v7e-m/nofp/crtbegin.o
                                         0x34 (size before relaxing)
 .comment       0x0000000000000033       0x34 CMakeFiles/test.elf.dir/Core/Src/main.c.obj
 .comment       0x0000000000000033       0x34 CMakeFiles/test.elf.dir/Core/Src/stm32h7xx_hal_msp.c.obj
 .comment       0x0000000000000033       0x34 CMakeFiles/test.elf.dir/Core/Src/stm32h7xx_it.c.obj
 .comment       0x0000000000000033       0x34 CMakeFiles/test.elf.dir/Core/Src/system_stm32h7xx.c.obj
 .comment       0x0000000000000033       0x34 CMakeFiles/test.elf.dir/Drivers/STM32H7xx_HAL_Driver/Src/stm32h7xx_hal.c.obj
 .comment       0x0000000000000033       0x34 CMakeFiles/test.elf.dir/Drivers/STM32H7xx_HAL_Driver/Src/stm32h7xx_hal_cortex.c.obj
 .comment       0x0000000000000033       0x34 CMakeFiles/test.elf.dir/Drivers/STM32H7xx_HAL_Driver/Src/stm32h7xx_hal_pwr_ex.c.obj
 .comment       0x0000000000000033       0x34 CMakeFiles/test.elf.dir/Drivers/STM32H7xx_HAL_Driver/Src/stm32h7xx_hal_rcc.c.obj
 .comment       0x0000000000000033       0x34 /usr/lib/gcc/arm-none-eabi/10.3.1/../../../arm-none-eabi/lib/thumb/v7e-m/nofp/libg.a(lib_a-atexit.o)
 .comment       0x0000000000000033       0x34 /usr/lib/gcc/arm-none-eabi/10.3.1/../../../arm-none-eabi/lib/thumb/v7e-m/nofp/libg.a(lib_a-fini.o)
 .comment       0x0000000000000033       0x34 /usr/lib/gcc/arm-none-eabi/10.3.1/../../../arm-none-eabi/lib/thumb/v7e-m/nofp/libg.a(lib_a-impure.o)
 .comment       0x0000000000000033       0x34 /usr/lib/gcc/arm-none-eabi/10.3.1/../../../arm-none-eabi/lib/thumb/v7e-m/nofp/libg.a(lib_a-init.o)
 .comment       0x0000000000000033       0x34 /usr/lib/gcc/arm-none-eabi/10.3.1/../../../arm-none-eabi/lib/thumb/v7e-m/nofp/libg.a(lib_a-memset.o)
 .comment       0x0000000000000033       0x34 /usr/lib/gcc/arm-none-eabi/10.3.1/../../../arm-none-eabi/lib/thumb/v7e-m/nofp/libg.a(lib_a-__atexit.o)
 .comment       0x0000000000000033       0x34 /usr/lib/gcc/arm-none-eabi/10.3.1/../../../arm-none-eabi/lib/thumb/v7e-m/nofp/libg.a(lib_a-__call_atexit.o)
 .comment       0x0000000000000033       0x34 /usr/lib/gcc/arm-none-eabi/10.3.1/thumb/v7e-m/nofp/crtend.o

.debug_info     0x0000000000000000     0x8975
 .debug_info    0x0000000000000000      0x6b0 CMakeFiles/test.elf.dir/Core/Src/main.c.obj
 .debug_info    0x00000000000006b0      0x494 CMakeFiles/test.elf.dir/Core/Src/stm32h7xx_hal_msp.c.obj
 .debug_info    0x0000000000000b44      0x145 CMakeFiles/test.elf.dir/Core/Src/stm32h7xx_it.c.obj
 .debug_info    0x0000000000000c89      0xadd CMakeFiles/test.elf.dir/Core/Src/system_stm32h7xx.c.obj
 .debug_info    0x0000000000001766       0x22 CMakeFiles/test.elf.dir/Core/Startup/startup_stm32h750xbhx.s.obj
 .debug_info    0x0000000000001788     0x168e CMakeFiles/test.elf.dir/Drivers/STM32H7xx_HAL_Driver/Src/stm32h7xx_hal.c.obj
 .debug_info    0x0000000000002e16     0x13cc CMakeFiles/test.elf.dir/Drivers/STM32H7xx_HAL_Driver/Src/stm32h7xx_hal_cortex.c.obj
 .debug_info    0x00000000000041e2     0x1216 CMakeFiles/test.elf.dir/Drivers/STM32H7xx_HAL_Driver/Src/stm32h7xx_hal_pwr_ex.c.obj
 .debug_info    0x00000000000053f8     0x13a1 CMakeFiles/test.elf.dir/Drivers/STM32H7xx_HAL_Driver/Src/stm32h7xx_hal_rcc.c.obj
 .debug_info    0x0000000000006799       0x26 /usr/lib/gcc/arm-none-eabi/10.3.1/thumb/v7e-m/nofp/libgcc.a(_arm_addsubsf3.o)
 .debug_info    0x00000000000067bf       0x26 /usr/lib/gcc/arm-none-eabi/10.3.1/thumb/v7e-m/nofp/libgcc.a(_arm_muldivsf3.o)
 .debug_info    0x00000000000067e5       0x26 /usr/lib/gcc/arm-none-eabi/10.3.1/thumb/v7e-m/nofp/libgcc.a(_arm_fixunssfsi.o)
 .debug_info    0x000000000000680b      0x100 /usr/lib/gcc/arm-none-eabi/10.3.1/../../../arm-none-eabi/lib/thumb/v7e-m/nofp/libg.a(lib_a-atexit.o)
 .debug_info    0x000000000000690b      0x102 /usr/lib/gcc/arm-none-eabi/10.3.1/../../../arm-none-eabi/lib/thumb/v7e-m/nofp/libg.a(lib_a-fini.o)
 .debug_info    0x0000000000006a0d      0x92a /usr/lib/gcc/arm-none-eabi/10.3.1/../../../arm-none-eabi/lib/thumb/v7e-m/nofp/libg.a(lib_a-impure.o)
 .debug_info    0x0000000000007337      0x11a /usr/lib/gcc/arm-none-eabi/10.3.1/../../../arm-none-eabi/lib/thumb/v7e-m/nofp/libg.a(lib_a-init.o)
 .debug_info    0x0000000000007451      0x137 /usr/lib/gcc/arm-none-eabi/10.3.1/../../../arm-none-eabi/lib/thumb/v7e-m/nofp/libg.a(lib_a-memset.o)
 .debug_info    0x0000000000007588      0x9b0 /usr/lib/gcc/arm-none-eabi/10.3.1/../../../arm-none-eabi/lib/thumb/v7e-m/nofp/libg.a(lib_a-__atexit.o)
 .debug_info    0x0000000000007f38      0xa3d /usr/lib/gcc/arm-none-eabi/10.3.1/../../../arm-none-eabi/lib/thumb/v7e-m/nofp/libg.a(lib_a-__call_atexit.o)

.debug_abbrev   0x0000000000000000     0x1991
 .debug_abbrev  0x0000000000000000      0x1d5 CMakeFiles/test.elf.dir/Core/Src/main.c.obj
 .debug_abbrev  0x00000000000001d5       0xd7 CMakeFiles/test.elf.dir/Core/Src/stm32h7xx_hal_msp.c.obj
 .debug_abbrev  0x00000000000002ac       0x7e CMakeFiles/test.elf.dir/Core/Src/stm32h7xx_it.c.obj
 .debug_abbrev  0x000000000000032a      0x162 CMakeFiles/test.elf.dir/Core/Src/system_stm32h7xx.c.obj
 .debug_abbrev  0x000000000000048c       0x12 CMakeFiles/test.elf.dir/Core/Startup/startup_stm32h750xbhx.s.obj
 .debug_abbrev  0x000000000000049e      0x264 CMakeFiles/test.elf.dir/Drivers/STM32H7xx_HAL_Driver/Src/stm32h7xx_hal.c.obj
 .debug_abbrev  0x0000000000000702      0x37d CMakeFiles/test.elf.dir/Drivers/STM32H7xx_HAL_Driver/Src/stm32h7xx_hal_cortex.c.obj
 .debug_abbrev  0x0000000000000a7f      0x29b CMakeFiles/test.elf.dir/Drivers/STM32H7xx_HAL_Driver/Src/stm32h7xx_hal_pwr_ex.c.obj
 .debug_abbrev  0x0000000000000d1a      0x28c CMakeFiles/test.elf.dir/Drivers/STM32H7xx_HAL_Driver/Src/stm32h7xx_hal_rcc.c.obj
 .debug_abbrev  0x0000000000000fa6       0x14 /usr/lib/gcc/arm-none-eabi/10.3.1/thumb/v7e-m/nofp/libgcc.a(_arm_addsubsf3.o)
 .debug_abbrev  0x0000000000000fba       0x14 /usr/lib/gcc/arm-none-eabi/10.3.1/thumb/v7e-m/nofp/libgcc.a(_arm_muldivsf3.o)
 .debug_abbrev  0x0000000000000fce       0x14 /usr/lib/gcc/arm-none-eabi/10.3.1/thumb/v7e-m/nofp/libgcc.a(_arm_fixunssfsi.o)
 .debug_abbrev  0x0000000000000fe2       0xb7 /usr/lib/gcc/arm-none-eabi/10.3.1/../../../arm-none-eabi/lib/thumb/v7e-m/nofp/libg.a(lib_a-atexit.o)
 .debug_abbrev  0x0000000000001099       0xcf /usr/lib/gcc/arm-none-eabi/10.3.1/../../../arm-none-eabi/lib/thumb/v7e-m/nofp/libg.a(lib_a-fini.o)
 .debug_abbrev  0x0000000000001168      0x1b8 /usr/lib/gcc/arm-none-eabi/10.3.1/../../../arm-none-eabi/lib/thumb/v7e-m/nofp/libg.a(lib_a-impure.o)
 .debug_abbrev  0x0000000000001320       0xcc /usr/lib/gcc/arm-none-eabi/10.3.1/../../../arm-none-eabi/lib/thumb/v7e-m/nofp/libg.a(lib_a-init.o)
 .debug_abbrev  0x00000000000013ec       0xb4 /usr/lib/gcc/arm-none-eabi/10.3.1/../../../arm-none-eabi/lib/thumb/v7e-m/nofp/libg.a(lib_a-memset.o)
 .debug_abbrev  0x00000000000014a0      0x23f /usr/lib/gcc/arm-none-eabi/10.3.1/../../../arm-none-eabi/lib/thumb/v7e-m/nofp/libg.a(lib_a-__atexit.o)
 .debug_abbrev  0x00000000000016df      0x2b2 /usr/lib/gcc/arm-none-eabi/10.3.1/../../../arm-none-eabi/lib/thumb/v7e-m/nofp/libg.a(lib_a-__call_atexit.o)

.debug_aranges  0x0000000000000000      0x668
 .debug_aranges
                0x0000000000000000       0x30 CMakeFiles/test.elf.dir/Core/Src/main.c.obj
 .debug_aranges
                0x0000000000000030       0x20 CMakeFiles/test.elf.dir/Core/Src/stm32h7xx_hal_msp.c.obj
 .debug_aranges
                0x0000000000000050       0x60 CMakeFiles/test.elf.dir/Core/Src/stm32h7xx_it.c.obj
 .debug_aranges
                0x00000000000000b0       0x28 CMakeFiles/test.elf.dir/Core/Src/system_stm32h7xx.c.obj
 .debug_aranges
                0x00000000000000d8       0x28 CMakeFiles/test.elf.dir/Core/Startup/startup_stm32h750xbhx.s.obj
 .debug_aranges
                0x0000000000000100      0x198 CMakeFiles/test.elf.dir/Drivers/STM32H7xx_HAL_Driver/Src/stm32h7xx_hal.c.obj
 .debug_aranges
                0x0000000000000298       0xb0 CMakeFiles/test.elf.dir/Drivers/STM32H7xx_HAL_Driver/Src/stm32h7xx_hal_cortex.c.obj
 .debug_aranges
                0x0000000000000348      0x158 CMakeFiles/test.elf.dir/Drivers/STM32H7xx_HAL_Driver/Src/stm32h7xx_hal_pwr_ex.c.obj
 .debug_aranges
                0x00000000000004a0       0x88 CMakeFiles/test.elf.dir/Drivers/STM32H7xx_HAL_Driver/Src/stm32h7xx_hal_rcc.c.obj
 .debug_aranges
                0x0000000000000528       0x20 /usr/lib/gcc/arm-none-eabi/10.3.1/thumb/v7e-m/nofp/libgcc.a(_arm_addsubsf3.o)
 .debug_aranges
                0x0000000000000548       0x20 /usr/lib/gcc/arm-none-eabi/10.3.1/thumb/v7e-m/nofp/libgcc.a(_arm_muldivsf3.o)
 .debug_aranges
                0x0000000000000568       0x20 /usr/lib/gcc/arm-none-eabi/10.3.1/thumb/v7e-m/nofp/libgcc.a(_arm_fixunssfsi.o)
 .debug_aranges
                0x0000000000000588       0x20 /usr/lib/gcc/arm-none-eabi/10.3.1/../../../arm-none-eabi/lib/thumb/v7e-m/nofp/libg.a(lib_a-atexit.o)
 .debug_aranges
                0x00000000000005a8       0x20 /usr/lib/gcc/arm-none-eabi/10.3.1/../../../arm-none-eabi/lib/thumb/v7e-m/nofp/libg.a(lib_a-fini.o)
 .debug_aranges
                0x00000000000005c8       0x18 /usr/lib/gcc/arm-none-eabi/10.3.1/../../../arm-none-eabi/lib/thumb/v7e-m/nofp/libg.a(lib_a-impure.o)
 .debug_aranges
                0x00000000000005e0       0x20 /usr/lib/gcc/arm-none-eabi/10.3.1/../../../arm-none-eabi/lib/thumb/v7e-m/nofp/libg.a(lib_a-init.o)
 .debug_aranges
                0x0000000000000600       0x20 /usr/lib/gcc/arm-none-eabi/10.3.1/../../../arm-none-eabi/lib/thumb/v7e-m/nofp/libg.a(lib_a-memset.o)
 .debug_aranges
                0x0000000000000620       0x20 /usr/lib/gcc/arm-none-eabi/10.3.1/../../../arm-none-eabi/lib/thumb/v7e-m/nofp/libg.a(lib_a-__atexit.o)
 .debug_aranges
                0x0000000000000640       0x28 /usr/lib/gcc/arm-none-eabi/10.3.1/../../../arm-none-eabi/lib/thumb/v7e-m/nofp/libg.a(lib_a-__call_atexit.o)

.debug_ranges   0x0000000000000000      0x620
 .debug_ranges  0x0000000000000000       0x20 CMakeFiles/test.elf.dir/Core/Src/main.c.obj
 .debug_ranges  0x0000000000000020       0x10 CMakeFiles/test.elf.dir/Core/Src/stm32h7xx_hal_msp.c.obj
 .debug_ranges  0x0000000000000030       0x50 CMakeFiles/test.elf.dir/Core/Src/stm32h7xx_it.c.obj
 .debug_ranges  0x0000000000000080       0x18 CMakeFiles/test.elf.dir/Core/Src/system_stm32h7xx.c.obj
 .debug_ranges  0x0000000000000098       0x20 CMakeFiles/test.elf.dir/Core/Startup/startup_stm32h750xbhx.s.obj
 .debug_ranges  0x00000000000000b8      0x188 CMakeFiles/test.elf.dir/Drivers/STM32H7xx_HAL_Driver/Src/stm32h7xx_hal.c.obj
 .debug_ranges  0x0000000000000240      0x100 CMakeFiles/test.elf.dir/Drivers/STM32H7xx_HAL_Driver/Src/stm32h7xx_hal_cortex.c.obj
 .debug_ranges  0x0000000000000340      0x1a8 CMakeFiles/test.elf.dir/Drivers/STM32H7xx_HAL_Driver/Src/stm32h7xx_hal_pwr_ex.c.obj
 .debug_ranges  0x00000000000004e8       0xe8 CMakeFiles/test.elf.dir/Drivers/STM32H7xx_HAL_Driver/Src/stm32h7xx_hal_rcc.c.obj
 .debug_ranges  0x00000000000005d0       0x50 /usr/lib/gcc/arm-none-eabi/10.3.1/../../../arm-none-eabi/lib/thumb/v7e-m/nofp/libg.a(lib_a-__call_atexit.o)

.debug_line     0x0000000000000000     0x434c
 .debug_line    0x0000000000000000      0x2fa CMakeFiles/test.elf.dir/Core/Src/main.c.obj
 .debug_line    0x00000000000002fa      0x10c CMakeFiles/test.elf.dir/Core/Src/stm32h7xx_hal_msp.c.obj
 .debug_line    0x0000000000000406      0x1b7 CMakeFiles/test.elf.dir/Core/Src/stm32h7xx_it.c.obj
 .debug_line    0x00000000000005bd      0x382 CMakeFiles/test.elf.dir/Core/Src/system_stm32h7xx.c.obj
 .debug_line    0x000000000000093f       0xa5 CMakeFiles/test.elf.dir/Core/Startup/startup_stm32h750xbhx.s.obj
 .debug_line    0x00000000000009e4      0x8b3 CMakeFiles/test.elf.dir/Drivers/STM32H7xx_HAL_Driver/Src/stm32h7xx_hal.c.obj
 .debug_line    0x0000000000001297      0x77e CMakeFiles/test.elf.dir/Drivers/STM32H7xx_HAL_Driver/Src/stm32h7xx_hal_cortex.c.obj
 .debug_line    0x0000000000001a15      0xa73 CMakeFiles/test.elf.dir/Drivers/STM32H7xx_HAL_Driver/Src/stm32h7xx_hal_pwr_ex.c.obj
 .debug_line    0x0000000000002488     0x1241 CMakeFiles/test.elf.dir/Drivers/STM32H7xx_HAL_Driver/Src/stm32h7xx_hal_rcc.c.obj
 .debug_line    0x00000000000036c9      0x11a /usr/lib/gcc/arm-none-eabi/10.3.1/thumb/v7e-m/nofp/libgcc.a(_arm_addsubsf3.o)
 .debug_line    0x00000000000037e3      0x13a /usr/lib/gcc/arm-none-eabi/10.3.1/thumb/v7e-m/nofp/libgcc.a(_arm_muldivsf3.o)
 .debug_line    0x000000000000391d       0x75 /usr/lib/gcc/arm-none-eabi/10.3.1/thumb/v7e-m/nofp/libgcc.a(_arm_fixunssfsi.o)
 .debug_line    0x0000000000003992       0xc0 /usr/lib/gcc/arm-none-eabi/10.3.1/../../../arm-none-eabi/lib/thumb/v7e-m/nofp/libg.a(lib_a-atexit.o)
 .debug_line    0x0000000000003a52       0xed /usr/lib/gcc/arm-none-eabi/10.3.1/../../../arm-none-eabi/lib/thumb/v7e-m/nofp/libg.a(lib_a-fini.o)
 .debug_line    0x0000000000003b3f       0xe4 /usr/lib/gcc/arm-none-eabi/10.3.1/../../../arm-none-eabi/lib/thumb/v7e-m/nofp/libg.a(lib_a-impure.o)
 .debug_line    0x0000000000003c23      0x138 /usr/lib/gcc/arm-none-eabi/10.3.1/../../../arm-none-eabi/lib/thumb/v7e-m/nofp/libg.a(lib_a-init.o)
 .debug_line    0x0000000000003d5b      0x1bf /usr/lib/gcc/arm-none-eabi/10.3.1/../../../arm-none-eabi/lib/thumb/v7e-m/nofp/libg.a(lib_a-memset.o)
 .debug_line    0x0000000000003f1a      0x19e /usr/lib/gcc/arm-none-eabi/10.3.1/../../../arm-none-eabi/lib/thumb/v7e-m/nofp/libg.a(lib_a-__atexit.o)
 .debug_line    0x00000000000040b8      0x294 /usr/lib/gcc/arm-none-eabi/10.3.1/../../../arm-none-eabi/lib/thumb/v7e-m/nofp/libg.a(lib_a-__call_atexit.o)

.debug_str      0x0000000000000000     0x302a
 .debug_str     0x0000000000000000      0x488 CMakeFiles/test.elf.dir/Core/Src/main.c.obj
                                        0x4d9 (size before relaxing)
 .debug_str     0x0000000000000488      0x23f CMakeFiles/test.elf.dir/Core/Src/stm32h7xx_hal_msp.c.obj
                                        0x415 (size before relaxing)
 .debug_str     0x00000000000006c7       0xd4 CMakeFiles/test.elf.dir/Core/Src/stm32h7xx_it.c.obj
                                        0x26d (size before relaxing)
 .debug_str     0x000000000000079b      0x2a8 CMakeFiles/test.elf.dir/Core/Src/system_stm32h7xx.c.obj
                                        0x681 (size before relaxing)
 .debug_str     0x0000000000000a43       0x51 CMakeFiles/test.elf.dir/Core/Startup/startup_stm32h750xbhx.s.obj
                                         0x83 (size before relaxing)
 .debug_str     0x0000000000000a94      0xf74 CMakeFiles/test.elf.dir/Drivers/STM32H7xx_HAL_Driver/Src/stm32h7xx_hal.c.obj
                                       0x14d8 (size before relaxing)
 .debug_str     0x0000000000001a08      0x58b CMakeFiles/test.elf.dir/Drivers/STM32H7xx_HAL_Driver/Src/stm32h7xx_hal_cortex.c.obj
                                       0x1066 (size before relaxing)
 .debug_str     0x0000000000001f93      0x56a CMakeFiles/test.elf.dir/Drivers/STM32H7xx_HAL_Driver/Src/stm32h7xx_hal_pwr_ex.c.obj
                                        0xa62 (size before relaxing)
 .debug_str     0x00000000000024fd      0x229 CMakeFiles/test.elf.dir/Drivers/STM32H7xx_HAL_Driver/Src/stm32h7xx_hal_rcc.c.obj
                                        0xa6a (size before relaxing)
 .debug_str     0x0000000000002726       0xa8 /usr/lib/gcc/arm-none-eabi/10.3.1/thumb/v7e-m/nofp/libgcc.a(_arm_addsubsf3.o)
 .debug_str     0x00000000000027ce       0xa8 /usr/lib/gcc/arm-none-eabi/10.3.1/thumb/v7e-m/nofp/libgcc.a(_arm_muldivsf3.o)
 .debug_str     0x00000000000027ce       0xa8 /usr/lib/gcc/arm-none-eabi/10.3.1/thumb/v7e-m/nofp/libgcc.a(_arm_fixunssfsi.o)
 .debug_str     0x00000000000027ce      0x142 /usr/lib/gcc/arm-none-eabi/10.3.1/../../../arm-none-eabi/lib/thumb/v7e-m/nofp/libg.a(lib_a-atexit.o)
                                        0x1de (size before relaxing)
 .debug_str     0x0000000000002910       0xc5 /usr/lib/gcc/arm-none-eabi/10.3.1/../../../arm-none-eabi/lib/thumb/v7e-m/nofp/libg.a(lib_a-fini.o)
                                        0x1d6 (size before relaxing)
 .debug_str     0x00000000000029d5      0x450 /usr/lib/gcc/arm-none-eabi/10.3.1/../../../arm-none-eabi/lib/thumb/v7e-m/nofp/libg.a(lib_a-impure.o)
                                        0x57c (size before relaxing)
 .debug_str     0x0000000000002e25       0x96 /usr/lib/gcc/arm-none-eabi/10.3.1/../../../arm-none-eabi/lib/thumb/v7e-m/nofp/libg.a(lib_a-init.o)
                                        0x200 (size before relaxing)
 .debug_str     0x0000000000002ebb       0xa2 /usr/lib/gcc/arm-none-eabi/10.3.1/../../../arm-none-eabi/lib/thumb/v7e-m/nofp/libg.a(lib_a-memset.o)
                                        0x1b5 (size before relaxing)
 .debug_str     0x0000000000002f5d       0x3b /usr/lib/gcc/arm-none-eabi/10.3.1/../../../arm-none-eabi/lib/thumb/v7e-m/nofp/libg.a(lib_a-__atexit.o)
                                        0x5b6 (size before relaxing)
 .debug_str     0x0000000000002f98       0x92 /usr/lib/gcc/arm-none-eabi/10.3.1/../../../arm-none-eabi/lib/thumb/v7e-m/nofp/libg.a(lib_a-__call_atexit.o)
                                        0x5e2 (size before relaxing)

.debug_frame    0x0000000000000000      0xc74
 .debug_frame   0x0000000000000000       0x58 CMakeFiles/test.elf.dir/Core/Src/main.c.obj
 .debug_frame   0x0000000000000058       0x28 CMakeFiles/test.elf.dir/Core/Src/stm32h7xx_hal_msp.c.obj
 .debug_frame   0x0000000000000080       0xa8 CMakeFiles/test.elf.dir/Core/Src/stm32h7xx_it.c.obj
 .debug_frame   0x0000000000000128       0x40 CMakeFiles/test.elf.dir/Core/Src/system_stm32h7xx.c.obj
 .debug_frame   0x0000000000000168      0x360 CMakeFiles/test.elf.dir/Drivers/STM32H7xx_HAL_Driver/Src/stm32h7xx_hal.c.obj
 .debug_frame   0x00000000000004c8      0x158 CMakeFiles/test.elf.dir/Drivers/STM32H7xx_HAL_Driver/Src/stm32h7xx_hal_cortex.c.obj
 .debug_frame   0x0000000000000620      0x2f4 CMakeFiles/test.elf.dir/Drivers/STM32H7xx_HAL_Driver/Src/stm32h7xx_hal_pwr_ex.c.obj
 .debug_frame   0x0000000000000914      0x188 CMakeFiles/test.elf.dir/Drivers/STM32H7xx_HAL_Driver/Src/stm32h7xx_hal_rcc.c.obj
 .debug_frame   0x0000000000000a9c       0x4c /usr/lib/gcc/arm-none-eabi/10.3.1/thumb/v7e-m/nofp/libgcc.a(_arm_addsubsf3.o)
 .debug_frame   0x0000000000000ae8       0x38 /usr/lib/gcc/arm-none-eabi/10.3.1/thumb/v7e-m/nofp/libgcc.a(_arm_muldivsf3.o)
 .debug_frame   0x0000000000000b20       0x24 /usr/lib/gcc/arm-none-eabi/10.3.1/thumb/v7e-m/nofp/libgcc.a(_arm_fixunssfsi.o)
 .debug_frame   0x0000000000000b44       0x20 /usr/lib/gcc/arm-none-eabi/10.3.1/../../../arm-none-eabi/lib/thumb/v7e-m/nofp/libg.a(lib_a-atexit.o)
 .debug_frame   0x0000000000000b64       0x34 /usr/lib/gcc/arm-none-eabi/10.3.1/../../../arm-none-eabi/lib/thumb/v7e-m/nofp/libg.a(lib_a-fini.o)
 .debug_frame   0x0000000000000b98       0x2c /usr/lib/gcc/arm-none-eabi/10.3.1/../../../arm-none-eabi/lib/thumb/v7e-m/nofp/libg.a(lib_a-init.o)
 .debug_frame   0x0000000000000bc4       0x2c /usr/lib/gcc/arm-none-eabi/10.3.1/../../../arm-none-eabi/lib/thumb/v7e-m/nofp/libg.a(lib_a-memset.o)
 .debug_frame   0x0000000000000bf0       0x34 /usr/lib/gcc/arm-none-eabi/10.3.1/../../../arm-none-eabi/lib/thumb/v7e-m/nofp/libg.a(lib_a-__atexit.o)
 .debug_frame   0x0000000000000c24       0x50 /usr/lib/gcc/arm-none-eabi/10.3.1/../../../arm-none-eabi/lib/thumb/v7e-m/nofp/libg.a(lib_a-__call_atexit.o)

.debug_loc      0x0000000000000000     0x2219
 .debug_loc     0x0000000000000000      0x21e CMakeFiles/test.elf.dir/Core/Src/system_stm32h7xx.c.obj
 .debug_loc     0x000000000000021e      0x3fa CMakeFiles/test.elf.dir/Drivers/STM32H7xx_HAL_Driver/Src/stm32h7xx_hal.c.obj
 .debug_loc     0x0000000000000618      0x726 CMakeFiles/test.elf.dir/Drivers/STM32H7xx_HAL_Driver/Src/stm32h7xx_hal_cortex.c.obj
 .debug_loc     0x0000000000000d3e      0x4df CMakeFiles/test.elf.dir/Drivers/STM32H7xx_HAL_Driver/Src/stm32h7xx_hal_pwr_ex.c.obj
 .debug_loc     0x000000000000121d      0x996 CMakeFiles/test.elf.dir/Drivers/STM32H7xx_HAL_Driver/Src/stm32h7xx_hal_rcc.c.obj
 .debug_loc     0x0000000000001bb3       0x32 /usr/lib/gcc/arm-none-eabi/10.3.1/../../../arm-none-eabi/lib/thumb/v7e-m/nofp/libg.a(lib_a-atexit.o)
 .debug_loc     0x0000000000001be5       0x68 /usr/lib/gcc/arm-none-eabi/10.3.1/../../../arm-none-eabi/lib/thumb/v7e-m/nofp/libg.a(lib_a-fini.o)
 .debug_loc     0x0000000000001c4d       0xba /usr/lib/gcc/arm-none-eabi/10.3.1/../../../arm-none-eabi/lib/thumb/v7e-m/nofp/libg.a(lib_a-init.o)
 .debug_loc     0x0000000000001d07      0x22c /usr/lib/gcc/arm-none-eabi/10.3.1/../../../arm-none-eabi/lib/thumb/v7e-m/nofp/libg.a(lib_a-memset.o)
 .debug_loc     0x0000000000001f33      0x138 /usr/lib/gcc/arm-none-eabi/10.3.1/../../../arm-none-eabi/lib/thumb/v7e-m/nofp/libg.a(lib_a-__atexit.o)
 .debug_loc     0x000000000000206b      0x1ae /usr/lib/gcc/arm-none-eabi/10.3.1/../../../arm-none-eabi/lib/thumb/v7e-m/nofp/libg.a(lib_a-__call_atexit.o)
