Archive member included to satisfy reference by file (symbol)

/usr/lib/gcc/arm-none-eabi/10.3.1/../../../arm-none-eabi/lib/thumb/v7e-m+dp/hard/libc_nano.a(lib_a-atexit.o)
                              /usr/lib/gcc/arm-none-eabi/10.3.1/../../../arm-none-eabi/lib/thumb/v7e-m+dp/hard/crt0.o (atexit)
/usr/lib/gcc/arm-none-eabi/10.3.1/../../../arm-none-eabi/lib/thumb/v7e-m+dp/hard/libc_nano.a(lib_a-exit.o)
                              /usr/lib/gcc/arm-none-eabi/10.3.1/../../../arm-none-eabi/lib/thumb/v7e-m+dp/hard/crt0.o (exit)
/usr/lib/gcc/arm-none-eabi/10.3.1/../../../arm-none-eabi/lib/thumb/v7e-m+dp/hard/libc_nano.a(lib_a-fini.o)
                              /usr/lib/gcc/arm-none-eabi/10.3.1/../../../arm-none-eabi/lib/thumb/v7e-m+dp/hard/crt0.o (__libc_fini_array)
/usr/lib/gcc/arm-none-eabi/10.3.1/../../../arm-none-eabi/lib/thumb/v7e-m+dp/hard/libc_nano.a(lib_a-impure.o)
                              /usr/lib/gcc/arm-none-eabi/10.3.1/../../../arm-none-eabi/lib/thumb/v7e-m+dp/hard/libc_nano.a(lib_a-exit.o) (_global_impure_ptr)
/usr/lib/gcc/arm-none-eabi/10.3.1/../../../arm-none-eabi/lib/thumb/v7e-m+dp/hard/libc_nano.a(lib_a-init.o)
                              /usr/lib/gcc/arm-none-eabi/10.3.1/../../../arm-none-eabi/lib/thumb/v7e-m+dp/hard/crt0.o (__libc_init_array)
/usr/lib/gcc/arm-none-eabi/10.3.1/../../../arm-none-eabi/lib/thumb/v7e-m+dp/hard/libc_nano.a(lib_a-memset.o)
                              /usr/lib/gcc/arm-none-eabi/10.3.1/../../../arm-none-eabi/lib/thumb/v7e-m+dp/hard/crt0.o (memset)
/usr/lib/gcc/arm-none-eabi/10.3.1/../../../arm-none-eabi/lib/thumb/v7e-m+dp/hard/libc_nano.a(lib_a-__atexit.o)
                              /usr/lib/gcc/arm-none-eabi/10.3.1/../../../arm-none-eabi/lib/thumb/v7e-m+dp/hard/libc_nano.a(lib_a-atexit.o) (__register_exitproc)
/usr/lib/gcc/arm-none-eabi/10.3.1/../../../arm-none-eabi/lib/thumb/v7e-m+dp/hard/libc_nano.a(lib_a-__call_atexit.o)
                              /usr/lib/gcc/arm-none-eabi/10.3.1/../../../arm-none-eabi/lib/thumb/v7e-m+dp/hard/libc_nano.a(lib_a-__atexit.o) (__call_exitprocs)
/usr/lib/gcc/arm-none-eabi/10.3.1/../../../arm-none-eabi/lib/thumb/v7e-m+dp/hard/libnosys.a(_exit.o)
                              /usr/lib/gcc/arm-none-eabi/10.3.1/../../../arm-none-eabi/lib/thumb/v7e-m+dp/hard/libc_nano.a(lib_a-exit.o) (_exit)

Discarded input sections

 .text          0x0000000000000000        0x0 /usr/lib/gcc/arm-none-eabi/10.3.1/thumb/v7e-m+dp/hard/crti.o
 .data          0x0000000000000000        0x0 /usr/lib/gcc/arm-none-eabi/10.3.1/thumb/v7e-m+dp/hard/crti.o
 .bss           0x0000000000000000        0x0 /usr/lib/gcc/arm-none-eabi/10.3.1/thumb/v7e-m+dp/hard/crti.o
 .data          0x0000000000000000        0x4 /usr/lib/gcc/arm-none-eabi/10.3.1/thumb/v7e-m+dp/hard/crtbegin.o
 .rodata        0x0000000000000000       0x24 /usr/lib/gcc/arm-none-eabi/10.3.1/thumb/v7e-m+dp/hard/crtbegin.o
 .text          0x0000000000000000       0x70 /usr/lib/gcc/arm-none-eabi/10.3.1/../../../arm-none-eabi/lib/thumb/v7e-m+dp/hard/crt0.o
 .data          0x0000000000000000        0x0 /usr/lib/gcc/arm-none-eabi/10.3.1/../../../arm-none-eabi/lib/thumb/v7e-m+dp/hard/crt0.o
 .bss           0x0000000000000000        0x0 /usr/lib/gcc/arm-none-eabi/10.3.1/../../../arm-none-eabi/lib/thumb/v7e-m+dp/hard/crt0.o
 .ARM.extab     0x0000000000000000        0x0 /usr/lib/gcc/arm-none-eabi/10.3.1/../../../arm-none-eabi/lib/thumb/v7e-m+dp/hard/crt0.o
 .ARM.exidx     0x0000000000000000       0x10 /usr/lib/gcc/arm-none-eabi/10.3.1/../../../arm-none-eabi/lib/thumb/v7e-m+dp/hard/crt0.o
 .debug_line    0x0000000000000000       0x87 /usr/lib/gcc/arm-none-eabi/10.3.1/../../../arm-none-eabi/lib/thumb/v7e-m+dp/hard/crt0.o
 .debug_info    0x0000000000000000       0x26 /usr/lib/gcc/arm-none-eabi/10.3.1/../../../arm-none-eabi/lib/thumb/v7e-m+dp/hard/crt0.o
 .debug_abbrev  0x0000000000000000       0x14 /usr/lib/gcc/arm-none-eabi/10.3.1/../../../arm-none-eabi/lib/thumb/v7e-m+dp/hard/crt0.o
 .debug_aranges
                0x0000000000000000       0x20 /usr/lib/gcc/arm-none-eabi/10.3.1/../../../arm-none-eabi/lib/thumb/v7e-m+dp/hard/crt0.o
 .debug_str     0x0000000000000000       0x98 /usr/lib/gcc/arm-none-eabi/10.3.1/../../../arm-none-eabi/lib/thumb/v7e-m+dp/hard/crt0.o
 .ARM.attributes
                0x0000000000000000       0x1c /usr/lib/gcc/arm-none-eabi/10.3.1/../../../arm-none-eabi/lib/thumb/v7e-m+dp/hard/crt0.o
 .text          0x0000000000000000        0x0 build/main.o
 .data          0x0000000000000000        0x0 build/main.o
 .bss           0x0000000000000000        0x0 build/main.o
 .text          0x0000000000000000        0x0 build/gpio.o
 .data          0x0000000000000000        0x0 build/gpio.o
 .bss           0x0000000000000000        0x0 build/gpio.o
 .text          0x0000000000000000        0x0 build/stm32h7xx_it.o
 .data          0x0000000000000000        0x0 build/stm32h7xx_it.o
 .bss           0x0000000000000000        0x0 build/stm32h7xx_it.o
[...]
Memory Configuration

Name             Origin             Length             Attributes
DTCMRAM          0x0000000020000000 0x0000000000020000 xrw
RAM_D1           0x0000000024000000 0x0000000000080000 xrw
RAM_D2           0x0000000030000000 0x0000000000048000 xrw
RAM_D3           0x0000000038000000 0x0000000000010000 xrw
ITCMRAM          0x0000000000000000 0x0000000000010000 xrw
FLASH            0x0000000008000000 0x0000000000020000 xr
*default*        0x0000000000000000 0xffffffffffffffff

Linker script and memory map

LOAD /usr/lib/gcc/arm-none-eabi/10.3.1/thumb/v7e-m+dp/hard/crti.o
LOAD /usr/lib/gcc/arm-none-eabi/10.3.1/thumb/v7e-m+dp/hard/crtbegin.o
LOAD /usr/lib/gcc/arm-none-eabi/10.3.1/../../../arm-none-eabi/lib/thumb/v7e-m+dp/hard/crt0.o
LOAD build/main.o
LOAD build/gpio.o
LOAD build/stm32h7xx_it.o
LOAD build/stm32h7xx_hal_msp.o
LOAD build/stm32h7xx_hal_cortex.o
LOAD build/stm32h7xx_hal_tim.o
LOAD build/stm32h7xx_hal_tim_ex.o
LOAD build/stm32h7xx_hal_rcc.o
LOAD build/stm32h7xx_hal_rcc_ex.o
LOAD build/stm32h7xx_hal_flash.o
LOAD build/stm32h7xx_hal_flash_ex.o
LOAD build/stm32h7xx_hal_gpio.o
LOAD build/stm32h7xx_hal_hsem.o
LOAD build/stm32h7xx_hal_dma.o
LOAD build/stm32h7xx_hal_dma_ex.o
LOAD build/stm32h7xx_hal_mdma.o
LOAD build/stm32h7xx_hal_pwr.o
LOAD build/stm32h7xx_hal_pwr_ex.o
LOAD build/stm32h7xx_hal.o
LOAD build/stm32h7xx_hal_i2c.o
LOAD build/stm32h7xx_hal_i2c_ex.o
LOAD build/stm32h7xx_hal_exti.o
LOAD build/system_stm32h7xx.o
LOAD build/startup_stm32h750xx.o
LOAD /usr/lib/gcc/arm-none-eabi/10.3.1/../../../arm-none-eabi/lib/thumb/v7e-m+dp/hard/libc_nano.a
LOAD /usr/lib/gcc/arm-none-eabi/10.3.1/../../../arm-none-eabi/lib/thumb/v7e-m+dp/hard/libm.a
LOAD /usr/lib/gcc/arm-none-eabi/10.3.1/../../../arm-none-eabi/lib/thumb/v7e-m+dp/hard/libnosys.a
START GROUP
LOAD /usr/lib/gcc/arm-none-eabi/10.3.1/thumb/v7e-m+dp/hard/libgcc.a
LOAD /usr/lib/gcc/arm-none-eabi/10.3.1/../../../arm-none-eabi/lib/thumb/v7e-m+dp/hard/libc_nano.a
END GROUP
START GROUP
LOAD /usr/lib/gcc/arm-none-eabi/10.3.1/thumb/v7e-m+dp/hard/libgcc.a
LOAD /usr/lib/gcc/arm-none-eabi/10.3.1/../../../arm-none-eabi/lib/thumb/v7e-m+dp/hard/libc_nano.a
END GROUP
LOAD /usr/lib/gcc/arm-none-eabi/10.3.1/thumb/v7e-m+dp/hard/crtend.o
LOAD /usr/lib/gcc/arm-none-eabi/10.3.1/thumb/v7e-m+dp/hard/crtn.o
                0x0000000020020000                _estack = (ORIGIN (DTCMRAM) + LENGTH (DTCMRAM))
                0x0000000000000200                _Min_Heap_Size = 0x200
                0x0000000000000400                _Min_Stack_Size = 0x400

.isr_vector     0x0000000008000000      0x298
                0x0000000008000000                . = ALIGN (0x4)
 *(.isr_vector)
 .isr_vector    0x0000000008000000      0x298 build/startup_stm32h750xx.o
                0x0000000008000000                g_pfnVectors
                0x0000000008000298                . = ALIGN (0x4)

.text           0x0000000008000298     0x1544
                0x0000000008000298                . = ALIGN (0x4)
 *(.text)
 .text          0x0000000008000298       0x88 /usr/lib/gcc/arm-none-eabi/10.3.1/thumb/v7e-m+dp/hard/crtbegin.o
 .text          0x0000000008000320       0x48 /usr/lib/gcc/arm-none-eabi/10.3.1/../../../arm-none-eabi/lib/thumb/v7e-m+dp/hard/libc_nano.a(lib_a-init.o)
                0x0000000008000320                __libc_init_array
 .text          0x0000000008000368       0xa4 /usr/lib/gcc/arm-none-eabi/10.3.1/../../../arm-none-eabi/lib/thumb/v7e-m+dp/hard/libc_nano.a(lib_a-memset.o)
                0x0000000008000368                memset
 *(.text*)
 .text.MPU_Config
                0x000000000800040c       0x52 build/main.o
 .text.Error_Handler
                0x000000000800045e        0x4 build/main.o
                0x000000000800045e                Error_Handler
 *fill*         0x0000000008000462        0x2 
 .text.SystemClock_Config
                0x0000000008000464       0x90 build/main.o
                0x0000000008000464                SystemClock_Config
 .text.main     0x00000000080004f4       0x28 build/main.o
                0x00000000080004f4                main
 .text.MX_GPIO_Init
                0x000000000800051c       0xf0 build/gpio.o
                0x000000000800051c                MX_GPIO_Init
 .text.NMI_Handler
                0x000000000800060c        0x2 build/stm32h7xx_it.o
                0x000000000800060c                NMI_Handler
 .text.HardFault_Handler
                0x000000000800060e        0x2 build/stm32h7xx_it.o
                0x000000000800060e                HardFault_Handler
 .text.MemManage_Handler
                0x0000000008000610        0x2 build/stm32h7xx_it.o
                0x0000000008000610                MemManage_Handler
 .text.BusFault_Handler
                0x0000000008000612        0x2 build/stm32h7xx_it.o
                0x0000000008000612                BusFault_Handler
 .text.UsageFault_Handler
                0x0000000008000614        0x2 build/stm32h7xx_it.o
                0x0000000008000614                UsageFault_Handler
 .text.SVC_Handler
                0x0000000008000616        0x2 build/stm32h7xx_it.o
                0x0000000008000616                SVC_Handler
 .text.DebugMon_Handler
                0x0000000008000618        0x2 build/stm32h7xx_it.o
                0x0000000008000618                DebugMon_Handler
 .text.PendSV_Handler
                0x000000000800061a        0x2 build/stm32h7xx_it.o
                0x000000000800061a                PendSV_Handler
 .text.SysTick_Handler
                0x000000000800061c        0x8 build/stm32h7xx_it.o
                0x000000000800061c                SysTick_Handler
 .text.EXTI4_IRQHandler
                0x0000000008000624        0xa build/stm32h7xx_it.o
                0x0000000008000624                EXTI4_IRQHandler
 *fill*         0x000000000800062e        0x2 
 .text.HAL_MspInit
                0x0000000008000630       0x24 build/stm32h7xx_hal_msp.o
                0x0000000008000630                HAL_MspInit
 .text.HAL_NVIC_SetPriorityGrouping
                0x0000000008000654       0x24 build/stm32h7xx_hal_cortex.o
                0x0000000008000654                HAL_NVIC_SetPriorityGrouping
 .text.HAL_NVIC_SetPriority
                0x0000000008000678       0x6c build/stm32h7xx_hal_cortex.o
                0x0000000008000678                HAL_NVIC_SetPriority
 .text.HAL_NVIC_EnableIRQ
                0x00000000080006e4       0x1c build/stm32h7xx_hal_cortex.o
                0x00000000080006e4                HAL_NVIC_EnableIRQ
 .text.HAL_SYSTICK_Config
                0x0000000008000700       0x28 build/stm32h7xx_hal_cortex.o
                0x0000000008000700                HAL_SYSTICK_Config
 .text.HAL_MPU_Disable
                0x0000000008000728       0x1c build/stm32h7xx_hal_cortex.o
                0x0000000008000728                HAL_MPU_Disable
 .text.HAL_MPU_Enable
                0x0000000008000744       0x20 build/stm32h7xx_hal_cortex.o
                0x0000000008000744                HAL_MPU_Enable
 .text.HAL_MPU_ConfigRegion
                0x0000000008000764       0x60 build/stm32h7xx_hal_cortex.o
                0x0000000008000764                HAL_MPU_ConfigRegion
 .text.HAL_RCC_OscConfig
                0x00000000080007c4      0x6b4 build/stm32h7xx_hal_rcc.o
                0x00000000080007c4                HAL_RCC_OscConfig
 .text.HAL_RCC_GetSysClockFreq
                0x0000000008000e78      0x1f4 build/stm32h7xx_hal_rcc.o
                0x0000000008000e78                HAL_RCC_GetSysClockFreq
 .text.HAL_RCC_ClockConfig
                0x000000000800106c      0x294 build/stm32h7xx_hal_rcc.o
                0x000000000800106c                HAL_RCC_ClockConfig
 .text.HAL_GPIO_Init
                0x0000000008001300      0x220 build/stm32h7xx_hal_gpio.o
                0x0000000008001300                HAL_GPIO_Init
 .text.HAL_GPIO_WritePin
                0x0000000008001520        0xc build/stm32h7xx_hal_gpio.o
                0x0000000008001520                HAL_GPIO_WritePin
 .text.HAL_GPIO_EXTI_Callback
                0x000000000800152c        0x2 build/stm32h7xx_hal_gpio.o
                0x000000000800152c                HAL_GPIO_EXTI_Callback
 .text.HAL_GPIO_EXTI_IRQHandler
                0x000000000800152e       0x1e build/stm32h7xx_hal_gpio.o
                0x000000000800152e                HAL_GPIO_EXTI_IRQHandler
 .text.HAL_PWREx_ConfigSupply
                0x000000000800154c       0x54 build/stm32h7xx_hal_pwr_ex.o
                0x000000000800154c                HAL_PWREx_ConfigSupply
 .text.HAL_InitTick
                0x00000000080015a0       0x50 build/stm32h7xx_hal.o
                0x00000000080015a0                HAL_InitTick
 .text.HAL_Init
                0x00000000080015f0       0x5c build/stm32h7xx_hal.o
                0x00000000080015f0                HAL_Init
 .text.HAL_IncTick
                0x000000000800164c       0x18 build/stm32h7xx_hal.o
                0x000000000800164c                HAL_IncTick
 .text.HAL_GetTick
                0x0000000008001664        0xc build/stm32h7xx_hal.o
                0x0000000008001664                HAL_GetTick
 .text.HAL_Delay
                0x0000000008001670       0x28 build/stm32h7xx_hal.o
                0x0000000008001670                HAL_Delay
 .text.HAL_GetREVID
                0x0000000008001698        0xc build/stm32h7xx_hal.o
                0x0000000008001698                HAL_GetREVID
 .text.SystemInit
                0x00000000080016a4       0xcc build/system_stm32h7xx.o
                0x00000000080016a4                SystemInit
 .text.Reset_Handler
                0x0000000008001770       0x50 build/startup_stm32h750xx.o
                0x0000000008001770                Reset_Handler
 .text.Default_Handler
                0x00000000080017c0        0x2 build/startup_stm32h750xx.o
                0x00000000080017c0                RTC_Alarm_IRQHandler
                0x00000000080017c0                HASH_RNG_IRQHandler
                0x00000000080017c0                EXTI2_IRQHandler
                0x00000000080017c0                TIM8_CC_IRQHandler
                0x00000000080017c0                HRTIM1_Master_IRQHandler
                0x00000000080017c0                UART8_IRQHandler
                0x00000000080017c0                SPI4_IRQHandler
                0x00000000080017c0                TIM1_CC_IRQHandler
                0x00000000080017c0                BDMA_Channel6_IRQHandler
                0x00000000080017c0                DMA2_Stream5_IRQHandler
                0x00000000080017c0                HRTIM1_FLT_IRQHandler
                0x00000000080017c0                JPEG_IRQHandler
                0x00000000080017c0                DMA1_Stream5_IRQHandler
                0x00000000080017c0                BDMA_Channel1_IRQHandler
                0x00000000080017c0                HRTIM1_TIMD_IRQHandler
                0x00000000080017c0                TAMP_STAMP_IRQHandler
                0x00000000080017c0                EXTI3_IRQHandler
                0x00000000080017c0                LPTIM4_IRQHandler
                0x00000000080017c0                TIM8_TRG_COM_TIM14_IRQHandler
                0x00000000080017c0                LPTIM2_IRQHandler
                0x00000000080017c0                DFSDM1_FLT1_IRQHandler
                0x00000000080017c0                DMAMUX2_OVR_IRQHandler
                0x00000000080017c0                TIM8_UP_TIM13_IRQHandler
                0x00000000080017c0                I2C3_ER_IRQHandler
                0x00000000080017c0                DFSDM1_FLT2_IRQHandler
                0x00000000080017c0                MDMA_IRQHandler
                0x00000000080017c0                LPTIM3_IRQHandler
                0x00000000080017c0                HSEM1_IRQHandler
                0x00000000080017c0                EXTI0_IRQHandler
                0x00000000080017c0                I2C2_EV_IRQHandler
                0x00000000080017c0                DMA1_Stream2_IRQHandler
                0x00000000080017c0                FPU_IRQHandler
                0x00000000080017c0                OTG_HS_WKUP_IRQHandler
                0x00000000080017c0                FDCAN1_IT1_IRQHandler
                0x00000000080017c0                LTDC_ER_IRQHandler
                0x00000000080017c0                DMA2_Stream2_IRQHandler
                0x00000000080017c0                HRTIM1_TIME_IRQHandler
                0x00000000080017c0                SPI1_IRQHandler
                0x00000000080017c0                TIM6_DAC_IRQHandler
                0x00000000080017c0                DCMI_IRQHandler
                0x00000000080017c0                HRTIM1_TIMC_IRQHandler
                0x00000000080017c0                DMA2_Stream3_IRQHandler
                0x00000000080017c0                SAI2_IRQHandler
                0x00000000080017c0                DFSDM1_FLT3_IRQHandler
                0x00000000080017c0                USART6_IRQHandler
                0x00000000080017c0                TIM17_IRQHandler
                0x00000000080017c0                USART3_IRQHandler
                0x00000000080017c0                BDMA_Channel7_IRQHandler
                0x00000000080017c0                CRYP_IRQHandler
                0x00000000080017c0                LPTIM5_IRQHandler
                0x00000000080017c0                UART5_IRQHandler
                0x00000000080017c0                ADC3_IRQHandler
                0x00000000080017c0                DMA2_Stream0_IRQHandler
                0x00000000080017c0                TIM4_IRQHandler
                0x00000000080017c0                BDMA_Channel2_IRQHandler
                0x00000000080017c0                QUADSPI_IRQHandler
                0x00000000080017c0                I2C1_EV_IRQHandler
                0x00000000080017c0                DMA1_Stream6_IRQHandler
                0x00000000080017c0                DMAMUX1_OVR_IRQHandler
                0x00000000080017c0                DMA1_Stream1_IRQHandler
                0x00000000080017c0                TIM16_IRQHandler
                0x00000000080017c0                UART4_IRQHandler
                0x00000000080017c0                BDMA_Channel5_IRQHandler
                0x00000000080017c0                TIM3_IRQHandler
                0x00000000080017c0                RCC_IRQHandler
                0x00000000080017c0                TIM8_BRK_TIM12_IRQHandler
                0x00000000080017c0                TIM1_TRG_COM_IRQHandler
                0x00000000080017c0                Default_Handler
                0x00000000080017c0                ECC_IRQHandler
                0x00000000080017c0                CEC_IRQHandler
                0x00000000080017c0                EXTI15_10_IRQHandler
                0x00000000080017c0                BDMA_Channel0_IRQHandler
                0x00000000080017c0                ADC_IRQHandler
                0x00000000080017c0                DMA1_Stream7_IRQHandler
                0x00000000080017c0                HRTIM1_TIMA_IRQHandler
                0x00000000080017c0                SPI5_IRQHandler
                0x00000000080017c0                TIM7_IRQHandler
                0x00000000080017c0                SDMMC1_IRQHandler
                0x00000000080017c0                TIM5_IRQHandler
                0x00000000080017c0                DMA2_Stream7_IRQHandler
                0x00000000080017c0                TIM15_IRQHandler
                0x00000000080017c0                PVD_AVD_IRQHandler
                0x00000000080017c0                I2C3_EV_IRQHandler
                0x00000000080017c0                EXTI9_5_IRQHandler
                0x00000000080017c0                RTC_WKUP_IRQHandler
                0x00000000080017c0                LTDC_IRQHandler
                0x00000000080017c0                SAI3_IRQHandler
                0x00000000080017c0                ETH_WKUP_IRQHandler
                0x00000000080017c0                SPDIF_RX_IRQHandler
                0x00000000080017c0                SPI2_IRQHandler
                0x00000000080017c0                OTG_HS_EP1_IN_IRQHandler
                0x00000000080017c0                DMA1_Stream0_IRQHandler
                0x00000000080017c0                CRS_IRQHandler
                0x00000000080017c0                HRTIM1_TIMB_IRQHandler
                0x00000000080017c0                FDCAN2_IT1_IRQHandler
                0x00000000080017c0                ETH_IRQHandler
                0x00000000080017c0                TIM1_UP_IRQHandler
                0x00000000080017c0                BDMA_Channel4_IRQHandler
                0x00000000080017c0                OTG_HS_EP1_OUT_IRQHandler
                0x00000000080017c0                WWDG_IRQHandler
                0x00000000080017c0                SPI6_IRQHandler
                0x00000000080017c0                MDIOS_IRQHandler
                0x00000000080017c0                I2C4_EV_IRQHandler
                0x00000000080017c0                FDCAN2_IT0_IRQHandler
                0x00000000080017c0                LPUART1_IRQHandler
                0x00000000080017c0                FDCAN1_IT0_IRQHandler
                0x00000000080017c0                TIM2_IRQHandler
                0x00000000080017c0                OTG_FS_WKUP_IRQHandler
                0x00000000080017c0                OTG_HS_IRQHandler
                0x00000000080017c0                DMA2D_IRQHandler
                0x00000000080017c0                TIM1_BRK_IRQHandler
                0x00000000080017c0                EXTI1_IRQHandler
                0x00000000080017c0                SDMMC2_IRQHandler
                0x00000000080017c0                OTG_FS_EP1_OUT_IRQHandler
                0x00000000080017c0                BDMA_Channel3_IRQHandler
                0x00000000080017c0                UART7_IRQHandler
                0x00000000080017c0                MDIOS_WKUP_IRQHandler
                0x00000000080017c0                USART2_IRQHandler
                0x00000000080017c0                DFSDM1_FLT0_IRQHandler
                0x00000000080017c0                SAI4_IRQHandler
                0x00000000080017c0                I2C2_ER_IRQHandler
                0x00000000080017c0                DMA2_Stream1_IRQHandler
                0x00000000080017c0                FLASH_IRQHandler
                0x00000000080017c0                DMA2_Stream4_IRQHandler
                0x00000000080017c0                USART1_IRQHandler
                0x00000000080017c0                OTG_FS_IRQHandler
                0x00000000080017c0                SPI3_IRQHandler
                0x00000000080017c0                WAKEUP_PIN_IRQHandler
                0x00000000080017c0                DMA1_Stream4_IRQHandler
                0x00000000080017c0                OTG_FS_EP1_IN_IRQHandler
                0x00000000080017c0                I2C1_ER_IRQHandler
                0x00000000080017c0                FMC_IRQHandler
                0x00000000080017c0                FDCAN_CAL_IRQHandler
                0x00000000080017c0                SWPMI1_IRQHandler
                0x00000000080017c0                COMP1_IRQHandler
                0x00000000080017c0                LPTIM1_IRQHandler
                0x00000000080017c0                I2C4_ER_IRQHandler
                0x00000000080017c0                DMA2_Stream6_IRQHandler
                0x00000000080017c0                SAI1_IRQHandler
                0x00000000080017c0                DMA1_Stream3_IRQHandler
 *(.glue_7)
 .glue_7        0x00000000080017c2        0x0 linker stubs
 *(.glue_7t)
 .glue_7t       0x00000000080017c2        0x0 linker stubs
 *(.eh_frame)
 *fill*         0x00000000080017c2        0x2 
 .eh_frame      0x00000000080017c4        0x0 /usr/lib/gcc/arm-none-eabi/10.3.1/thumb/v7e-m+dp/hard/crtbegin.o
 *(.init)
 .init          0x00000000080017c4        0x4 /usr/lib/gcc/arm-none-eabi/10.3.1/thumb/v7e-m+dp/hard/crti.o
                0x00000000080017c4                _init
 .init          0x00000000080017c8        0x8 /usr/lib/gcc/arm-none-eabi/10.3.1/thumb/v7e-m+dp/hard/crtn.o
 *(.fini)
 .fini          0x00000000080017d0        0x4 /usr/lib/gcc/arm-none-eabi/10.3.1/thumb/v7e-m+dp/hard/crti.o
                0x00000000080017d0                _fini
 .fini          0x00000000080017d4        0x8 /usr/lib/gcc/arm-none-eabi/10.3.1/thumb/v7e-m+dp/hard/crtn.o
                0x00000000080017dc                . = ALIGN (0x4)
                0x00000000080017dc                _etext = .

.vfp11_veneer   0x00000000080017dc        0x0
 .vfp11_veneer  0x00000000080017dc        0x0 linker stubs

.v4_bx          0x00000000080017dc        0x0
 .v4_bx         0x00000000080017dc        0x0 linker stubs

.iplt           0x00000000080017dc        0x0
 .iplt          0x00000000080017dc        0x0 /usr/lib/gcc/arm-none-eabi/10.3.1/thumb/v7e-m+dp/hard/crtbegin.o

.rodata         0x00000000080017dc       0x10
                0x00000000080017dc                . = ALIGN (0x4)
 *(.rodata)
 *(.rodata*)
 .rodata.D1CorePrescTable
                0x00000000080017dc       0x10 build/system_stm32h7xx.o
                0x00000000080017dc                D1CorePrescTable
                0x00000000080017ec                . = ALIGN (0x4)

.rel.dyn        0x00000000080017ec        0x0
 .rel.iplt      0x00000000080017ec        0x0 /usr/lib/gcc/arm-none-eabi/10.3.1/thumb/v7e-m+dp/hard/crtbegin.o

.ARM.extab
 *(.ARM.extab* .gnu.linkonce.armextab.*)

.ARM            0x00000000080017ec        0x0
                0x00000000080017ec                __exidx_start = .
 *(.ARM.exidx*)
                0x00000000080017ec                __exidx_end = .

.preinit_array  0x00000000080017ec        0x0
                0x00000000080017ec                PROVIDE (__preinit_array_start = .)
 *(.preinit_array*)
                0x00000000080017ec                PROVIDE (__preinit_array_end = .)

.init_array     0x00000000080017ec        0x4
                0x00000000080017ec                PROVIDE (__init_array_start = .)
 *(SORT_BY_NAME(.init_array.*))
 *(.init_array*)
 .init_array    0x00000000080017ec        0x4 /usr/lib/gcc/arm-none-eabi/10.3.1/thumb/v7e-m+dp/hard/crtbegin.o
                0x00000000080017f0                PROVIDE (__init_array_end = .)

.fini_array     0x00000000080017f0        0x4
                0x00000000080017f0                PROVIDE (__fini_array_start = .)
 *(SORT_BY_NAME(.fini_array.*))
 *(.fini_array*)
 .fini_array    0x00000000080017f0        0x4 /usr/lib/gcc/arm-none-eabi/10.3.1/thumb/v7e-m+dp/hard/crtbegin.o
                0x00000000080017f4                PROVIDE (__fini_array_end = .)
                0x00000000080017f4                _sidata = LOADADDR (.data)

.data           0x0000000020000000       0x10 load address 0x00000000080017f4
                0x0000000020000000                . = ALIGN (0x4)
                0x0000000020000000                _sdata = .
 *(.data)
 *(.data*)
 .data.uwTickFreq
                0x0000000020000000        0x1 build/stm32h7xx_hal.o
                0x0000000020000000                uwTickFreq
 *fill*         0x0000000020000001        0x3 
 .data.uwTickPrio
                0x0000000020000004        0x4 build/stm32h7xx_hal.o
                0x0000000020000004                uwTickPrio
 .data.SystemCoreClock
                0x0000000020000008        0x4 build/system_stm32h7xx.o
                0x0000000020000008                SystemCoreClock
 .data.SystemD2Clock
                0x000000002000000c        0x4 build/system_stm32h7xx.o
                0x000000002000000c                SystemD2Clock
                0x0000000020000010                . = ALIGN (0x4)
                0x0000000020000010                _edata = .

.tm_clone_table
                0x0000000020000010        0x0 load address 0x0000000008001804
 .tm_clone_table
                0x0000000020000010        0x0 /usr/lib/gcc/arm-none-eabi/10.3.1/thumb/v7e-m+dp/hard/crtbegin.o
 .tm_clone_table
                0x0000000020000010        0x0 /usr/lib/gcc/arm-none-eabi/10.3.1/thumb/v7e-m+dp/hard/crtend.o

.igot.plt       0x0000000020000010        0x0 load address 0x0000000008001804
 .igot.plt      0x0000000020000010        0x0 /usr/lib/gcc/arm-none-eabi/10.3.1/thumb/v7e-m+dp/hard/crtbegin.o
                0x0000000020000010                . = ALIGN (0x4)

.bss            0x0000000020000010       0x20 load address 0x0000000008001804
                0x0000000020000010                _sbss = .
                0x0000000020000010                __bss_start__ = _sbss
 *(.bss)
 .bss           0x0000000020000010       0x1c /usr/lib/gcc/arm-none-eabi/10.3.1/thumb/v7e-m+dp/hard/crtbegin.o
 *(.bss*)
 .bss.uwTick    0x000000002000002c        0x4 build/stm32h7xx_hal.o
                0x000000002000002c                uwTick
 *(COMMON)
                0x0000000020000030                . = ALIGN (0x4)
                0x0000000020000030                _ebss = .
                0x0000000020000030                __bss_end__ = _ebss

._user_heap_stack
                0x0000000020000030      0x600 load address 0x0000000008001804
                0x0000000020000030                . = ALIGN (0x8)
                [!provide]                        PROVIDE (end = .)
                [!provide]                        PROVIDE (_end = .)
                0x0000000020000230                . = (. + _Min_Heap_Size)
 *fill*         0x0000000020000030      0x200 
                0x0000000020000630                . = (. + _Min_Stack_Size)
 *fill*         0x0000000020000230      0x400 
                0x0000000020000630                . = ALIGN (0x8)

/DISCARD/
 libc.a(*)
 libm.a(*)
 libgcc.a(*)

.ARM.attributes
                0x0000000000000000       0x2e
 *(.ARM.attributes)
 .ARM.attributes
                0x0000000000000000       0x1e /usr/lib/gcc/arm-none-eabi/10.3.1/thumb/v7e-m+dp/hard/crti.o
 .ARM.attributes
                0x000000000000001e       0x32 /usr/lib/gcc/arm-none-eabi/10.3.1/thumb/v7e-m+dp/hard/crtbegin.o
 .ARM.attributes
                0x0000000000000050       0x32 build/main.o
 .ARM.attributes
                0x0000000000000082       0x32 build/gpio.o
 .ARM.attributes
                0x00000000000000b4       0x32 build/stm32h7xx_it.o
 .ARM.attributes
                0x00000000000000e6       0x32 build/stm32h7xx_hal_msp.o
 .ARM.attributes
                0x0000000000000118       0x32 build/stm32h7xx_hal_cortex.o
 .ARM.attributes
                0x000000000000014a       0x32 build/stm32h7xx_hal_rcc.o
 .ARM.attributes
                0x000000000000017c       0x32 build/stm32h7xx_hal_gpio.o
 .ARM.attributes
                0x00000000000001ae       0x32 build/stm32h7xx_hal_pwr_ex.o
 .ARM.attributes
                0x00000000000001e0       0x32 build/stm32h7xx_hal.o
 .ARM.attributes
                0x0000000000000212       0x32 build/system_stm32h7xx.o
 .ARM.attributes
                0x0000000000000244       0x21 build/startup_stm32h750xx.o
 .ARM.attributes
                0x0000000000000265       0x32 /usr/lib/gcc/arm-none-eabi/10.3.1/../../../arm-none-eabi/lib/thumb/v7e-m+dp/hard/libc_nano.a(lib_a-init.o)
 .ARM.attributes
                0x0000000000000297       0x32 /usr/lib/gcc/arm-none-eabi/10.3.1/../../../arm-none-eabi/lib/thumb/v7e-m+dp/hard/libc_nano.a(lib_a-memset.o)
 .ARM.attributes
                0x00000000000002c9       0x30 /usr/lib/gcc/arm-none-eabi/10.3.1/thumb/v7e-m+dp/hard/crtend.o
 .ARM.attributes
                0x00000000000002f9       0x1e /usr/lib/gcc/arm-none-eabi/10.3.1/thumb/v7e-m+dp/hard/crtn.o
OUTPUT(build/STM32H750XBH6_3_key_test.elf elf32-littlearm)
LOAD linker stubs
LOAD /usr/lib/gcc/arm-none-eabi/10.3.1/../../../arm-none-eabi/lib/thumb/v7e-m+dp/hard/libc.a
LOAD /usr/lib/gcc/arm-none-eabi/10.3.1/../../../arm-none-eabi/lib/thumb/v7e-m+dp/hard/libm.a
LOAD /usr/lib/gcc/arm-none-eabi/10.3.1/thumb/v7e-m+dp/hard/libgcc.a

.comment        0x0000000000000000       0x33
 .comment       0x0000000000000000       0x33 /usr/lib/gcc/arm-none-eabi/10.3.1/thumb/v7e-m+dp/hard/crtbegin.o
                                         0x34 (size before relaxing)
 .comment       0x0000000000000033       0x34 build/main.o
 .comment       0x0000000000000033       0x34 build/gpio.o
 .comment       0x0000000000000033       0x34 build/stm32h7xx_it.o
 .comment       0x0000000000000033       0x34 build/stm32h7xx_hal_msp.o
 .comment       0x0000000000000033       0x34 build/stm32h7xx_hal_cortex.o
 .comment       0x0000000000000033       0x34 build/stm32h7xx_hal_rcc.o
 .comment       0x0000000000000033       0x34 build/stm32h7xx_hal_gpio.o
 .comment       0x0000000000000033       0x34 build/stm32h7xx_hal_pwr_ex.o
 .comment       0x0000000000000033       0x34 build/stm32h7xx_hal.o
 .comment       0x0000000000000033       0x34 build/system_stm32h7xx.o
 .comment       0x0000000000000033       0x34 /usr/lib/gcc/arm-none-eabi/10.3.1/../../../arm-none-eabi/lib/thumb/v7e-m+dp/hard/libc_nano.a(lib_a-init.o)
 .comment       0x0000000000000033       0x34 /usr/lib/gcc/arm-none-eabi/10.3.1/../../../arm-none-eabi/lib/thumb/v7e-m+dp/hard/libc_nano.a(lib_a-memset.o)
 .comment       0x0000000000000033       0x34 /usr/lib/gcc/arm-none-eabi/10.3.1/thumb/v7e-m+dp/hard/crtend.o

.debug_info     0x0000000000000000     0x8ecd
 .debug_info    0x0000000000000000      0x749 build/main.o
 .debug_info    0x0000000000000749      0xb72 build/gpio.o
 .debug_info    0x00000000000012bb      0x1b6 build/stm32h7xx_it.o
 .debug_info    0x0000000000001471      0x537 build/stm32h7xx_hal_msp.o
 .debug_info    0x00000000000019a8     0x14e9 build/stm32h7xx_hal_cortex.o
 .debug_info    0x0000000000002e91     0x13bc build/stm32h7xx_hal_rcc.o
 .debug_info    0x000000000000424d      0xec9 build/stm32h7xx_hal_gpio.o
 .debug_info    0x0000000000005116     0x13db build/stm32h7xx_hal_pwr_ex.o
 .debug_info    0x00000000000064f1     0x18cc build/stm32h7xx_hal.o
 .debug_info    0x0000000000007dbd      0xe9d build/system_stm32h7xx.o
 .debug_info    0x0000000000008c5a       0x22 build/startup_stm32h750xx.o
 .debug_info    0x0000000000008c7c      0x11a /usr/lib/gcc/arm-none-eabi/10.3.1/../../../arm-none-eabi/lib/thumb/v7e-m+dp/hard/libc_nano.a(lib_a-init.o)
 .debug_info    0x0000000000008d96      0x137 /usr/lib/gcc/arm-none-eabi/10.3.1/../../../arm-none-eabi/lib/thumb/v7e-m+dp/hard/libc_nano.a(lib_a-memset.o)

.debug_abbrev   0x0000000000000000     0x1516
 .debug_abbrev  0x0000000000000000      0x1f2 build/main.o
 .debug_abbrev  0x00000000000001f2      0x17d build/gpio.o
 .debug_abbrev  0x000000000000036f       0xa7 build/stm32h7xx_it.o
 .debug_abbrev  0x0000000000000416       0xc8 build/stm32h7xx_hal_msp.o
 .debug_abbrev  0x00000000000004de      0x395 build/stm32h7xx_hal_cortex.o
 .debug_abbrev  0x0000000000000873      0x27d build/stm32h7xx_hal_rcc.o
 .debug_abbrev  0x0000000000000af0      0x253 build/stm32h7xx_hal_gpio.o
 .debug_abbrev  0x0000000000000d43      0x2b6 build/stm32h7xx_hal_pwr_ex.o
 .debug_abbrev  0x0000000000000ff9      0x261 build/stm32h7xx_hal.o
 .debug_abbrev  0x000000000000125a      0x12a build/system_stm32h7xx.o
 .debug_abbrev  0x0000000000001384       0x12 build/startup_stm32h750xx.o
 .debug_abbrev  0x0000000000001396       0xcc /usr/lib/gcc/arm-none-eabi/10.3.1/../../../arm-none-eabi/lib/thumb/v7e-m+dp/hard/libc_nano.a(lib_a-init.o)
 .debug_abbrev  0x0000000000001462       0xb4 /usr/lib/gcc/arm-none-eabi/10.3.1/../../../arm-none-eabi/lib/thumb/v7e-m+dp/hard/libc_nano.a(lib_a-memset.o)

.debug_loc      0x0000000000000000     0x284c
 .debug_loc     0x0000000000000000       0x9e build/main.o
 .debug_loc     0x000000000000009e       0x39 build/gpio.o
 .debug_loc     0x00000000000000d7       0x40 build/stm32h7xx_it.o
 .debug_loc     0x0000000000000117       0x2c build/stm32h7xx_hal_msp.o
 .debug_loc     0x0000000000000143      0x786 build/stm32h7xx_hal_cortex.o
 .debug_loc     0x00000000000008c9      0xac2 build/stm32h7xx_hal_rcc.o
 .debug_loc     0x000000000000138b      0x482 build/stm32h7xx_hal_gpio.o
 .debug_loc     0x000000000000180d      0x65b build/stm32h7xx_hal_pwr_ex.o
 .debug_loc     0x0000000000001e68      0x526 build/stm32h7xx_hal.o
 .debug_loc     0x000000000000238e      0x1d8 build/system_stm32h7xx.o
 .debug_loc     0x0000000000002566       0xba /usr/lib/gcc/arm-none-eabi/10.3.1/../../../arm-none-eabi/lib/thumb/v7e-m+dp/hard/libc_nano.a(lib_a-init.o)
 .debug_loc     0x0000000000002620      0x22c /usr/lib/gcc/arm-none-eabi/10.3.1/../../../arm-none-eabi/lib/thumb/v7e-m+dp/hard/libc_nano.a(lib_a-memset.o)

.debug_aranges  0x0000000000000000      0x5f0
 .debug_aranges
                0x0000000000000000       0x38 build/main.o
 .debug_aranges
                0x0000000000000038       0x20 build/gpio.o
 .debug_aranges
                0x0000000000000058       0x68 build/stm32h7xx_it.o
 .debug_aranges
                0x00000000000000c0       0x20 build/stm32h7xx_hal_msp.o
 .debug_aranges
                0x00000000000000e0       0xb0 build/stm32h7xx_hal_cortex.o
 .debug_aranges
                0x0000000000000190       0x88 build/stm32h7xx_hal_rcc.o
 .debug_aranges
                0x0000000000000218       0x58 build/stm32h7xx_hal_gpio.o
 .debug_aranges
                0x0000000000000270      0x158 build/stm32h7xx_hal_pwr_ex.o
 .debug_aranges
                0x00000000000003c8      0x198 build/stm32h7xx_hal.o
 .debug_aranges
                0x0000000000000560       0x28 build/system_stm32h7xx.o
 .debug_aranges
                0x0000000000000588       0x28 build/startup_stm32h750xx.o
 .debug_aranges
                0x00000000000005b0       0x20 /usr/lib/gcc/arm-none-eabi/10.3.1/../../../arm-none-eabi/lib/thumb/v7e-m+dp/hard/libc_nano.a(lib_a-init.o)
 .debug_aranges
                0x00000000000005d0       0x20 /usr/lib/gcc/arm-none-eabi/10.3.1/../../../arm-none-eabi/lib/thumb/v7e-m+dp/hard/libc_nano.a(lib_a-memset.o)

.debug_ranges   0x0000000000000000      0x638
 .debug_ranges  0x0000000000000000       0x28 build/main.o
 .debug_ranges  0x0000000000000028       0x10 build/gpio.o
 .debug_ranges  0x0000000000000038       0x58 build/stm32h7xx_it.o
 .debug_ranges  0x0000000000000090       0x10 build/stm32h7xx_hal_msp.o
 .debug_ranges  0x00000000000000a0      0x100 build/stm32h7xx_hal_cortex.o
 .debug_ranges  0x00000000000001a0       0xe8 build/stm32h7xx_hal_rcc.o
 .debug_ranges  0x0000000000000288       0x48 build/stm32h7xx_hal_gpio.o
 .debug_ranges  0x00000000000002d0      0x1a8 build/stm32h7xx_hal_pwr_ex.o
 .debug_ranges  0x0000000000000478      0x188 build/stm32h7xx_hal.o
 .debug_ranges  0x0000000000000600       0x18 build/system_stm32h7xx.o
 .debug_ranges  0x0000000000000618       0x20 build/startup_stm32h750xx.o

.debug_line     0x0000000000000000     0x3fcd
 .debug_line    0x0000000000000000      0x372 build/main.o
 .debug_line    0x0000000000000372      0x18a build/gpio.o
 .debug_line    0x00000000000004fc      0x1de build/stm32h7xx_it.o
 .debug_line    0x00000000000006da       0xcc build/stm32h7xx_hal_msp.o
 .debug_line    0x00000000000007a6      0x6fe build/stm32h7xx_hal_cortex.o
 .debug_line    0x0000000000000ea4     0x11f1 build/stm32h7xx_hal_rcc.o
 .debug_line    0x0000000000002095      0x62a build/stm32h7xx_hal_gpio.o
 .debug_line    0x00000000000026bf      0x9f3 build/stm32h7xx_hal_pwr_ex.o
 .debug_line    0x00000000000030b2      0x833 build/stm32h7xx_hal.o
 .debug_line    0x00000000000038e5      0x37b build/system_stm32h7xx.o
 .debug_line    0x0000000000003c60       0x76 build/startup_stm32h750xx.o
 .debug_line    0x0000000000003cd6      0x138 /usr/lib/gcc/arm-none-eabi/10.3.1/../../../arm-none-eabi/lib/thumb/v7e-m+dp/hard/libc_nano.a(lib_a-init.o)
 .debug_line    0x0000000000003e0e      0x1bf /usr/lib/gcc/arm-none-eabi/10.3.1/../../../arm-none-eabi/lib/thumb/v7e-m+dp/hard/libc_nano.a(lib_a-memset.o)

.debug_str      0x0000000000000000     0x2931
 .debug_str     0x0000000000000000      0x4fe build/main.o
                                        0x551 (size before relaxing)
 .debug_str     0x00000000000004fe      0xac4 build/gpio.o
                                        0xcd1 (size before relaxing)
 .debug_str     0x0000000000000fc2       0xde build/stm32h7xx_it.o
                                        0x262 (size before relaxing)
 .debug_str     0x00000000000010a0       0x29 build/stm32h7xx_hal_msp.o
                                        0x3d7 (size before relaxing)
 .debug_str     0x00000000000010c9      0x4ec build/stm32h7xx_hal_cortex.o
                                       0x1028 (size before relaxing)
 .debug_str     0x00000000000015b5      0x394 build/stm32h7xx_hal_rcc.o
                                        0x9ea (size before relaxing)
 .debug_str     0x0000000000001949      0x1fa build/stm32h7xx_hal_gpio.o
                                        0x6ae (size before relaxing)
 .debug_str     0x0000000000001b43      0x551 build/stm32h7xx_hal_pwr_ex.o
                                        0xa24 (size before relaxing)
 .debug_str     0x0000000000002094      0x61b build/stm32h7xx_hal.o
                                       0x149a (size before relaxing)
 .debug_str     0x00000000000026af       0x3d build/system_stm32h7xx.o
                                        0x70a (size before relaxing)
 .debug_str     0x00000000000026ec       0x22 build/startup_stm32h750xx.o
                                         0x56 (size before relaxing)
 .debug_str     0x000000000000270e      0x179 /usr/lib/gcc/arm-none-eabi/10.3.1/../../../arm-none-eabi/lib/thumb/v7e-m+dp/hard/libc_nano.a(lib_a-init.o)
                                        0x20e (size before relaxing)
 .debug_str     0x0000000000002887       0xaa /usr/lib/gcc/arm-none-eabi/10.3.1/../../../arm-none-eabi/lib/thumb/v7e-m+dp/hard/libc_nano.a(lib_a-memset.o)
                                        0x1c3 (size before relaxing)

.debug_frame    0x0000000000000000      0xc34
 .debug_frame   0x0000000000000000       0x78 build/main.o
 .debug_frame   0x0000000000000078       0x34 build/gpio.o
 .debug_frame   0x00000000000000ac       0xc0 build/stm32h7xx_it.o
 .debug_frame   0x000000000000016c       0x28 build/stm32h7xx_hal_msp.o
 .debug_frame   0x0000000000000194      0x158 build/stm32h7xx_hal_cortex.o
 .debug_frame   0x00000000000002ec      0x18c build/stm32h7xx_hal_rcc.o
 .debug_frame   0x0000000000000478       0xd4 build/stm32h7xx_hal_gpio.o
 .debug_frame   0x000000000000054c      0x2f4 build/stm32h7xx_hal_pwr_ex.o
 .debug_frame   0x0000000000000840      0x360 build/stm32h7xx_hal.o
 .debug_frame   0x0000000000000ba0       0x3c build/system_stm32h7xx.o
 .debug_frame   0x0000000000000bdc       0x2c /usr/lib/gcc/arm-none-eabi/10.3.1/../../../arm-none-eabi/lib/thumb/v7e-m+dp/hard/libc_nano.a(lib_a-init.o)
 .debug_frame   0x0000000000000c08       0x2c /usr/lib/gcc/arm-none-eabi/10.3.1/../../../arm-none-eabi/lib/thumb/v7e-m+dp/hard/libc_nano.a(lib_a-memset.o)

Cross Reference Table

Symbol                                            File
ADC3_IRQHandler                                   build/startup_stm32h750xx.o
ADC_IRQHandler                                    build/startup_stm32h750xx.o
BDMA_Channel0_IRQHandler                          build/startup_stm32h750xx.o
BDMA_Channel1_IRQHandler                          build/startup_stm32h750xx.o
BDMA_Channel2_IRQHandler                          build/startup_stm32h750xx.o
BDMA_Channel3_IRQHandler                          build/startup_stm32h750xx.o
BDMA_Channel4_IRQHandler                          build/startup_stm32h750xx.o
BDMA_Channel5_IRQHandler                          build/startup_stm32h750xx.o
BDMA_Channel6_IRQHandler                          build/startup_stm32h750xx.o
BDMA_Channel7_IRQHandler                          build/startup_stm32h750xx.o
BusFault_Handler                                  build/stm32h7xx_it.o
CEC_IRQHandler                                    build/startup_stm32h750xx.o
COMP1_IRQHandler                                  build/startup_stm32h750xx.o
CRS_IRQHandler                                    build/startup_stm32h750xx.o
CRYP_IRQHandler                                   build/startup_stm32h750xx.o
D1CorePrescTable                                  build/system_stm32h7xx.o
                                                  build/stm32h7xx_hal.o
                                                  build/stm32h7xx_hal_rcc_ex.o
                                                  build/stm32h7xx_hal_rcc.o
DCMI_IRQHandler                                   build/startup_stm32h750xx.o
DFSDM1_FLT0_IRQHandler                            build/startup_stm32h750xx.o
DFSDM1_FLT1_IRQHandler                            build/startup_stm32h750xx.o
DFSDM1_FLT2_IRQHandler                            build/startup_stm32h750xx.o
DFSDM1_FLT3_IRQHandler                            build/startup_stm32h750xx.o
DMA1_Stream0_IRQHandler                           build/startup_stm32h750xx.o
DMA1_Stream1_IRQHandler                           build/startup_stm32h750xx.o
DMA1_Stream2_IRQHandler                           build/startup_stm32h750xx.o
DMA1_Stream3_IRQHandler                           build/startup_stm32h750xx.o
DMA1_Stream4_IRQHandler                           build/startup_stm32h750xx.o
DMA1_Stream5_IRQHandler                           build/startup_stm32h750xx.o
DMA1_Stream6_IRQHandler                           build/startup_stm32h750xx.o
DMA1_Stream7_IRQHandler                           build/startup_stm32h750xx.o
DMA2D_IRQHandler                                  build/startup_stm32h750xx.o
DMA2_Stream0_IRQHandler                           build/startup_stm32h750xx.o
DMA2_Stream1_IRQHandler                           build/startup_stm32h750xx.o
DMA2_Stream2_IRQHandler                           build/startup_stm32h750xx.o
DMA2_Stream3_IRQHandler                           build/startup_stm32h750xx.o
DMA2_Stream4_IRQHandler                           build/startup_stm32h750xx.o
DMA2_Stream5_IRQHandler                           build/startup_stm32h750xx.o
DMA2_Stream6_IRQHandler                           build/startup_stm32h750xx.o
DMA2_Stream7_IRQHandler                           build/startup_stm32h750xx.o
DMAMUX1_OVR_IRQHandler                            build/startup_stm32h750xx.o
DMAMUX2_OVR_IRQHandler                            build/startup_stm32h750xx.o
DebugMon_Handler                                  build/stm32h7xx_it.o
Default_Handler                                   build/startup_stm32h750xx.o
ECC_IRQHandler                                    build/startup_stm32h750xx.o
ETH_IRQHandler                                    build/startup_stm32h750xx.o
ETH_WKUP_IRQHandler                               build/startup_stm32h750xx.o
EXTI0_IRQHandler                                  build/startup_stm32h750xx.o
EXTI15_10_IRQHandler                              build/startup_stm32h750xx.o
EXTI1_IRQHandler                                  build/startup_stm32h750xx.o
EXTI2_IRQHandler                                  build/startup_stm32h750xx.o
EXTI3_IRQHandler                                  build/startup_stm32h750xx.o
EXTI4_IRQHandler                                  build/stm32h7xx_it.o
EXTI9_5_IRQHandler                                build/startup_stm32h750xx.o
Error_Handler                                     build/main.o
FDCAN1_IT0_IRQHandler                             build/startup_stm32h750xx.o
FDCAN1_IT1_IRQHandler                             build/startup_stm32h750xx.o
FDCAN2_IT0_IRQHandler                             build/startup_stm32h750xx.o
FDCAN2_IT1_IRQHandler                             build/startup_stm32h750xx.o
FDCAN_CAL_IRQHandler                              build/startup_stm32h750xx.o
FLASH_CRC_WaitForLastOperation                    build/stm32h7xx_hal_flash.o
                                                  build/stm32h7xx_hal_flash_ex.o
FLASH_Erase_Sector                                build/stm32h7xx_hal_flash_ex.o
                                                  build/stm32h7xx_hal_flash.o
FLASH_IRQHandler                                  build/startup_stm32h750xx.o
FLASH_OB_WaitForLastOperation                     build/stm32h7xx_hal_flash.o
                                                  build/stm32h7xx_hal_flash_ex.o
FLASH_WaitForLastOperation                        build/stm32h7xx_hal_flash.o
                                                  build/stm32h7xx_hal_flash_ex.o
FMC_IRQHandler                                    build/startup_stm32h750xx.o
FPU_IRQHandler                                    build/startup_stm32h750xx.o
HAL_DBGMCU_DisableDBGSleepMode                    build/stm32h7xx_hal.o
HAL_DBGMCU_DisableDBGStandbyMode                  build/stm32h7xx_hal.o
HAL_DBGMCU_DisableDBGStopMode                     build/stm32h7xx_hal.o
HAL_DBGMCU_EnableDBGSleepMode                     build/stm32h7xx_hal.o
HAL_DBGMCU_EnableDBGStandbyMode                   build/stm32h7xx_hal.o
HAL_DBGMCU_EnableDBGStopMode                      build/stm32h7xx_hal.o
HAL_DMAEx_ChangeMemory                            build/stm32h7xx_hal_dma_ex.o
HAL_DMAEx_ConfigMuxRequestGenerator               build/stm32h7xx_hal_dma_ex.o
HAL_DMAEx_ConfigMuxSync                           build/stm32h7xx_hal_dma_ex.o
HAL_DMAEx_DisableMuxRequestGenerator              build/stm32h7xx_hal_dma_ex.o
HAL_DMAEx_EnableMuxRequestGenerator               build/stm32h7xx_hal_dma_ex.o
HAL_DMAEx_MUX_IRQHandler                          build/stm32h7xx_hal_dma_ex.o
HAL_DMAEx_MultiBufferStart                        build/stm32h7xx_hal_dma_ex.o
HAL_DMAEx_MultiBufferStart_IT                     build/stm32h7xx_hal_dma_ex.o
HAL_DMA_Abort                                     build/stm32h7xx_hal_dma.o
HAL_DMA_Abort_IT                                  build/stm32h7xx_hal_dma.o
                                                  build/stm32h7xx_hal_i2c.o
HAL_DMA_DeInit                                    build/stm32h7xx_hal_dma.o
HAL_DMA_GetError                                  build/stm32h7xx_hal_dma.o
                                                  build/stm32h7xx_hal_i2c.o
HAL_DMA_GetState                                  build/stm32h7xx_hal_dma.o
                                                  build/stm32h7xx_hal_i2c.o
HAL_DMA_IRQHandler                                build/stm32h7xx_hal_dma.o
HAL_DMA_Init                                      build/stm32h7xx_hal_dma.o
HAL_DMA_PollForTransfer                           build/stm32h7xx_hal_dma.o
HAL_DMA_RegisterCallback                          build/stm32h7xx_hal_dma.o
HAL_DMA_Start                                     build/stm32h7xx_hal_dma.o
HAL_DMA_Start_IT                                  build/stm32h7xx_hal_dma.o
                                                  build/stm32h7xx_hal_i2c.o
HAL_DMA_UnRegisterCallback                        build/stm32h7xx_hal_dma.o
HAL_DeInit                                        build/stm32h7xx_hal.o
HAL_Delay                                         build/stm32h7xx_hal.o
                                                  build/main.o
HAL_DisableCompensationCell                       build/stm32h7xx_hal.o
HAL_EXTI_ClearConfigLine                          build/stm32h7xx_hal_exti.o
HAL_EXTI_ClearPending                             build/stm32h7xx_hal_exti.o
HAL_EXTI_D1_ClearFlag                             build/stm32h7xx_hal.o
HAL_EXTI_D1_EventInputConfig                      build/stm32h7xx_hal.o
HAL_EXTI_D3_EventInputConfig                      build/stm32h7xx_hal.o
HAL_EXTI_EdgeConfig                               build/stm32h7xx_hal.o
HAL_EXTI_GenerateSWI                              build/stm32h7xx_hal_exti.o
HAL_EXTI_GenerateSWInterrupt                      build/stm32h7xx_hal.o
HAL_EXTI_GetConfigLine                            build/stm32h7xx_hal_exti.o
HAL_EXTI_GetHandle                                build/stm32h7xx_hal_exti.o
HAL_EXTI_GetPending                               build/stm32h7xx_hal_exti.o
HAL_EXTI_IRQHandler                               build/stm32h7xx_hal_exti.o
HAL_EXTI_RegisterCallback                         build/stm32h7xx_hal_exti.o
HAL_EXTI_SetConfigLine                            build/stm32h7xx_hal_exti.o
HAL_EnableCompensationCell                        build/stm32h7xx_hal.o
HAL_FLASHEx_ComputeCRC                            build/stm32h7xx_hal_flash_ex.o
HAL_FLASHEx_Erase                                 build/stm32h7xx_hal_flash_ex.o
HAL_FLASHEx_Erase_IT                              build/stm32h7xx_hal_flash_ex.o
HAL_FLASHEx_Lock_Bank1                            build/stm32h7xx_hal_flash_ex.o
HAL_FLASHEx_OBGetConfig                           build/stm32h7xx_hal_flash_ex.o
HAL_FLASHEx_OBProgram                             build/stm32h7xx_hal_flash_ex.o
HAL_FLASHEx_Unlock_Bank1                          build/stm32h7xx_hal_flash_ex.o
HAL_FLASH_EndOfOperationCallback                  build/stm32h7xx_hal_flash.o
HAL_FLASH_GetError                                build/stm32h7xx_hal_flash.o
HAL_FLASH_IRQHandler                              build/stm32h7xx_hal_flash.o
HAL_FLASH_Lock                                    build/stm32h7xx_hal_flash.o
HAL_FLASH_OB_Launch                               build/stm32h7xx_hal_flash.o
HAL_FLASH_OB_Lock                                 build/stm32h7xx_hal_flash.o
HAL_FLASH_OB_Unlock                               build/stm32h7xx_hal_flash.o
HAL_FLASH_OperationErrorCallback                  build/stm32h7xx_hal_flash.o
HAL_FLASH_Program                                 build/stm32h7xx_hal_flash.o
HAL_FLASH_Program_IT                              build/stm32h7xx_hal_flash.o
HAL_FLASH_Unlock                                  build/stm32h7xx_hal_flash.o
HAL_GPIO_DeInit                                   build/stm32h7xx_hal_gpio.o
HAL_GPIO_EXTI_Callback                            build/stm32h7xx_hal_gpio.o
HAL_GPIO_EXTI_IRQHandler                          build/stm32h7xx_hal_gpio.o
                                                  build/stm32h7xx_it.o
HAL_GPIO_Init                                     build/stm32h7xx_hal_gpio.o
                                                  build/stm32h7xx_hal_rcc.o
                                                  build/gpio.o
HAL_GPIO_LockPin                                  build/stm32h7xx_hal_gpio.o
HAL_GPIO_ReadPin                                  build/stm32h7xx_hal_gpio.o
HAL_GPIO_TogglePin                                build/stm32h7xx_hal_gpio.o
HAL_GPIO_WritePin                                 build/stm32h7xx_hal_gpio.o
                                                  build/gpio.o
HAL_GetCurrentCPUID                               build/stm32h7xx_hal_cortex.o
HAL_GetDEVID                                      build/stm32h7xx_hal.o
HAL_GetFMCMemorySwappingConfig                    build/stm32h7xx_hal.o
HAL_GetHalVersion                                 build/stm32h7xx_hal.o
HAL_GetREVID                                      build/stm32h7xx_hal.o
                                                  build/stm32h7xx_hal_rcc_ex.o
                                                  build/stm32h7xx_hal_rcc.o
HAL_GetTick                                       build/stm32h7xx_hal.o
                                                  build/stm32h7xx_hal_i2c.o
                                                  build/stm32h7xx_hal_pwr_ex.o
                                                  build/stm32h7xx_hal_mdma.o
                                                  build/stm32h7xx_hal_dma.o
                                                  build/stm32h7xx_hal_flash.o
                                                  build/stm32h7xx_hal_rcc_ex.o
                                                  build/stm32h7xx_hal_rcc.o
HAL_GetTickFreq                                   build/stm32h7xx_hal.o
HAL_GetTickPrio                                   build/stm32h7xx_hal.o
HAL_GetUIDw0                                      build/stm32h7xx_hal.o
HAL_GetUIDw1                                      build/stm32h7xx_hal.o
HAL_GetUIDw2                                      build/stm32h7xx_hal.o
HAL_HSEM_ActivateNotification                     build/stm32h7xx_hal_hsem.o
HAL_HSEM_DeactivateNotification                   build/stm32h7xx_hal_hsem.o
HAL_HSEM_FastTake                                 build/stm32h7xx_hal_hsem.o
HAL_HSEM_FreeCallback                             build/stm32h7xx_hal_hsem.o
HAL_HSEM_GetClearKey                              build/stm32h7xx_hal_hsem.o
HAL_HSEM_IRQHandler                               build/stm32h7xx_hal_hsem.o
HAL_HSEM_IsSemTaken                               build/stm32h7xx_hal_hsem.o
HAL_HSEM_Release                                  build/stm32h7xx_hal_hsem.o
HAL_HSEM_ReleaseAll                               build/stm32h7xx_hal_hsem.o
HAL_HSEM_SetClearKey                              build/stm32h7xx_hal_hsem.o
HAL_HSEM_Take                                     build/stm32h7xx_hal_hsem.o
HAL_I2CEx_ConfigAnalogFilter                      build/stm32h7xx_hal_i2c_ex.o
HAL_I2CEx_ConfigDigitalFilter                     build/stm32h7xx_hal_i2c_ex.o
HAL_I2CEx_DisableFastModePlus                     build/stm32h7xx_hal_i2c_ex.o
HAL_I2CEx_DisableWakeUp                           build/stm32h7xx_hal_i2c_ex.o
HAL_I2CEx_EnableFastModePlus                      build/stm32h7xx_hal_i2c_ex.o
HAL_I2CEx_EnableWakeUp                            build/stm32h7xx_hal_i2c_ex.o
HAL_I2C_AbortCpltCallback                         build/stm32h7xx_hal_i2c.o
HAL_I2C_AddrCallback                              build/stm32h7xx_hal_i2c.o
HAL_I2C_DeInit                                    build/stm32h7xx_hal_i2c.o
HAL_I2C_DisableListen_IT                          build/stm32h7xx_hal_i2c.o
HAL_I2C_ER_IRQHandler                             build/stm32h7xx_hal_i2c.o
HAL_I2C_EV_IRQHandler                             build/stm32h7xx_hal_i2c.o
HAL_I2C_EnableListen_IT                           build/stm32h7xx_hal_i2c.o
HAL_I2C_ErrorCallback                             build/stm32h7xx_hal_i2c.o
HAL_I2C_GetError                                  build/stm32h7xx_hal_i2c.o
HAL_I2C_GetMode                                   build/stm32h7xx_hal_i2c.o
HAL_I2C_GetState                                  build/stm32h7xx_hal_i2c.o
HAL_I2C_Init                                      build/stm32h7xx_hal_i2c.o
HAL_I2C_IsDeviceReady                             build/stm32h7xx_hal_i2c.o
HAL_I2C_ListenCpltCallback                        build/stm32h7xx_hal_i2c.o
HAL_I2C_MasterRxCpltCallback                      build/stm32h7xx_hal_i2c.o
HAL_I2C_MasterTxCpltCallback                      build/stm32h7xx_hal_i2c.o
HAL_I2C_Master_Abort_IT                           build/stm32h7xx_hal_i2c.o
HAL_I2C_Master_Receive                            build/stm32h7xx_hal_i2c.o
HAL_I2C_Master_Receive_DMA                        build/stm32h7xx_hal_i2c.o
HAL_I2C_Master_Receive_IT                         build/stm32h7xx_hal_i2c.o
HAL_I2C_Master_Seq_Receive_DMA                    build/stm32h7xx_hal_i2c.o
HAL_I2C_Master_Seq_Receive_IT                     build/stm32h7xx_hal_i2c.o
HAL_I2C_Master_Seq_Transmit_DMA                   build/stm32h7xx_hal_i2c.o
HAL_I2C_Master_Seq_Transmit_IT                    build/stm32h7xx_hal_i2c.o
HAL_I2C_Master_Transmit                           build/stm32h7xx_hal_i2c.o
HAL_I2C_Master_Transmit_DMA                       build/stm32h7xx_hal_i2c.o
HAL_I2C_Master_Transmit_IT                        build/stm32h7xx_hal_i2c.o
HAL_I2C_MemRxCpltCallback                         build/stm32h7xx_hal_i2c.o
HAL_I2C_MemTxCpltCallback                         build/stm32h7xx_hal_i2c.o
HAL_I2C_Mem_Read                                  build/stm32h7xx_hal_i2c.o
HAL_I2C_Mem_Read_DMA                              build/stm32h7xx_hal_i2c.o
HAL_I2C_Mem_Read_IT                               build/stm32h7xx_hal_i2c.o
HAL_I2C_Mem_Write                                 build/stm32h7xx_hal_i2c.o
HAL_I2C_Mem_Write_DMA                             build/stm32h7xx_hal_i2c.o
HAL_I2C_Mem_Write_IT                              build/stm32h7xx_hal_i2c.o
HAL_I2C_MspDeInit                                 build/stm32h7xx_hal_i2c.o
HAL_I2C_MspInit                                   build/stm32h7xx_hal_i2c.o
HAL_I2C_SlaveRxCpltCallback                       build/stm32h7xx_hal_i2c.o
HAL_I2C_SlaveTxCpltCallback                       build/stm32h7xx_hal_i2c.o
HAL_I2C_Slave_Receive                             build/stm32h7xx_hal_i2c.o
HAL_I2C_Slave_Receive_DMA                         build/stm32h7xx_hal_i2c.o
HAL_I2C_Slave_Receive_IT                          build/stm32h7xx_hal_i2c.o
HAL_I2C_Slave_Seq_Receive_DMA                     build/stm32h7xx_hal_i2c.o
HAL_I2C_Slave_Seq_Receive_IT                      build/stm32h7xx_hal_i2c.o
HAL_I2C_Slave_Seq_Transmit_DMA                    build/stm32h7xx_hal_i2c.o
HAL_I2C_Slave_Seq_Transmit_IT                     build/stm32h7xx_hal_i2c.o
HAL_I2C_Slave_Transmit                            build/stm32h7xx_hal_i2c.o
HAL_I2C_Slave_Transmit_DMA                        build/stm32h7xx_hal_i2c.o
HAL_I2C_Slave_Transmit_IT                         build/stm32h7xx_hal_i2c.o
HAL_IncTick                                       build/stm32h7xx_hal.o
                                                  build/stm32h7xx_it.o
HAL_Init                                          build/stm32h7xx_hal.o
                                                  build/main.o
HAL_InitTick                                      build/stm32h7xx_hal.o
                                                  build/stm32h7xx_hal_rcc.o
HAL_MDMA_Abort                                    build/stm32h7xx_hal_mdma.o
HAL_MDMA_Abort_IT                                 build/stm32h7xx_hal_mdma.o
HAL_MDMA_ConfigPostRequestMask                    build/stm32h7xx_hal_mdma.o
HAL_MDMA_DeInit                                   build/stm32h7xx_hal_mdma.o
HAL_MDMA_GenerateSWRequest                        build/stm32h7xx_hal_mdma.o
HAL_MDMA_GetError                                 build/stm32h7xx_hal_mdma.o
HAL_MDMA_GetState                                 build/stm32h7xx_hal_mdma.o
HAL_MDMA_IRQHandler                               build/stm32h7xx_hal_mdma.o
HAL_MDMA_Init                                     build/stm32h7xx_hal_mdma.o
HAL_MDMA_LinkedList_AddNode                       build/stm32h7xx_hal_mdma.o
HAL_MDMA_LinkedList_CreateNode                    build/stm32h7xx_hal_mdma.o
HAL_MDMA_LinkedList_DisableCircularMode           build/stm32h7xx_hal_mdma.o
HAL_MDMA_LinkedList_EnableCircularMode            build/stm32h7xx_hal_mdma.o
HAL_MDMA_LinkedList_RemoveNode                    build/stm32h7xx_hal_mdma.o
HAL_MDMA_PollForTransfer                          build/stm32h7xx_hal_mdma.o
HAL_MDMA_RegisterCallback                         build/stm32h7xx_hal_mdma.o
HAL_MDMA_Start                                    build/stm32h7xx_hal_mdma.o
HAL_MDMA_Start_IT                                 build/stm32h7xx_hal_mdma.o
HAL_MDMA_UnRegisterCallback                       build/stm32h7xx_hal_mdma.o
HAL_MPU_ConfigRegion                              build/stm32h7xx_hal_cortex.o
                                                  build/main.o
HAL_MPU_Disable                                   build/stm32h7xx_hal_cortex.o
                                                  build/main.o
HAL_MPU_Enable                                    build/stm32h7xx_hal_cortex.o
                                                  build/main.o
HAL_MspDeInit                                     build/stm32h7xx_hal.o
HAL_MspInit                                       build/stm32h7xx_hal_msp.o
HAL_NVIC_ClearPendingIRQ                          build/stm32h7xx_hal_cortex.o
HAL_NVIC_DisableIRQ                               build/stm32h7xx_hal_cortex.o
HAL_NVIC_EnableIRQ                                build/stm32h7xx_hal_cortex.o
                                                  build/gpio.o
HAL_NVIC_GetActive                                build/stm32h7xx_hal_cortex.o
HAL_NVIC_GetPendingIRQ                            build/stm32h7xx_hal_cortex.o
HAL_NVIC_GetPriority                              build/stm32h7xx_hal_cortex.o
HAL_NVIC_GetPriorityGrouping                      build/stm32h7xx_hal_cortex.o
HAL_NVIC_SetPendingIRQ                            build/stm32h7xx_hal_cortex.o
HAL_NVIC_SetPriority                              build/stm32h7xx_hal_cortex.o
                                                  build/stm32h7xx_hal.o
                                                  build/gpio.o
HAL_NVIC_SetPriorityGrouping                      build/stm32h7xx_hal_cortex.o
                                                  build/stm32h7xx_hal.o
HAL_NVIC_SystemReset                              build/stm32h7xx_hal_cortex.o
HAL_PWREx_AVDCallback                             build/stm32h7xx_hal_pwr_ex.o
HAL_PWREx_ClearPendingEvent                       build/stm32h7xx_hal_pwr_ex.o
HAL_PWREx_ClearWakeupFlag                         build/stm32h7xx_hal_pwr_ex.o
HAL_PWREx_ConfigAVD                               build/stm32h7xx_hal_pwr_ex.o
HAL_PWREx_ConfigD3Domain                          build/stm32h7xx_hal_pwr_ex.o
HAL_PWREx_ConfigSupply                            build/stm32h7xx_hal_pwr_ex.o
                                                  build/main.o
HAL_PWREx_ControlStopModeVoltageScaling           build/stm32h7xx_hal_pwr_ex.o
HAL_PWREx_ControlVoltageScaling                   build/stm32h7xx_hal_pwr_ex.o
HAL_PWREx_DisableAVD                              build/stm32h7xx_hal_pwr_ex.o
HAL_PWREx_DisableBatteryCharging                  build/stm32h7xx_hal_pwr_ex.o
HAL_PWREx_DisableBkUpReg                          build/stm32h7xx_hal_pwr_ex.o
HAL_PWREx_DisableFlashPowerDown                   build/stm32h7xx_hal_pwr_ex.o
HAL_PWREx_DisableMonitoring                       build/stm32h7xx_hal_pwr_ex.o
HAL_PWREx_DisableUSBReg                           build/stm32h7xx_hal_pwr_ex.o
HAL_PWREx_DisableUSBVoltageDetector               build/stm32h7xx_hal_pwr_ex.o
HAL_PWREx_DisableWakeUpPin                        build/stm32h7xx_hal_pwr_ex.o
HAL_PWREx_EnableAVD                               build/stm32h7xx_hal_pwr_ex.o
HAL_PWREx_EnableBatteryCharging                   build/stm32h7xx_hal_pwr_ex.o
HAL_PWREx_EnableBkUpReg                           build/stm32h7xx_hal_pwr_ex.o
HAL_PWREx_EnableFlashPowerDown                    build/stm32h7xx_hal_pwr_ex.o
HAL_PWREx_EnableMonitoring                        build/stm32h7xx_hal_pwr_ex.o
HAL_PWREx_EnableUSBReg                            build/stm32h7xx_hal_pwr_ex.o
HAL_PWREx_EnableUSBVoltageDetector                build/stm32h7xx_hal_pwr_ex.o
HAL_PWREx_EnableWakeUpPin                         build/stm32h7xx_hal_pwr_ex.o
HAL_PWREx_EnterSTANDBYMode                        build/stm32h7xx_hal_pwr_ex.o
HAL_PWREx_EnterSTOPMode                           build/stm32h7xx_hal_pwr_ex.o
HAL_PWREx_GetStopModeVoltageRange                 build/stm32h7xx_hal_pwr_ex.o
HAL_PWREx_GetSupplyConfig                         build/stm32h7xx_hal_pwr_ex.o
HAL_PWREx_GetTemperatureLevel                     build/stm32h7xx_hal_pwr_ex.o
HAL_PWREx_GetVBATLevel                            build/stm32h7xx_hal_pwr_ex.o
HAL_PWREx_GetVoltageRange                         build/stm32h7xx_hal_pwr_ex.o
HAL_PWREx_GetWakeupFlag                           build/stm32h7xx_hal_pwr_ex.o
HAL_PWREx_PVD_AVD_IRQHandler                      build/stm32h7xx_hal_pwr_ex.o
HAL_PWREx_WAKEUP_PIN_IRQHandler                   build/stm32h7xx_hal_pwr_ex.o
HAL_PWREx_WKUP1_Callback                          build/stm32h7xx_hal_pwr_ex.o
HAL_PWREx_WKUP2_Callback                          build/stm32h7xx_hal_pwr_ex.o
HAL_PWREx_WKUP3_Callback                          build/stm32h7xx_hal_pwr_ex.o
HAL_PWREx_WKUP4_Callback                          build/stm32h7xx_hal_pwr_ex.o
HAL_PWREx_WKUP5_Callback                          build/stm32h7xx_hal_pwr_ex.o
HAL_PWREx_WKUP6_Callback                          build/stm32h7xx_hal_pwr_ex.o
HAL_PWR_ConfigPVD                                 build/stm32h7xx_hal_pwr.o
HAL_PWR_DeInit                                    build/stm32h7xx_hal_pwr.o
HAL_PWR_DisableBkUpAccess                         build/stm32h7xx_hal_pwr.o
HAL_PWR_DisablePVD                                build/stm32h7xx_hal_pwr.o
HAL_PWR_DisableSEVOnPend                          build/stm32h7xx_hal_pwr.o
HAL_PWR_DisableSleepOnExit                        build/stm32h7xx_hal_pwr.o
HAL_PWR_DisableWakeUpPin                          build/stm32h7xx_hal_pwr.o
HAL_PWR_EnableBkUpAccess                          build/stm32h7xx_hal_pwr.o
HAL_PWR_EnablePVD                                 build/stm32h7xx_hal_pwr.o
HAL_PWR_EnableSEVOnPend                           build/stm32h7xx_hal_pwr.o
HAL_PWR_EnableSleepOnExit                         build/stm32h7xx_hal_pwr.o
HAL_PWR_EnableWakeUpPin                           build/stm32h7xx_hal_pwr.o
HAL_PWR_EnterSLEEPMode                            build/stm32h7xx_hal_pwr.o
HAL_PWR_EnterSTANDBYMode                          build/stm32h7xx_hal_pwr.o
HAL_PWR_EnterSTOPMode                             build/stm32h7xx_hal_pwr.o
HAL_PWR_PVDCallback                               build/stm32h7xx_hal_pwr.o
                                                  build/stm32h7xx_hal_pwr_ex.o
HAL_PWR_PVD_IRQHandler                            build/stm32h7xx_hal_pwr.o
HAL_RCCEx_CRSConfig                               build/stm32h7xx_hal_rcc_ex.o
HAL_RCCEx_CRSGetSynchronizationInfo               build/stm32h7xx_hal_rcc_ex.o
HAL_RCCEx_CRSSoftwareSynchronizationGenerate      build/stm32h7xx_hal_rcc_ex.o
HAL_RCCEx_CRSWaitSynchronization                  build/stm32h7xx_hal_rcc_ex.o
HAL_RCCEx_CRS_ErrorCallback                       build/stm32h7xx_hal_rcc_ex.o
HAL_RCCEx_CRS_ExpectedSyncCallback                build/stm32h7xx_hal_rcc_ex.o
HAL_RCCEx_CRS_IRQHandler                          build/stm32h7xx_hal_rcc_ex.o
HAL_RCCEx_CRS_SyncOkCallback                      build/stm32h7xx_hal_rcc_ex.o
HAL_RCCEx_CRS_SyncWarnCallback                    build/stm32h7xx_hal_rcc_ex.o
HAL_RCCEx_DisableLSECSS                           build/stm32h7xx_hal_rcc_ex.o
HAL_RCCEx_EnableLSECSS                            build/stm32h7xx_hal_rcc_ex.o
HAL_RCCEx_EnableLSECSS_IT                         build/stm32h7xx_hal_rcc_ex.o
HAL_RCCEx_GetD1PCLK1Freq                          build/stm32h7xx_hal_rcc_ex.o
HAL_RCCEx_GetD1SysClockFreq                       build/stm32h7xx_hal_rcc_ex.o
HAL_RCCEx_GetD3PCLK1Freq                          build/stm32h7xx_hal_rcc_ex.o
HAL_RCCEx_GetPLL1ClockFreq                        build/stm32h7xx_hal_rcc_ex.o
HAL_RCCEx_GetPLL2ClockFreq                        build/stm32h7xx_hal_rcc_ex.o
HAL_RCCEx_GetPLL3ClockFreq                        build/stm32h7xx_hal_rcc_ex.o
HAL_RCCEx_GetPeriphCLKConfig                      build/stm32h7xx_hal_rcc_ex.o
HAL_RCCEx_GetPeriphCLKFreq                        build/stm32h7xx_hal_rcc_ex.o
HAL_RCCEx_KerWakeUpStopCLKConfig                  build/stm32h7xx_hal_rcc_ex.o
HAL_RCCEx_LSECSS_Callback                         build/stm32h7xx_hal_rcc_ex.o
HAL_RCCEx_LSECSS_IRQHandler                       build/stm32h7xx_hal_rcc_ex.o
HAL_RCCEx_PeriphCLKConfig                         build/stm32h7xx_hal_rcc_ex.o
HAL_RCCEx_WWDGxSysResetConfig                     build/stm32h7xx_hal_rcc_ex.o
HAL_RCCEx_WakeUpStopCLKConfig                     build/stm32h7xx_hal_rcc_ex.o
HAL_RCC_CSSCallback                               build/stm32h7xx_hal_rcc.o
HAL_RCC_ClockConfig                               build/stm32h7xx_hal_rcc.o
                                                  build/main.o
HAL_RCC_DeInit                                    build/stm32h7xx_hal_rcc.o
HAL_RCC_DisableCSS                                build/stm32h7xx_hal_rcc.o
HAL_RCC_EnableCSS                                 build/stm32h7xx_hal_rcc.o
HAL_RCC_GetClockConfig                            build/stm32h7xx_hal_rcc.o
HAL_RCC_GetHCLKFreq                               build/stm32h7xx_hal_rcc.o
                                                  build/stm32h7xx_hal_rcc_ex.o
HAL_RCC_GetOscConfig                              build/stm32h7xx_hal_rcc.o
HAL_RCC_GetPCLK1Freq                              build/stm32h7xx_hal_rcc.o
                                                  build/stm32h7xx_hal_rcc_ex.o
HAL_RCC_GetPCLK2Freq                              build/stm32h7xx_hal_rcc.o
HAL_RCC_GetSysClockFreq                           build/stm32h7xx_hal_rcc.o
                                                  build/stm32h7xx_hal.o
                                                  build/stm32h7xx_hal_rcc_ex.o
HAL_RCC_MCOConfig                                 build/stm32h7xx_hal_rcc.o
HAL_RCC_NMI_IRQHandler                            build/stm32h7xx_hal_rcc.o
HAL_RCC_OscConfig                                 build/stm32h7xx_hal_rcc.o
                                                  build/main.o
HAL_ResumeTick                                    build/stm32h7xx_hal.o
HAL_SYSCFG_AnalogSwitchConfig                     build/stm32h7xx_hal.o
HAL_SYSCFG_CM7BootAddConfig                       build/stm32h7xx_hal.o
HAL_SYSCFG_CompensationCodeConfig                 build/stm32h7xx_hal.o
HAL_SYSCFG_CompensationCodeSelect                 build/stm32h7xx_hal.o
HAL_SYSCFG_DisableBOOST                           build/stm32h7xx_hal.o
HAL_SYSCFG_DisableIOSpeedOptimize                 build/stm32h7xx_hal.o
HAL_SYSCFG_DisableVREFBUF                         build/stm32h7xx_hal.o
HAL_SYSCFG_ETHInterfaceSelect                     build/stm32h7xx_hal.o
HAL_SYSCFG_EnableBOOST                            build/stm32h7xx_hal.o
HAL_SYSCFG_EnableIOSpeedOptimize                  build/stm32h7xx_hal.o
HAL_SYSCFG_EnableVREFBUF                          build/stm32h7xx_hal.o
HAL_SYSCFG_VREFBUF_HighImpedanceConfig            build/stm32h7xx_hal.o
HAL_SYSCFG_VREFBUF_TrimmingConfig                 build/stm32h7xx_hal.o
HAL_SYSCFG_VREFBUF_VoltageScalingConfig           build/stm32h7xx_hal.o
HAL_SYSTICK_CLKSourceConfig                       build/stm32h7xx_hal_cortex.o
HAL_SYSTICK_Callback                              build/stm32h7xx_hal_cortex.o
HAL_SYSTICK_Config                                build/stm32h7xx_hal_cortex.o
                                                  build/stm32h7xx_hal.o
HAL_SYSTICK_IRQHandler                            build/stm32h7xx_hal_cortex.o
HAL_SetFMCMemorySwappingConfig                    build/stm32h7xx_hal.o
HAL_SetTickFreq                                   build/stm32h7xx_hal.o
HAL_SuspendTick                                   build/stm32h7xx_hal.o
HASH_RNG_IRQHandler                               build/startup_stm32h750xx.o
HRTIM1_FLT_IRQHandler                             build/startup_stm32h750xx.o
HRTIM1_Master_IRQHandler                          build/startup_stm32h750xx.o
HRTIM1_TIMA_IRQHandler                            build/startup_stm32h750xx.o
HRTIM1_TIMB_IRQHandler                            build/startup_stm32h750xx.o
HRTIM1_TIMC_IRQHandler                            build/startup_stm32h750xx.o
HRTIM1_TIMD_IRQHandler                            build/startup_stm32h750xx.o
HRTIM1_TIME_IRQHandler                            build/startup_stm32h750xx.o
HSEM1_IRQHandler                                  build/startup_stm32h750xx.o
HardFault_Handler                                 build/stm32h7xx_it.o
I2C1_ER_IRQHandler                                build/startup_stm32h750xx.o
I2C1_EV_IRQHandler                                build/startup_stm32h750xx.o
I2C2_ER_IRQHandler                                build/startup_stm32h750xx.o
I2C2_EV_IRQHandler                                build/startup_stm32h750xx.o
I2C3_ER_IRQHandler                                build/startup_stm32h750xx.o
I2C3_EV_IRQHandler                                build/startup_stm32h750xx.o
I2C4_ER_IRQHandler                                build/startup_stm32h750xx.o
I2C4_EV_IRQHandler                                build/startup_stm32h750xx.o
JPEG_IRQHandler                                   build/startup_stm32h750xx.o
LPTIM1_IRQHandler                                 build/startup_stm32h750xx.o
LPTIM2_IRQHandler                                 build/startup_stm32h750xx.o
LPTIM3_IRQHandler                                 build/startup_stm32h750xx.o
LPTIM4_IRQHandler                                 build/startup_stm32h750xx.o
LPTIM5_IRQHandler                                 build/startup_stm32h750xx.o
LPUART1_IRQHandler                                build/startup_stm32h750xx.o
LTDC_ER_IRQHandler                                build/startup_stm32h750xx.o
LTDC_IRQHandler                                   build/startup_stm32h750xx.o
MDIOS_IRQHandler                                  build/startup_stm32h750xx.o
MDIOS_WKUP_IRQHandler                             build/startup_stm32h750xx.o
MDMA_IRQHandler                                   build/startup_stm32h750xx.o
MX_GPIO_Init                                      build/gpio.o
                                                  build/main.o
MemManage_Handler                                 build/stm32h7xx_it.o
NMI_Handler                                       build/stm32h7xx_it.o
OTG_FS_EP1_IN_IRQHandler                          build/startup_stm32h750xx.o
OTG_FS_EP1_OUT_IRQHandler                         build/startup_stm32h750xx.o
OTG_FS_IRQHandler                                 build/startup_stm32h750xx.o
OTG_FS_WKUP_IRQHandler                            build/startup_stm32h750xx.o
OTG_HS_EP1_IN_IRQHandler                          build/startup_stm32h750xx.o
OTG_HS_EP1_OUT_IRQHandler                         build/startup_stm32h750xx.o
OTG_HS_IRQHandler                                 build/startup_stm32h750xx.o
OTG_HS_WKUP_IRQHandler                            build/startup_stm32h750xx.o
PVD_AVD_IRQHandler                                build/startup_stm32h750xx.o
PendSV_Handler                                    build/stm32h7xx_it.o
QUADSPI_IRQHandler                                build/startup_stm32h750xx.o
RCC_IRQHandler                                    build/startup_stm32h750xx.o
RTC_Alarm_IRQHandler                              build/startup_stm32h750xx.o
RTC_WKUP_IRQHandler                               build/startup_stm32h750xx.o
Reset_Handler                                     build/startup_stm32h750xx.o
SAI1_IRQHandler                                   build/startup_stm32h750xx.o
SAI2_IRQHandler                                   build/startup_stm32h750xx.o
SAI3_IRQHandler                                   build/startup_stm32h750xx.o
SAI4_IRQHandler                                   build/startup_stm32h750xx.o
SDMMC1_IRQHandler                                 build/startup_stm32h750xx.o
SDMMC2_IRQHandler                                 build/startup_stm32h750xx.o
SPDIF_RX_IRQHandler                               build/startup_stm32h750xx.o
SPI1_IRQHandler                                   build/startup_stm32h750xx.o
SPI2_IRQHandler                                   build/startup_stm32h750xx.o
SPI3_IRQHandler                                   build/startup_stm32h750xx.o
SPI4_IRQHandler                                   build/startup_stm32h750xx.o
SPI5_IRQHandler                                   build/startup_stm32h750xx.o
SPI6_IRQHandler                                   build/startup_stm32h750xx.o
SVC_Handler                                       build/stm32h7xx_it.o
SWPMI1_IRQHandler                                 build/startup_stm32h750xx.o
SysTick_Handler                                   build/stm32h7xx_it.o
SystemClock_Config                                build/main.o
SystemCoreClock                                   build/system_stm32h7xx.o
                                                  build/stm32h7xx_hal.o
                                                  build/stm32h7xx_hal_mdma.o
                                                  build/stm32h7xx_hal_dma.o
                                                  build/stm32h7xx_hal_rcc_ex.o
                                                  build/stm32h7xx_hal_rcc.o
SystemCoreClockUpdate                             build/system_stm32h7xx.o
SystemD2Clock                                     build/system_stm32h7xx.o
                                                  build/stm32h7xx_hal.o
                                                  build/stm32h7xx_hal_rcc_ex.o
                                                  build/stm32h7xx_hal_rcc.o
SystemInit                                        build/system_stm32h7xx.o
                                                  build/startup_stm32h750xx.o
TAMP_STAMP_IRQHandler                             build/startup_stm32h750xx.o
TIM15_IRQHandler                                  build/startup_stm32h750xx.o
TIM16_IRQHandler                                  build/startup_stm32h750xx.o
TIM17_IRQHandler                                  build/startup_stm32h750xx.o
TIM1_BRK_IRQHandler                               build/startup_stm32h750xx.o
TIM1_CC_IRQHandler                                build/startup_stm32h750xx.o
TIM1_TRG_COM_IRQHandler                           build/startup_stm32h750xx.o
TIM1_UP_IRQHandler                                build/startup_stm32h750xx.o
TIM2_IRQHandler                                   build/startup_stm32h750xx.o
TIM3_IRQHandler                                   build/startup_stm32h750xx.o
TIM4_IRQHandler                                   build/startup_stm32h750xx.o
TIM5_IRQHandler                                   build/startup_stm32h750xx.o
TIM6_DAC_IRQHandler                               build/startup_stm32h750xx.o
TIM7_IRQHandler                                   build/startup_stm32h750xx.o
TIM8_BRK_TIM12_IRQHandler                         build/startup_stm32h750xx.o
TIM8_CC_IRQHandler                                build/startup_stm32h750xx.o
TIM8_TRG_COM_TIM14_IRQHandler                     build/startup_stm32h750xx.o
TIM8_UP_TIM13_IRQHandler                          build/startup_stm32h750xx.o
UART4_IRQHandler                                  build/startup_stm32h750xx.o
UART5_IRQHandler                                  build/startup_stm32h750xx.o
UART7_IRQHandler                                  build/startup_stm32h750xx.o
UART8_IRQHandler                                  build/startup_stm32h750xx.o
USART1_IRQHandler                                 build/startup_stm32h750xx.o
USART2_IRQHandler                                 build/startup_stm32h750xx.o
USART3_IRQHandler                                 build/startup_stm32h750xx.o
USART6_IRQHandler                                 build/startup_stm32h750xx.o
UsageFault_Handler                                build/stm32h7xx_it.o
WAKEUP_PIN_IRQHandler                             build/startup_stm32h750xx.o
WWDG_IRQHandler                                   build/startup_stm32h750xx.o
_ITM_deregisterTMCloneTable                       /usr/lib/gcc/arm-none-eabi/10.3.1/thumb/v7e-m+dp/hard/crtbegin.o
_ITM_registerTMCloneTable                         /usr/lib/gcc/arm-none-eabi/10.3.1/thumb/v7e-m+dp/hard/crtbegin.o
__TMC_END__                                       /usr/lib/gcc/arm-none-eabi/10.3.1/thumb/v7e-m+dp/hard/crtend.o
                                                  /usr/lib/gcc/arm-none-eabi/10.3.1/thumb/v7e-m+dp/hard/crtbegin.o
__atexit_dummy                                    /usr/lib/gcc/arm-none-eabi/10.3.1/../../../arm-none-eabi/lib/thumb/v7e-m+dp/hard/libc_nano.a(lib_a-__atexit.o)
__bss_end__                                       /usr/lib/gcc/arm-none-eabi/10.3.1/../../../arm-none-eabi/lib/thumb/v7e-m+dp/hard/crt0.o
__bss_start__                                     /usr/lib/gcc/arm-none-eabi/10.3.1/../../../arm-none-eabi/lib/thumb/v7e-m+dp/hard/crt0.o
__call_exitprocs                                  /usr/lib/gcc/arm-none-eabi/10.3.1/../../../arm-none-eabi/lib/thumb/v7e-m+dp/hard/libc_nano.a(lib_a-__call_atexit.o)
                                                  /usr/lib/gcc/arm-none-eabi/10.3.1/../../../arm-none-eabi/lib/thumb/v7e-m+dp/hard/libc_nano.a(lib_a-__atexit.o)
                                                  /usr/lib/gcc/arm-none-eabi/10.3.1/../../../arm-none-eabi/lib/thumb/v7e-m+dp/hard/libc_nano.a(lib_a-exit.o)
__deregister_frame_info                           /usr/lib/gcc/arm-none-eabi/10.3.1/thumb/v7e-m+dp/hard/crtbegin.o
__dso_handle                                      /usr/lib/gcc/arm-none-eabi/10.3.1/thumb/v7e-m+dp/hard/crtbegin.o
__fini_array_end                                  /usr/lib/gcc/arm-none-eabi/10.3.1/../../../arm-none-eabi/lib/thumb/v7e-m+dp/hard/libc_nano.a(lib_a-fini.o)
__fini_array_start                                /usr/lib/gcc/arm-none-eabi/10.3.1/../../../arm-none-eabi/lib/thumb/v7e-m+dp/hard/libc_nano.a(lib_a-fini.o)
__init_array_end                                  /usr/lib/gcc/arm-none-eabi/10.3.1/../../../arm-none-eabi/lib/thumb/v7e-m+dp/hard/libc_nano.a(lib_a-init.o)
__init_array_start                                /usr/lib/gcc/arm-none-eabi/10.3.1/../../../arm-none-eabi/lib/thumb/v7e-m+dp/hard/libc_nano.a(lib_a-init.o)
__libc_fini_array                                 /usr/lib/gcc/arm-none-eabi/10.3.1/../../../arm-none-eabi/lib/thumb/v7e-m+dp/hard/libc_nano.a(lib_a-fini.o)
                                                  /usr/lib/gcc/arm-none-eabi/10.3.1/../../../arm-none-eabi/lib/thumb/v7e-m+dp/hard/crt0.o
__libc_init_array                                 /usr/lib/gcc/arm-none-eabi/10.3.1/../../../arm-none-eabi/lib/thumb/v7e-m+dp/hard/libc_nano.a(lib_a-init.o)
                                                  build/startup_stm32h750xx.o
                                                  /usr/lib/gcc/arm-none-eabi/10.3.1/../../../arm-none-eabi/lib/thumb/v7e-m+dp/hard/crt0.o
__on_exit_args                                    /usr/lib/gcc/arm-none-eabi/10.3.1/../../../arm-none-eabi/lib/thumb/v7e-m+dp/hard/libc_nano.a(lib_a-__atexit.o)
__preinit_array_end                               /usr/lib/gcc/arm-none-eabi/10.3.1/../../../arm-none-eabi/lib/thumb/v7e-m+dp/hard/libc_nano.a(lib_a-init.o)
__preinit_array_start                             /usr/lib/gcc/arm-none-eabi/10.3.1/../../../arm-none-eabi/lib/thumb/v7e-m+dp/hard/libc_nano.a(lib_a-init.o)
__register_exitproc                               /usr/lib/gcc/arm-none-eabi/10.3.1/../../../arm-none-eabi/lib/thumb/v7e-m+dp/hard/libc_nano.a(lib_a-__atexit.o)
                                                  /usr/lib/gcc/arm-none-eabi/10.3.1/../../../arm-none-eabi/lib/thumb/v7e-m+dp/hard/libc_nano.a(lib_a-atexit.o)
__register_frame_info                             /usr/lib/gcc/arm-none-eabi/10.3.1/thumb/v7e-m+dp/hard/crtbegin.o
__sf_fake_stderr                                  /usr/lib/gcc/arm-none-eabi/10.3.1/../../../arm-none-eabi/lib/thumb/v7e-m+dp/hard/libc_nano.a(lib_a-impure.o)
__sf_fake_stdin                                   /usr/lib/gcc/arm-none-eabi/10.3.1/../../../arm-none-eabi/lib/thumb/v7e-m+dp/hard/libc_nano.a(lib_a-impure.o)
__sf_fake_stdout                                  /usr/lib/gcc/arm-none-eabi/10.3.1/../../../arm-none-eabi/lib/thumb/v7e-m+dp/hard/libc_nano.a(lib_a-impure.o)
__stack                                           /usr/lib/gcc/arm-none-eabi/10.3.1/../../../arm-none-eabi/lib/thumb/v7e-m+dp/hard/crt0.o
_ebss                                             build/startup_stm32h750xx.o
_edata                                            build/startup_stm32h750xx.o
_estack                                           build/startup_stm32h750xx.o
_exit                                             /usr/lib/gcc/arm-none-eabi/10.3.1/../../../arm-none-eabi/lib/thumb/v7e-m+dp/hard/libnosys.a(_exit.o)
                                                  /usr/lib/gcc/arm-none-eabi/10.3.1/../../../arm-none-eabi/lib/thumb/v7e-m+dp/hard/libc_nano.a(lib_a-exit.o)
_fini                                             /usr/lib/gcc/arm-none-eabi/10.3.1/thumb/v7e-m+dp/hard/crti.o
                                                  /usr/lib/gcc/arm-none-eabi/10.3.1/../../../arm-none-eabi/lib/thumb/v7e-m+dp/hard/libc_nano.a(lib_a-fini.o)
_global_atexit                                    /usr/lib/gcc/arm-none-eabi/10.3.1/../../../arm-none-eabi/lib/thumb/v7e-m+dp/hard/libc_nano.a(lib_a-__call_atexit.o)
                                                  /usr/lib/gcc/arm-none-eabi/10.3.1/../../../arm-none-eabi/lib/thumb/v7e-m+dp/hard/libc_nano.a(lib_a-__atexit.o)
_global_impure_ptr                                /usr/lib/gcc/arm-none-eabi/10.3.1/../../../arm-none-eabi/lib/thumb/v7e-m+dp/hard/libc_nano.a(lib_a-impure.o)
                                                  /usr/lib/gcc/arm-none-eabi/10.3.1/../../../arm-none-eabi/lib/thumb/v7e-m+dp/hard/libc_nano.a(lib_a-exit.o)
_impure_ptr                                       /usr/lib/gcc/arm-none-eabi/10.3.1/../../../arm-none-eabi/lib/thumb/v7e-m+dp/hard/libc_nano.a(lib_a-impure.o)
_init                                             /usr/lib/gcc/arm-none-eabi/10.3.1/thumb/v7e-m+dp/hard/crti.o
                                                  /usr/lib/gcc/arm-none-eabi/10.3.1/../../../arm-none-eabi/lib/thumb/v7e-m+dp/hard/libc_nano.a(lib_a-init.o)
_mainCRTStartup                                   /usr/lib/gcc/arm-none-eabi/10.3.1/../../../arm-none-eabi/lib/thumb/v7e-m+dp/hard/crt0.o
_sbss                                             build/startup_stm32h750xx.o
_sdata                                            build/startup_stm32h750xx.o
_sidata                                           build/startup_stm32h750xx.o
_stack_init                                       /usr/lib/gcc/arm-none-eabi/10.3.1/../../../arm-none-eabi/lib/thumb/v7e-m+dp/hard/crt0.o
_start                                            /usr/lib/gcc/arm-none-eabi/10.3.1/../../../arm-none-eabi/lib/thumb/v7e-m+dp/hard/crt0.o
atexit                                            /usr/lib/gcc/arm-none-eabi/10.3.1/../../../arm-none-eabi/lib/thumb/v7e-m+dp/hard/libc_nano.a(lib_a-atexit.o)
                                                  /usr/lib/gcc/arm-none-eabi/10.3.1/../../../arm-none-eabi/lib/thumb/v7e-m+dp/hard/crt0.o
exit                                              /usr/lib/gcc/arm-none-eabi/10.3.1/../../../arm-none-eabi/lib/thumb/v7e-m+dp/hard/libc_nano.a(lib_a-exit.o)
                                                  /usr/lib/gcc/arm-none-eabi/10.3.1/../../../arm-none-eabi/lib/thumb/v7e-m+dp/hard/crt0.o
g_pfnVectors                                      build/startup_stm32h750xx.o
hardware_init_hook                                /usr/lib/gcc/arm-none-eabi/10.3.1/../../../arm-none-eabi/lib/thumb/v7e-m+dp/hard/crt0.o
main                                              build/main.o
                                                  build/startup_stm32h750xx.o
                                                  /usr/lib/gcc/arm-none-eabi/10.3.1/../../../arm-none-eabi/lib/thumb/v7e-m+dp/hard/crt0.o
malloc                                            /usr/lib/gcc/arm-none-eabi/10.3.1/../../../arm-none-eabi/lib/thumb/v7e-m+dp/hard/libc_nano.a(lib_a-__atexit.o)
memset                                            /usr/lib/gcc/arm-none-eabi/10.3.1/../../../arm-none-eabi/lib/thumb/v7e-m+dp/hard/libc_nano.a(lib_a-memset.o)
                                                  build/main.o
                                                  /usr/lib/gcc/arm-none-eabi/10.3.1/../../../arm-none-eabi/lib/thumb/v7e-m+dp/hard/crt0.o
pFlash                                            build/stm32h7xx_hal_flash.o
                                                  build/stm32h7xx_hal_flash_ex.o
software_init_hook                                /usr/lib/gcc/arm-none-eabi/10.3.1/../../../arm-none-eabi/lib/thumb/v7e-m+dp/hard/crt0.o
uwTick                                            build/stm32h7xx_hal.o
uwTickFreq                                        build/stm32h7xx_hal.o
uwTickPrio                                        build/stm32h7xx_hal.o
                                                  build/stm32h7xx_hal_rcc.o
