Archive member included to satisfy reference by file (symbol)

/usr/lib/gcc/arm-none-eabi/10.3.1/thumb/v7e-m/nofp/libgcc.a(_arm_mulsf3.o)
                              CMakeFiles/STM32H750XBH6_6_key_test.elf.dir/Core/Src/system_stm32h7xx.c.obj (__aeabi_fmul)
/usr/lib/gcc/arm-none-eabi/10.3.1/thumb/v7e-m/nofp/libgcc.a(_arm_addsubsf3.o)
                              CMakeFiles/STM32H750XBH6_6_key_test.elf.dir/Core/Src/system_stm32h7xx.c.obj (__aeabi_fadd)
/usr/lib/gcc/arm-none-eabi/10.3.1/thumb/v7e-m/nofp/libgcc.a(_arm_muldivsf3.o)
                              CMakeFiles/STM32H750XBH6_6_key_test.elf.dir/Core/Src/system_stm32h7xx.c.obj (__aeabi_fdiv)
/usr/lib/gcc/arm-none-eabi/10.3.1/thumb/v7e-m/nofp/libgcc.a(_arm_fixunssfsi.o)
                              CMakeFiles/STM32H750XBH6_6_key_test.elf.dir/Core/Src/system_stm32h7xx.c.obj (__aeabi_f2uiz)
/usr/lib/gcc/arm-none-eabi/10.3.1/thumb/v7e-m/nofp/libgcc.a(_aeabi_uldivmod.o)
                              CMakeFiles/STM32H750XBH6_6_key_test.elf.dir/Drivers/STM32H7xx_HAL_Driver/Src/stm32h7xx_hal_uart.c.obj (__aeabi_uldivmod)
/usr/lib/gcc/arm-none-eabi/10.3.1/thumb/v7e-m/nofp/libgcc.a(_udivmoddi4.o)
                              /usr/lib/gcc/arm-none-eabi/10.3.1/thumb/v7e-m/nofp/libgcc.a(_aeabi_uldivmod.o) (__udivmoddi4)
/usr/lib/gcc/arm-none-eabi/10.3.1/thumb/v7e-m/nofp/libgcc.a(_dvmd_tls.o)
                              /usr/lib/gcc/arm-none-eabi/10.3.1/thumb/v7e-m/nofp/libgcc.a(_aeabi_uldivmod.o) (__aeabi_ldiv0)
/usr/lib/gcc/arm-none-eabi/10.3.1/../../../arm-none-eabi/lib/thumb/v7e-m/nofp/libg.a(lib_a-atexit.o)
                              /usr/lib/gcc/arm-none-eabi/10.3.1/../../../arm-none-eabi/lib/thumb/v7e-m/nofp/crt0.o (atexit)
/usr/lib/gcc/arm-none-eabi/10.3.1/../../../arm-none-eabi/lib/thumb/v7e-m/nofp/libg.a(lib_a-errno.o)
                              CMakeFiles/STM32H750XBH6_6_key_test.elf.dir/Core/Src/syscalls.c.obj (__errno)
/usr/lib/gcc/arm-none-eabi/10.3.1/../../../arm-none-eabi/lib/thumb/v7e-m/nofp/libg.a(lib_a-exit.o)
                              /usr/lib/gcc/arm-none-eabi/10.3.1/../../../arm-none-eabi/lib/thumb/v7e-m/nofp/crt0.o (exit)
/usr/lib/gcc/arm-none-eabi/10.3.1/../../../arm-none-eabi/lib/thumb/v7e-m/nofp/libg.a(lib_a-fini.o)
                              /usr/lib/gcc/arm-none-eabi/10.3.1/../../../arm-none-eabi/lib/thumb/v7e-m/nofp/crt0.o (__libc_fini_array)
/usr/lib/gcc/arm-none-eabi/10.3.1/../../../arm-none-eabi/lib/thumb/v7e-m/nofp/libg.a(lib_a-impure.o)
                              /usr/lib/gcc/arm-none-eabi/10.3.1/../../../arm-none-eabi/lib/thumb/v7e-m/nofp/libg.a(lib_a-exit.o) (_global_impure_ptr)
/usr/lib/gcc/arm-none-eabi/10.3.1/../../../arm-none-eabi/lib/thumb/v7e-m/nofp/libg.a(lib_a-init.o)
                              /usr/lib/gcc/arm-none-eabi/10.3.1/../../../arm-none-eabi/lib/thumb/v7e-m/nofp/crt0.o (__libc_init_array)
/usr/lib/gcc/arm-none-eabi/10.3.1/../../../arm-none-eabi/lib/thumb/v7e-m/nofp/libg.a(lib_a-memset.o)
                              /usr/lib/gcc/arm-none-eabi/10.3.1/../../../arm-none-eabi/lib/thumb/v7e-m/nofp/crt0.o (memset)
/usr/lib/gcc/arm-none-eabi/10.3.1/../../../arm-none-eabi/lib/thumb/v7e-m/nofp/libg.a(lib_a-__atexit.o)
                              /usr/lib/gcc/arm-none-eabi/10.3.1/../../../arm-none-eabi/lib/thumb/v7e-m/nofp/libg.a(lib_a-atexit.o) (__register_exitproc)
/usr/lib/gcc/arm-none-eabi/10.3.1/../../../arm-none-eabi/lib/thumb/v7e-m/nofp/libg.a(lib_a-__call_atexit.o)
                              /usr/lib/gcc/arm-none-eabi/10.3.1/../../../arm-none-eabi/lib/thumb/v7e-m/nofp/libg.a(lib_a-exit.o) (__call_exitprocs)

Discarded input sections

 .text          0x0000000000000000        0x0 /usr/lib/gcc/arm-none-eabi/10.3.1/thumb/v7e-m/nofp/crti.o
 .data          0x0000000000000000        0x0 /usr/lib/gcc/arm-none-eabi/10.3.1/thumb/v7e-m/nofp/crti.o
 .bss           0x0000000000000000        0x0 /usr/lib/gcc/arm-none-eabi/10.3.1/thumb/v7e-m/nofp/crti.o
 .data          0x0000000000000000        0x4 /usr/lib/gcc/arm-none-eabi/10.3.1/thumb/v7e-m/nofp/crtbegin.o
 .rodata        0x0000000000000000       0x24 /usr/lib/gcc/arm-none-eabi/10.3.1/thumb/v7e-m/nofp/crtbegin.o
 .text          0x0000000000000000       0x70 /usr/lib/gcc/arm-none-eabi/10.3.1/../../../arm-none-eabi/lib/thumb/v7e-m/nofp/crt0.o
 .data          0x0000000000000000        0x0 /usr/lib/gcc/arm-none-eabi/10.3.1/../../../arm-none-eabi/lib/thumb/v7e-m/nofp/crt0.o
 .bss           0x0000000000000000        0x0 /usr/lib/gcc/arm-none-eabi/10.3.1/../../../arm-none-eabi/lib/thumb/v7e-m/nofp/crt0.o
 .ARM.extab     0x0000000000000000        0x0 /usr/lib/gcc/arm-none-eabi/10.3.1/../../../arm-none-eabi/lib/thumb/v7e-m/nofp/crt0.o
 .ARM.exidx     0x0000000000000000       0x10 /usr/lib/gcc/arm-none-eabi/10.3.1/../../../arm-none-eabi/lib/thumb/v7e-m/nofp/crt0.o
 .debug_line    0x0000000000000000       0x87 /usr/lib/gcc/arm-none-eabi/10.3.1/../../../arm-none-eabi/lib/thumb/v7e-m/nofp/crt0.o
[...]
Memory Configuration

Name             Origin             Length             Attributes
FLASH            0x0000000090000000 0x0000000000800000 xr
DTCMRAM          0x0000000020000000 0x0000000000020000 xrw
RAM_D1           0x0000000024000000 0x0000000000080000 xrw
RAM_D2           0x0000000030000000 0x0000000000048000 xrw
RAM_D3           0x0000000038000000 0x0000000000010000 xrw
ITCMRAM          0x0000000000000000 0x0000000000010000 xrw
*default*        0x0000000000000000 0xffffffffffffffff

Linker script and memory map

LOAD /usr/lib/gcc/arm-none-eabi/10.3.1/thumb/v7e-m/nofp/crti.o
LOAD /usr/lib/gcc/arm-none-eabi/10.3.1/thumb/v7e-m/nofp/crtbegin.o
LOAD /usr/lib/gcc/arm-none-eabi/10.3.1/../../../arm-none-eabi/lib/thumb/v7e-m/nofp/crt0.o
LOAD CMakeFiles/STM32H750XBH6_6_key_test.elf.dir/Core/Src/dma.c.obj
LOAD CMakeFiles/STM32H750XBH6_6_key_test.elf.dir/Core/Src/gpio.c.obj
LOAD CMakeFiles/STM32H750XBH6_6_key_test.elf.dir/Core/Src/main.c.obj
LOAD CMakeFiles/STM32H750XBH6_6_key_test.elf.dir/Core/Src/stm32h7xx_hal_msp.c.obj
LOAD CMakeFiles/STM32H750XBH6_6_key_test.elf.dir/Core/Src/stm32h7xx_it.c.obj
LOAD CMakeFiles/STM32H750XBH6_6_key_test.elf.dir/Core/Src/syscalls.c.obj
LOAD CMakeFiles/STM32H750XBH6_6_key_test.elf.dir/Core/Src/sysmem.c.obj
LOAD CMakeFiles/STM32H750XBH6_6_key_test.elf.dir/Core/Src/system_stm32h7xx.c.obj
LOAD CMakeFiles/STM32H750XBH6_6_key_test.elf.dir/Core/Src/usart.c.obj
LOAD CMakeFiles/STM32H750XBH6_6_key_test.elf.dir/Core/Startup/startup_stm32h750xbhx.s.obj
LOAD CMakeFiles/STM32H750XBH6_6_key_test.elf.dir/Drivers/STM32H7xx_HAL_Driver/Src/stm32h7xx_hal.c.obj
LOAD CMakeFiles/STM32H750XBH6_6_key_test.elf.dir/Drivers/STM32H7xx_HAL_Driver/Src/stm32h7xx_hal_cortex.c.obj
LOAD CMakeFiles/STM32H750XBH6_6_key_test.elf.dir/Drivers/STM32H7xx_HAL_Driver/Src/stm32h7xx_hal_dma.c.obj
LOAD CMakeFiles/STM32H750XBH6_6_key_test.elf.dir/Drivers/STM32H7xx_HAL_Driver/Src/stm32h7xx_hal_dma_ex.c.obj
LOAD CMakeFiles/STM32H750XBH6_6_key_test.elf.dir/Drivers/STM32H7xx_HAL_Driver/Src/stm32h7xx_hal_exti.c.obj
LOAD CMakeFiles/STM32H750XBH6_6_key_test.elf.dir/Drivers/STM32H7xx_HAL_Driver/Src/stm32h7xx_hal_flash.c.obj
LOAD CMakeFiles/STM32H750XBH6_6_key_test.elf.dir/Drivers/STM32H7xx_HAL_Driver/Src/stm32h7xx_hal_flash_ex.c.obj
LOAD CMakeFiles/STM32H750XBH6_6_key_test.elf.dir/Drivers/STM32H7xx_HAL_Driver/Src/stm32h7xx_hal_gpio.c.obj
LOAD CMakeFiles/STM32H750XBH6_6_key_test.elf.dir/Drivers/STM32H7xx_HAL_Driver/Src/stm32h7xx_hal_hsem.c.obj
LOAD CMakeFiles/STM32H750XBH6_6_key_test.elf.dir/Drivers/STM32H7xx_HAL_Driver/Src/stm32h7xx_hal_i2c.c.obj
LOAD CMakeFiles/STM32H750XBH6_6_key_test.elf.dir/Drivers/STM32H7xx_HAL_Driver/Src/stm32h7xx_hal_i2c_ex.c.obj
LOAD CMakeFiles/STM32H750XBH6_6_key_test.elf.dir/Drivers/STM32H7xx_HAL_Driver/Src/stm32h7xx_hal_mdma.c.obj
LOAD CMakeFiles/STM32H750XBH6_6_key_test.elf.dir/Drivers/STM32H7xx_HAL_Driver/Src/stm32h7xx_hal_pwr.c.obj
LOAD CMakeFiles/STM32H750XBH6_6_key_test.elf.dir/Drivers/STM32H7xx_HAL_Driver/Src/stm32h7xx_hal_pwr_ex.c.obj
LOAD CMakeFiles/STM32H750XBH6_6_key_test.elf.dir/Drivers/STM32H7xx_HAL_Driver/Src/stm32h7xx_hal_rcc.c.obj
LOAD CMakeFiles/STM32H750XBH6_6_key_test.elf.dir/Drivers/STM32H7xx_HAL_Driver/Src/stm32h7xx_hal_rcc_ex.c.obj
LOAD CMakeFiles/STM32H750XBH6_6_key_test.elf.dir/Drivers/STM32H7xx_HAL_Driver/Src/stm32h7xx_hal_tim.c.obj
LOAD CMakeFiles/STM32H750XBH6_6_key_test.elf.dir/Drivers/STM32H7xx_HAL_Driver/Src/stm32h7xx_hal_tim_ex.c.obj
LOAD CMakeFiles/STM32H750XBH6_6_key_test.elf.dir/Drivers/STM32H7xx_HAL_Driver/Src/stm32h7xx_hal_uart.c.obj
LOAD CMakeFiles/STM32H750XBH6_6_key_test.elf.dir/Drivers/STM32H7xx_HAL_Driver/Src/stm32h7xx_hal_uart_ex.c.obj
START GROUP
LOAD /usr/lib/gcc/arm-none-eabi/10.3.1/thumb/v7e-m/nofp/libgcc.a
LOAD /usr/lib/gcc/arm-none-eabi/10.3.1/../../../arm-none-eabi/lib/thumb/v7e-m/nofp/libg.a
LOAD /usr/lib/gcc/arm-none-eabi/10.3.1/../../../arm-none-eabi/lib/thumb/v7e-m/nofp/libc.a
END GROUP
LOAD /usr/lib/gcc/arm-none-eabi/10.3.1/thumb/v7e-m/nofp/crtend.o
LOAD /usr/lib/gcc/arm-none-eabi/10.3.1/thumb/v7e-m/nofp/crtn.o
                0x0000000024080000                _estack = (ORIGIN (RAM_D1) + LENGTH (RAM_D1))
                0x0000000000000200                _Min_Heap_Size = 0x200
                0x0000000000000400                _Min_Stack_Size = 0x400

.isr_vector     0x0000000090000000      0x298
                0x0000000090000000                . = ALIGN (0x4)
 *(.isr_vector)
 .isr_vector    0x0000000090000000      0x298 CMakeFiles/STM32H750XBH6_6_key_test.elf.dir/Core/Startup/startup_stm32h750xbhx.s.obj
                0x0000000090000000                g_pfnVectors
                0x0000000090000298                . = ALIGN (0x4)

.text           0x0000000090000298     0x549c
                0x0000000090000298                . = ALIGN (0x4)
 *(.text)
 .text          0x0000000090000298       0x88 /usr/lib/gcc/arm-none-eabi/10.3.1/thumb/v7e-m/nofp/crtbegin.o
 .text          0x0000000090000320      0x21c /usr/lib/gcc/arm-none-eabi/10.3.1/thumb/v7e-m/nofp/libgcc.a(_arm_addsubsf3.o)
                0x0000000090000320                __aeabi_frsub
                0x0000000090000328                __subsf3
                0x0000000090000328                __aeabi_fsub
                0x000000009000032c                __aeabi_fadd
                0x000000009000032c                __addsf3
                0x000000009000048c                __aeabi_ui2f
                0x000000009000048c                __floatunsisf
                0x0000000090000494                __aeabi_i2f
                0x0000000090000494                __floatsisf
                0x00000000900004b0                __floatundisf
                0x00000000900004b0                __aeabi_ul2f
                0x00000000900004c0                __floatdisf
                0x00000000900004c0                __aeabi_l2f
 .text          0x000000009000053c      0x2a0 /usr/lib/gcc/arm-none-eabi/10.3.1/thumb/v7e-m/nofp/libgcc.a(_arm_muldivsf3.o)
                0x000000009000053c                __mulsf3
                0x000000009000053c                __aeabi_fmul
                0x00000000900006a4                __divsf3
                0x00000000900006a4                __aeabi_fdiv
 .text          0x00000000900007dc       0x40 /usr/lib/gcc/arm-none-eabi/10.3.1/thumb/v7e-m/nofp/libgcc.a(_arm_fixunssfsi.o)
                0x00000000900007dc                __aeabi_f2uiz
                0x00000000900007dc                __fixunssfsi
 .text          0x000000009000081c       0x30 /usr/lib/gcc/arm-none-eabi/10.3.1/thumb/v7e-m/nofp/libgcc.a(_aeabi_uldivmod.o)
                0x000000009000081c                __aeabi_uldivmod
 .text          0x000000009000084c      0x2d0 /usr/lib/gcc/arm-none-eabi/10.3.1/thumb/v7e-m/nofp/libgcc.a(_udivmoddi4.o)
                0x000000009000084c                __udivmoddi4
 .text          0x0000000090000b1c        0x4 /usr/lib/gcc/arm-none-eabi/10.3.1/thumb/v7e-m/nofp/libgcc.a(_dvmd_tls.o)
                0x0000000090000b1c                __aeabi_ldiv0
                0x0000000090000b1c                __aeabi_idiv0
 .text          0x0000000090000b20        0xc /usr/lib/gcc/arm-none-eabi/10.3.1/../../../arm-none-eabi/lib/thumb/v7e-m/nofp/libg.a(lib_a-atexit.o)
                0x0000000090000b20                atexit
 .text          0x0000000090000b2c       0x2c /usr/lib/gcc/arm-none-eabi/10.3.1/../../../arm-none-eabi/lib/thumb/v7e-m/nofp/libg.a(lib_a-fini.o)
                0x0000000090000b2c                __libc_fini_array
 .text          0x0000000090000b58       0x48 /usr/lib/gcc/arm-none-eabi/10.3.1/../../../arm-none-eabi/lib/thumb/v7e-m/nofp/libg.a(lib_a-init.o)
                0x0000000090000b58                __libc_init_array
 .text          0x0000000090000ba0       0xa4 /usr/lib/gcc/arm-none-eabi/10.3.1/../../../arm-none-eabi/lib/thumb/v7e-m/nofp/libg.a(lib_a-memset.o)
                0x0000000090000ba0                memset
 .text          0x0000000090000c44       0x68 /usr/lib/gcc/arm-none-eabi/10.3.1/../../../arm-none-eabi/lib/thumb/v7e-m/nofp/libg.a(lib_a-__atexit.o)
                0x0000000090000c44                __register_exitproc
 *(.text*)
 .text.MX_DMA_Init
                0x0000000090000cac       0x48 CMakeFiles/STM32H750XBH6_6_key_test.elf.dir/Core/Src/dma.c.obj
                0x0000000090000cac                MX_DMA_Init
 .text.MX_GPIO_Init
                0x0000000090000cf4       0xf0 CMakeFiles/STM32H750XBH6_6_key_test.elf.dir/Core/Src/gpio.c.obj
                0x0000000090000cf4                MX_GPIO_Init
 .text.MPU_Config
                0x0000000090000de4       0x52 CMakeFiles/STM32H750XBH6_6_key_test.elf.dir/Core/Src/main.c.obj
 *fill*         0x0000000090000e36        0x2 
 .text.HAL_GPIO_EXTI_Callback
                0x0000000090000e38       0x24 CMakeFiles/STM32H750XBH6_6_key_test.elf.dir/Core/Src/main.c.obj
                0x0000000090000e38                HAL_GPIO_EXTI_Callback
 .text.Error_Handler
                0x0000000090000e5c        0x4 CMakeFiles/STM32H750XBH6_6_key_test.elf.dir/Core/Src/main.c.obj
                0x0000000090000e5c                Error_Handler
 .text.SystemClock_Config
                0x0000000090000e60      0x114 CMakeFiles/STM32H750XBH6_6_key_test.elf.dir/Core/Src/main.c.obj
                0x0000000090000e60                SystemClock_Config
 .text.main     0x0000000090000f74       0x44 CMakeFiles/STM32H750XBH6_6_key_test.elf.dir/Core/Src/main.c.obj
                0x0000000090000f74                main
 .text.HAL_MspInit
                0x0000000090000fb8       0x24 CMakeFiles/STM32H750XBH6_6_key_test.elf.dir/Core/Src/stm32h7xx_hal_msp.c.obj
                0x0000000090000fb8                HAL_MspInit
 .text.NMI_Handler
                0x0000000090000fdc        0x2 CMakeFiles/STM32H750XBH6_6_key_test.elf.dir/Core/Src/stm32h7xx_it.c.obj
                0x0000000090000fdc                NMI_Handler
 .text.HardFault_Handler
                0x0000000090000fde        0x2 CMakeFiles/STM32H750XBH6_6_key_test.elf.dir/Core/Src/stm32h7xx_it.c.obj
                0x0000000090000fde                HardFault_Handler
 .text.MemManage_Handler
                0x0000000090000fe0        0x2 CMakeFiles/STM32H750XBH6_6_key_test.elf.dir/Core/Src/stm32h7xx_it.c.obj
                0x0000000090000fe0                MemManage_Handler
 .text.BusFault_Handler
                0x0000000090000fe2        0x2 CMakeFiles/STM32H750XBH6_6_key_test.elf.dir/Core/Src/stm32h7xx_it.c.obj
                0x0000000090000fe2                BusFault_Handler
 .text.UsageFault_Handler
                0x0000000090000fe4        0x2 CMakeFiles/STM32H750XBH6_6_key_test.elf.dir/Core/Src/stm32h7xx_it.c.obj
                0x0000000090000fe4                UsageFault_Handler
 .text.SVC_Handler
                0x0000000090000fe6        0x2 CMakeFiles/STM32H750XBH6_6_key_test.elf.dir/Core/Src/stm32h7xx_it.c.obj
                0x0000000090000fe6                SVC_Handler
 .text.DebugMon_Handler
                0x0000000090000fe8        0x2 CMakeFiles/STM32H750XBH6_6_key_test.elf.dir/Core/Src/stm32h7xx_it.c.obj
                0x0000000090000fe8                DebugMon_Handler
 .text.PendSV_Handler
                0x0000000090000fea        0x2 CMakeFiles/STM32H750XBH6_6_key_test.elf.dir/Core/Src/stm32h7xx_it.c.obj
                0x0000000090000fea                PendSV_Handler
 .text.SysTick_Handler
                0x0000000090000fec        0x8 CMakeFiles/STM32H750XBH6_6_key_test.elf.dir/Core/Src/stm32h7xx_it.c.obj
                0x0000000090000fec                SysTick_Handler
 .text.EXTI4_IRQHandler
                0x0000000090000ff4        0xa CMakeFiles/STM32H750XBH6_6_key_test.elf.dir/Core/Src/stm32h7xx_it.c.obj
                0x0000000090000ff4                EXTI4_IRQHandler
 *fill*         0x0000000090000ffe        0x2 
 .text.DMA1_Stream0_IRQHandler
                0x0000000090001000       0x10 CMakeFiles/STM32H750XBH6_6_key_test.elf.dir/Core/Src/stm32h7xx_it.c.obj
                0x0000000090001000                DMA1_Stream0_IRQHandler
 .text.DMA1_Stream1_IRQHandler
                0x0000000090001010       0x10 CMakeFiles/STM32H750XBH6_6_key_test.elf.dir/Core/Src/stm32h7xx_it.c.obj
                0x0000000090001010                DMA1_Stream1_IRQHandler
 .text.UART4_IRQHandler
                0x0000000090001020       0x10 CMakeFiles/STM32H750XBH6_6_key_test.elf.dir/Core/Src/stm32h7xx_it.c.obj
                0x0000000090001020                UART4_IRQHandler
 .text.SystemInit
                0x0000000090001030       0xc8 CMakeFiles/STM32H750XBH6_6_key_test.elf.dir/Core/Src/system_stm32h7xx.c.obj
                0x0000000090001030                SystemInit
 .text.MX_UART4_Init
                0x00000000900010f8       0x68 CMakeFiles/STM32H750XBH6_6_key_test.elf.dir/Core/Src/usart.c.obj
                0x00000000900010f8                MX_UART4_Init
 .text.HAL_UART_MspInit
                0x0000000090001160      0x150 CMakeFiles/STM32H750XBH6_6_key_test.elf.dir/Core/Src/usart.c.obj
                0x0000000090001160                HAL_UART_MspInit
 .text.Reset_Handler
                0x00000000900012b0       0x50 CMakeFiles/STM32H750XBH6_6_key_test.elf.dir/Core/Startup/startup_stm32h750xbhx.s.obj
                0x00000000900012b0                Reset_Handler
 .text.Default_Handler
                0x0000000090001300        0x2 CMakeFiles/STM32H750XBH6_6_key_test.elf.dir/Core/Startup/startup_stm32h750xbhx.s.obj
                0x0000000090001300                RTC_Alarm_IRQHandler
                0x0000000090001300                HASH_RNG_IRQHandler
                0x0000000090001300                EXTI2_IRQHandler
                0x0000000090001300                TIM8_CC_IRQHandler
                0x0000000090001300                HRTIM1_Master_IRQHandler
                0x0000000090001300                UART8_IRQHandler
                0x0000000090001300                SPI4_IRQHandler
                0x0000000090001300                TIM1_CC_IRQHandler
                0x0000000090001300                BDMA_Channel6_IRQHandler
                0x0000000090001300                DMA2_Stream5_IRQHandler
                0x0000000090001300                HRTIM1_FLT_IRQHandler
                0x0000000090001300                JPEG_IRQHandler
                0x0000000090001300                DMA1_Stream5_IRQHandler
                0x0000000090001300                BDMA_Channel1_IRQHandler
                0x0000000090001300                HRTIM1_TIMD_IRQHandler
                0x0000000090001300                TAMP_STAMP_IRQHandler
                0x0000000090001300                EXTI3_IRQHandler
                0x0000000090001300                LPTIM4_IRQHandler
                0x0000000090001300                TIM8_TRG_COM_TIM14_IRQHandler
                0x0000000090001300                LPTIM2_IRQHandler
                0x0000000090001300                DFSDM1_FLT1_IRQHandler
                0x0000000090001300                DMAMUX2_OVR_IRQHandler
                0x0000000090001300                TIM8_UP_TIM13_IRQHandler
                0x0000000090001300                I2C3_ER_IRQHandler
                0x0000000090001300                DFSDM1_FLT2_IRQHandler
                0x0000000090001300                MDMA_IRQHandler
                0x0000000090001300                LPTIM3_IRQHandler
                0x0000000090001300                HSEM1_IRQHandler
                0x0000000090001300                EXTI0_IRQHandler
                0x0000000090001300                I2C2_EV_IRQHandler
                0x0000000090001300                DMA1_Stream2_IRQHandler
                0x0000000090001300                FPU_IRQHandler
                0x0000000090001300                OTG_HS_WKUP_IRQHandler
                0x0000000090001300                FDCAN1_IT1_IRQHandler
                0x0000000090001300                LTDC_ER_IRQHandler
                0x0000000090001300                DMA2_Stream2_IRQHandler
                0x0000000090001300                HRTIM1_TIME_IRQHandler
                0x0000000090001300                SPI1_IRQHandler
                0x0000000090001300                TIM6_DAC_IRQHandler
                0x0000000090001300                DCMI_IRQHandler
                0x0000000090001300                HRTIM1_TIMC_IRQHandler
                0x0000000090001300                DMA2_Stream3_IRQHandler
                0x0000000090001300                SAI2_IRQHandler
                0x0000000090001300                DFSDM1_FLT3_IRQHandler
                0x0000000090001300                USART6_IRQHandler
                0x0000000090001300                TIM17_IRQHandler
                0x0000000090001300                USART3_IRQHandler
                0x0000000090001300                BDMA_Channel7_IRQHandler
                0x0000000090001300                CRYP_IRQHandler
                0x0000000090001300                LPTIM5_IRQHandler
                0x0000000090001300                UART5_IRQHandler
                0x0000000090001300                ADC3_IRQHandler
                0x0000000090001300                DMA2_Stream0_IRQHandler
                0x0000000090001300                TIM4_IRQHandler
                0x0000000090001300                BDMA_Channel2_IRQHandler
                0x0000000090001300                QUADSPI_IRQHandler
                0x0000000090001300                I2C1_EV_IRQHandler
                0x0000000090001300                DMA1_Stream6_IRQHandler
                0x0000000090001300                DMAMUX1_OVR_IRQHandler
                0x0000000090001300                TIM16_IRQHandler
                0x0000000090001300                BDMA_Channel5_IRQHandler
                0x0000000090001300                TIM3_IRQHandler
                0x0000000090001300                RCC_IRQHandler
                0x0000000090001300                TIM8_BRK_TIM12_IRQHandler
                0x0000000090001300                TIM1_TRG_COM_IRQHandler
                0x0000000090001300                Default_Handler
                0x0000000090001300                ECC_IRQHandler
                0x0000000090001300                CEC_IRQHandler
                0x0000000090001300                EXTI15_10_IRQHandler
                0x0000000090001300                BDMA_Channel0_IRQHandler
                0x0000000090001300                ADC_IRQHandler
                0x0000000090001300                DMA1_Stream7_IRQHandler
                0x0000000090001300                HRTIM1_TIMA_IRQHandler
                0x0000000090001300                SPI5_IRQHandler
                0x0000000090001300                TIM7_IRQHandler
                0x0000000090001300                SDMMC1_IRQHandler
                0x0000000090001300                TIM5_IRQHandler
                0x0000000090001300                DMA2_Stream7_IRQHandler
                0x0000000090001300                TIM15_IRQHandler
                0x0000000090001300                PVD_AVD_IRQHandler
                0x0000000090001300                I2C3_EV_IRQHandler
                0x0000000090001300                EXTI9_5_IRQHandler
                0x0000000090001300                RTC_WKUP_IRQHandler
                0x0000000090001300                LTDC_IRQHandler
                0x0000000090001300                SAI3_IRQHandler
                0x0000000090001300                ETH_WKUP_IRQHandler
                0x0000000090001300                SPDIF_RX_IRQHandler
                0x0000000090001300                SPI2_IRQHandler
                0x0000000090001300                OTG_HS_EP1_IN_IRQHandler
                0x0000000090001300                CRS_IRQHandler
                0x0000000090001300                HRTIM1_TIMB_IRQHandler
                0x0000000090001300                FDCAN2_IT1_IRQHandler
                0x0000000090001300                ETH_IRQHandler
                0x0000000090001300                TIM1_UP_IRQHandler
                0x0000000090001300                BDMA_Channel4_IRQHandler
                0x0000000090001300                OTG_HS_EP1_OUT_IRQHandler
                0x0000000090001300                WWDG_IRQHandler
                0x0000000090001300                SPI6_IRQHandler
                0x0000000090001300                MDIOS_IRQHandler
                0x0000000090001300                I2C4_EV_IRQHandler
                0x0000000090001300                FDCAN2_IT0_IRQHandler
                0x0000000090001300                LPUART1_IRQHandler
                0x0000000090001300                FDCAN1_IT0_IRQHandler
                0x0000000090001300                TIM2_IRQHandler
                0x0000000090001300                OTG_FS_WKUP_IRQHandler
                0x0000000090001300                OTG_HS_IRQHandler
                0x0000000090001300                DMA2D_IRQHandler
                0x0000000090001300                TIM1_BRK_IRQHandler
                0x0000000090001300                EXTI1_IRQHandler
                0x0000000090001300                SDMMC2_IRQHandler
                0x0000000090001300                OTG_FS_EP1_OUT_IRQHandler
                0x0000000090001300                BDMA_Channel3_IRQHandler
                0x0000000090001300                UART7_IRQHandler
                0x0000000090001300                MDIOS_WKUP_IRQHandler
                0x0000000090001300                USART2_IRQHandler
                0x0000000090001300                DFSDM1_FLT0_IRQHandler
                0x0000000090001300                SAI4_IRQHandler
                0x0000000090001300                I2C2_ER_IRQHandler
                0x0000000090001300                DMA2_Stream1_IRQHandler
                0x0000000090001300                FLASH_IRQHandler
                0x0000000090001300                DMA2_Stream4_IRQHandler
                0x0000000090001300                USART1_IRQHandler
                0x0000000090001300                OTG_FS_IRQHandler
                0x0000000090001300                SPI3_IRQHandler
                0x0000000090001300                WAKEUP_PIN_IRQHandler
                0x0000000090001300                DMA1_Stream4_IRQHandler
                0x0000000090001300                OTG_FS_EP1_IN_IRQHandler
                0x0000000090001300                I2C1_ER_IRQHandler
                0x0000000090001300                FMC_IRQHandler
                0x0000000090001300                FDCAN_CAL_IRQHandler
                0x0000000090001300                SWPMI1_IRQHandler
                0x0000000090001300                COMP1_IRQHandler
                0x0000000090001300                LPTIM1_IRQHandler
                0x0000000090001300                I2C4_ER_IRQHandler
                0x0000000090001300                DMA2_Stream6_IRQHandler
                0x0000000090001300                SAI1_IRQHandler
                0x0000000090001300                DMA1_Stream3_IRQHandler
 *fill*         0x0000000090001302        0x2 
 .text.HAL_InitTick
                0x0000000090001304       0x50 CMakeFiles/STM32H750XBH6_6_key_test.elf.dir/Drivers/STM32H7xx_HAL_Driver/Src/stm32h7xx_hal.c.obj
                0x0000000090001304                HAL_InitTick
 .text.HAL_Init
                0x0000000090001354       0x5c CMakeFiles/STM32H750XBH6_6_key_test.elf.dir/Drivers/STM32H7xx_HAL_Driver/Src/stm32h7xx_hal.c.obj
                0x0000000090001354                HAL_Init
 .text.HAL_IncTick
                0x00000000900013b0       0x18 CMakeFiles/STM32H750XBH6_6_key_test.elf.dir/Drivers/STM32H7xx_HAL_Driver/Src/stm32h7xx_hal.c.obj
                0x00000000900013b0                HAL_IncTick
 .text.HAL_GetTick
                0x00000000900013c8        0xc CMakeFiles/STM32H750XBH6_6_key_test.elf.dir/Drivers/STM32H7xx_HAL_Driver/Src/stm32h7xx_hal.c.obj
                0x00000000900013c8                HAL_GetTick
 .text.HAL_Delay
                0x00000000900013d4       0x28 CMakeFiles/STM32H750XBH6_6_key_test.elf.dir/Drivers/STM32H7xx_HAL_Driver/Src/stm32h7xx_hal.c.obj
                0x00000000900013d4                HAL_Delay
 .text.HAL_GetREVID
                0x00000000900013fc        0xc CMakeFiles/STM32H750XBH6_6_key_test.elf.dir/Drivers/STM32H7xx_HAL_Driver/Src/stm32h7xx_hal.c.obj
                0x00000000900013fc                HAL_GetREVID
 .text.HAL_NVIC_SetPriorityGrouping
                0x0000000090001408       0x24 CMakeFiles/STM32H750XBH6_6_key_test.elf.dir/Drivers/STM32H7xx_HAL_Driver/Src/stm32h7xx_hal_cortex.c.obj
                0x0000000090001408                HAL_NVIC_SetPriorityGrouping
 .text.HAL_NVIC_SetPriority
                0x000000009000142c       0x6c CMakeFiles/STM32H750XBH6_6_key_test.elf.dir/Drivers/STM32H7xx_HAL_Driver/Src/stm32h7xx_hal_cortex.c.obj
                0x000000009000142c                HAL_NVIC_SetPriority
 .text.HAL_NVIC_EnableIRQ
                0x0000000090001498       0x1c CMakeFiles/STM32H750XBH6_6_key_test.elf.dir/Drivers/STM32H7xx_HAL_Driver/Src/stm32h7xx_hal_cortex.c.obj
                0x0000000090001498                HAL_NVIC_EnableIRQ
 .text.HAL_SYSTICK_Config
                0x00000000900014b4       0x28 CMakeFiles/STM32H750XBH6_6_key_test.elf.dir/Drivers/STM32H7xx_HAL_Driver/Src/stm32h7xx_hal_cortex.c.obj
                0x00000000900014b4                HAL_SYSTICK_Config
 .text.HAL_MPU_Disable
                0x00000000900014dc       0x1c CMakeFiles/STM32H750XBH6_6_key_test.elf.dir/Drivers/STM32H7xx_HAL_Driver/Src/stm32h7xx_hal_cortex.c.obj
                0x00000000900014dc                HAL_MPU_Disable
 .text.HAL_MPU_Enable
                0x00000000900014f8       0x20 CMakeFiles/STM32H750XBH6_6_key_test.elf.dir/Drivers/STM32H7xx_HAL_Driver/Src/stm32h7xx_hal_cortex.c.obj
                0x00000000900014f8                HAL_MPU_Enable
 .text.HAL_MPU_ConfigRegion
                0x0000000090001518       0x60 CMakeFiles/STM32H750XBH6_6_key_test.elf.dir/Drivers/STM32H7xx_HAL_Driver/Src/stm32h7xx_hal_cortex.c.obj
                0x0000000090001518                HAL_MPU_ConfigRegion
 .text.DMA_CalcBaseAndBitshift
                0x0000000090001578       0xb4 CMakeFiles/STM32H750XBH6_6_key_test.elf.dir/Drivers/STM32H7xx_HAL_Driver/Src/stm32h7xx_hal_dma.c.obj
 .text.DMA_CheckFifoParam
                0x000000009000162c       0x92 CMakeFiles/STM32H750XBH6_6_key_test.elf.dir/Drivers/STM32H7xx_HAL_Driver/Src/stm32h7xx_hal_dma.c.obj
 *fill*         0x00000000900016be        0x2 
 .text.DMA_CalcDMAMUXChannelBaseAndMask
                0x00000000900016c0       0xb0 CMakeFiles/STM32H750XBH6_6_key_test.elf.dir/Drivers/STM32H7xx_HAL_Driver/Src/stm32h7xx_hal_dma.c.obj
 .text.DMA_CalcDMAMUXRequestGenBaseAndMask
                0x0000000090001770       0x7c CMakeFiles/STM32H750XBH6_6_key_test.elf.dir/Drivers/STM32H7xx_HAL_Driver/Src/stm32h7xx_hal_dma.c.obj
 .text.HAL_DMA_Init
                0x00000000900017ec      0x3a4 CMakeFiles/STM32H750XBH6_6_key_test.elf.dir/Drivers/STM32H7xx_HAL_Driver/Src/stm32h7xx_hal_dma.c.obj
                0x00000000900017ec                HAL_DMA_Init
 .text.HAL_DMA_Abort
                0x0000000090001b90      0x340 CMakeFiles/STM32H750XBH6_6_key_test.elf.dir/Drivers/STM32H7xx_HAL_Driver/Src/stm32h7xx_hal_dma.c.obj
                0x0000000090001b90                HAL_DMA_Abort
 .text.HAL_DMA_Abort_IT
                0x0000000090001ed0      0x270 CMakeFiles/STM32H750XBH6_6_key_test.elf.dir/Drivers/STM32H7xx_HAL_Driver/Src/stm32h7xx_hal_dma.c.obj
                0x0000000090001ed0                HAL_DMA_Abort_IT
 .text.HAL_DMA_IRQHandler
                0x0000000090002140      0x738 CMakeFiles/STM32H750XBH6_6_key_test.elf.dir/Drivers/STM32H7xx_HAL_Driver/Src/stm32h7xx_hal_dma.c.obj
                0x0000000090002140                HAL_DMA_IRQHandler
 .text.HAL_GPIO_Init
                0x0000000090002878      0x228 CMakeFiles/STM32H750XBH6_6_key_test.elf.dir/Drivers/STM32H7xx_HAL_Driver/Src/stm32h7xx_hal_gpio.c.obj
                0x0000000090002878                HAL_GPIO_Init
 .text.HAL_GPIO_WritePin
                0x0000000090002aa0        0xc CMakeFiles/STM32H750XBH6_6_key_test.elf.dir/Drivers/STM32H7xx_HAL_Driver/Src/stm32h7xx_hal_gpio.c.obj
                0x0000000090002aa0                HAL_GPIO_WritePin
 .text.HAL_GPIO_EXTI_IRQHandler
                0x0000000090002aac       0x1e CMakeFiles/STM32H750XBH6_6_key_test.elf.dir/Drivers/STM32H7xx_HAL_Driver/Src/stm32h7xx_hal_gpio.c.obj
                0x0000000090002aac                HAL_GPIO_EXTI_IRQHandler
 *fill*         0x0000000090002aca        0x2 
 .text.HAL_PWREx_ConfigSupply
                0x0000000090002acc       0x54 CMakeFiles/STM32H750XBH6_6_key_test.elf.dir/Drivers/STM32H7xx_HAL_Driver/Src/stm32h7xx_hal_pwr_ex.c.obj
                0x0000000090002acc                HAL_PWREx_ConfigSupply
 .text.HAL_RCC_OscConfig
                0x0000000090002b20      0x6b4 CMakeFiles/STM32H750XBH6_6_key_test.elf.dir/Drivers/STM32H7xx_HAL_Driver/Src/stm32h7xx_hal_rcc.c.obj
                0x0000000090002b20                HAL_RCC_OscConfig
 .text.HAL_RCC_GetSysClockFreq
                0x00000000900031d4      0x218 CMakeFiles/STM32H750XBH6_6_key_test.elf.dir/Drivers/STM32H7xx_HAL_Driver/Src/stm32h7xx_hal_rcc.c.obj
                0x00000000900031d4                HAL_RCC_GetSysClockFreq
 .text.HAL_RCC_ClockConfig
                0x00000000900033ec      0x294 CMakeFiles/STM32H750XBH6_6_key_test.elf.dir/Drivers/STM32H7xx_HAL_Driver/Src/stm32h7xx_hal_rcc.c.obj
                0x00000000900033ec                HAL_RCC_ClockConfig
 .text.HAL_RCC_GetHCLKFreq
                0x0000000090003680       0x44 CMakeFiles/STM32H750XBH6_6_key_test.elf.dir/Drivers/STM32H7xx_HAL_Driver/Src/stm32h7xx_hal_rcc.c.obj
                0x0000000090003680                HAL_RCC_GetHCLKFreq
 .text.HAL_RCC_GetPCLK1Freq
                0x00000000900036c4       0x24 CMakeFiles/STM32H750XBH6_6_key_test.elf.dir/Drivers/STM32H7xx_HAL_Driver/Src/stm32h7xx_hal_rcc.c.obj
                0x00000000900036c4                HAL_RCC_GetPCLK1Freq
 .text.HAL_RCC_GetPCLK2Freq
                0x00000000900036e8       0x24 CMakeFiles/STM32H750XBH6_6_key_test.elf.dir/Drivers/STM32H7xx_HAL_Driver/Src/stm32h7xx_hal_rcc.c.obj
                0x00000000900036e8                HAL_RCC_GetPCLK2Freq
 .text.RCCEx_PLL2_Config
                0x000000009000370c      0x10c CMakeFiles/STM32H750XBH6_6_key_test.elf.dir/Drivers/STM32H7xx_HAL_Driver/Src/stm32h7xx_hal_rcc_ex.c.obj
 .text.RCCEx_PLL3_Config
                0x0000000090003818      0x10c CMakeFiles/STM32H750XBH6_6_key_test.elf.dir/Drivers/STM32H7xx_HAL_Driver/Src/stm32h7xx_hal_rcc_ex.c.obj
 .text.HAL_RCCEx_PeriphCLKConfig
                0x0000000090003924      0xa8c CMakeFiles/STM32H750XBH6_6_key_test.elf.dir/Drivers/STM32H7xx_HAL_Driver/Src/stm32h7xx_hal_rcc_ex.c.obj
                0x0000000090003924                HAL_RCCEx_PeriphCLKConfig
 .text.HAL_RCCEx_GetD3PCLK1Freq
                0x00000000900043b0       0x24 CMakeFiles/STM32H750XBH6_6_key_test.elf.dir/Drivers/STM32H7xx_HAL_Driver/Src/stm32h7xx_hal_rcc_ex.c.obj
                0x00000000900043b0                HAL_RCCEx_GetD3PCLK1Freq
 .text.HAL_RCCEx_GetPLL2ClockFreq
                0x00000000900043d4      0x234 CMakeFiles/STM32H750XBH6_6_key_test.elf.dir/Drivers/STM32H7xx_HAL_Driver/Src/stm32h7xx_hal_rcc_ex.c.obj
                0x00000000900043d4                HAL_RCCEx_GetPLL2ClockFreq
 .text.HAL_RCCEx_GetPLL3ClockFreq
                0x0000000090004608      0x234 CMakeFiles/STM32H750XBH6_6_key_test.elf.dir/Drivers/STM32H7xx_HAL_Driver/Src/stm32h7xx_hal_rcc_ex.c.obj
                0x0000000090004608                HAL_RCCEx_GetPLL3ClockFreq
 .text.UART_EndRxTransfer
                0x000000009000483c       0x58 CMakeFiles/STM32H750XBH6_6_key_test.elf.dir/Drivers/STM32H7xx_HAL_Driver/Src/stm32h7xx_hal_uart.c.obj
 .text.HAL_UART_TxCpltCallback
                0x0000000090004894        0x2 CMakeFiles/STM32H750XBH6_6_key_test.elf.dir/Drivers/STM32H7xx_HAL_Driver/Src/stm32h7xx_hal_uart.c.obj
                0x0000000090004894                HAL_UART_TxCpltCallback
 .text.UART_EndTransmit_IT
                0x0000000090004896       0x24 CMakeFiles/STM32H750XBH6_6_key_test.elf.dir/Drivers/STM32H7xx_HAL_Driver/Src/stm32h7xx_hal_uart.c.obj
 .text.HAL_UART_ErrorCallback
                0x00000000900048ba        0x2 CMakeFiles/STM32H750XBH6_6_key_test.elf.dir/Drivers/STM32H7xx_HAL_Driver/Src/stm32h7xx_hal_uart.c.obj
                0x00000000900048ba                HAL_UART_ErrorCallback
 .text.UART_DMAAbortOnError
                0x00000000900048bc       0x14 CMakeFiles/STM32H750XBH6_6_key_test.elf.dir/Drivers/STM32H7xx_HAL_Driver/Src/stm32h7xx_hal_uart.c.obj
 .text.HAL_UARTEx_RxEventCallback
                0x00000000900048d0        0x2 CMakeFiles/STM32H750XBH6_6_key_test.elf.dir/Drivers/STM32H7xx_HAL_Driver/Src/stm32h7xx_hal_uart.c.obj
                0x00000000900048d0                HAL_UARTEx_RxEventCallback
 *fill*         0x00000000900048d2        0x2 
 .text.HAL_UART_IRQHandler
                0x00000000900048d4      0x3b8 CMakeFiles/STM32H750XBH6_6_key_test.elf.dir/Drivers/STM32H7xx_HAL_Driver/Src/stm32h7xx_hal_uart.c.obj
                0x00000000900048d4                HAL_UART_IRQHandler
 .text.UART_SetConfig
                0x0000000090004c8c      0x5f4 CMakeFiles/STM32H750XBH6_6_key_test.elf.dir/Drivers/STM32H7xx_HAL_Driver/Src/stm32h7xx_hal_uart.c.obj
                0x0000000090004c8c                UART_SetConfig
 .text.UART_AdvFeatureConfig
                0x0000000090005280       0xca CMakeFiles/STM32H750XBH6_6_key_test.elf.dir/Drivers/STM32H7xx_HAL_Driver/Src/stm32h7xx_hal_uart.c.obj
                0x0000000090005280                UART_AdvFeatureConfig
 .text.UART_WaitOnFlagUntilTimeout
                0x000000009000534a       0x9a CMakeFiles/STM32H750XBH6_6_key_test.elf.dir/Drivers/STM32H7xx_HAL_Driver/Src/stm32h7xx_hal_uart.c.obj
                0x000000009000534a                UART_WaitOnFlagUntilTimeout
 .text.HAL_UART_Transmit
                0x00000000900053e4       0xd0 CMakeFiles/STM32H750XBH6_6_key_test.elf.dir/Drivers/STM32H7xx_HAL_Driver/Src/stm32h7xx_hal_uart.c.obj
                0x00000000900053e4                HAL_UART_Transmit
 .text.UART_CheckIdleState
                0x00000000900054b4       0xca CMakeFiles/STM32H750XBH6_6_key_test.elf.dir/Drivers/STM32H7xx_HAL_Driver/Src/stm32h7xx_hal_uart.c.obj
                0x00000000900054b4                UART_CheckIdleState
 .text.HAL_UART_Init
                0x000000009000557e       0x66 CMakeFiles/STM32H750XBH6_6_key_test.elf.dir/Drivers/STM32H7xx_HAL_Driver/Src/stm32h7xx_hal_uart.c.obj
                0x000000009000557e                HAL_UART_Init
 .text.UARTEx_SetNbDataToProcess
                0x00000000900055e4       0x4c CMakeFiles/STM32H750XBH6_6_key_test.elf.dir/Drivers/STM32H7xx_HAL_Driver/Src/stm32h7xx_hal_uart_ex.c.obj
 .text.HAL_UARTEx_WakeupCallback
                0x0000000090005630        0x2 CMakeFiles/STM32H750XBH6_6_key_test.elf.dir/Drivers/STM32H7xx_HAL_Driver/Src/stm32h7xx_hal_uart_ex.c.obj
                0x0000000090005630                HAL_UARTEx_WakeupCallback
 .text.HAL_UARTEx_RxFifoFullCallback
                0x0000000090005632        0x2 CMakeFiles/STM32H750XBH6_6_key_test.elf.dir/Drivers/STM32H7xx_HAL_Driver/Src/stm32h7xx_hal_uart_ex.c.obj
                0x0000000090005632                HAL_UARTEx_RxFifoFullCallback
 .text.HAL_UARTEx_TxFifoEmptyCallback
                0x0000000090005634        0x2 CMakeFiles/STM32H750XBH6_6_key_test.elf.dir/Drivers/STM32H7xx_HAL_Driver/Src/stm32h7xx_hal_uart_ex.c.obj
                0x0000000090005634                HAL_UARTEx_TxFifoEmptyCallback
 .text.HAL_UARTEx_DisableFifoMode
                0x0000000090005636       0x3e CMakeFiles/STM32H750XBH6_6_key_test.elf.dir/Drivers/STM32H7xx_HAL_Driver/Src/stm32h7xx_hal_uart_ex.c.obj
                0x0000000090005636                HAL_UARTEx_DisableFifoMode
 .text.HAL_UARTEx_SetTxFifoThreshold
                0x0000000090005674       0x4a CMakeFiles/STM32H750XBH6_6_key_test.elf.dir/Drivers/STM32H7xx_HAL_Driver/Src/stm32h7xx_hal_uart_ex.c.obj
                0x0000000090005674                HAL_UARTEx_SetTxFifoThreshold
 .text.HAL_UARTEx_SetRxFifoThreshold
                0x00000000900056be       0x4a CMakeFiles/STM32H750XBH6_6_key_test.elf.dir/Drivers/STM32H7xx_HAL_Driver/Src/stm32h7xx_hal_uart_ex.c.obj
                0x00000000900056be                HAL_UARTEx_SetRxFifoThreshold
 .text.startup  0x0000000090005708       0x14 /usr/lib/gcc/arm-none-eabi/10.3.1/../../../arm-none-eabi/lib/thumb/v7e-m/nofp/libg.a(lib_a-__call_atexit.o)
 *(.glue_7)
 .glue_7        0x000000009000571c        0x0 linker stubs
 *(.glue_7t)
 .glue_7t       0x000000009000571c        0x0 linker stubs
 *(.eh_frame)
 .eh_frame      0x000000009000571c        0x0 /usr/lib/gcc/arm-none-eabi/10.3.1/thumb/v7e-m/nofp/crtbegin.o
 *(.init)
 .init          0x000000009000571c        0x4 /usr/lib/gcc/arm-none-eabi/10.3.1/thumb/v7e-m/nofp/crti.o
                0x000000009000571c                _init
 .init          0x0000000090005720        0x8 /usr/lib/gcc/arm-none-eabi/10.3.1/thumb/v7e-m/nofp/crtn.o
 *(.fini)
 .fini          0x0000000090005728        0x4 /usr/lib/gcc/arm-none-eabi/10.3.1/thumb/v7e-m/nofp/crti.o
                0x0000000090005728                _fini
 .fini          0x000000009000572c        0x8 /usr/lib/gcc/arm-none-eabi/10.3.1/thumb/v7e-m/nofp/crtn.o
                0x0000000090005734                . = ALIGN (0x4)
                0x0000000090005734                _etext = .

.vfp11_veneer   0x0000000090005734        0x0
 .vfp11_veneer  0x0000000090005734        0x0 linker stubs

.v4_bx          0x0000000090005734        0x0
 .v4_bx         0x0000000090005734        0x0 linker stubs

.iplt           0x0000000090005734        0x0
 .iplt          0x0000000090005734        0x0 /usr/lib/gcc/arm-none-eabi/10.3.1/thumb/v7e-m/nofp/crtbegin.o

.rodata         0x0000000090005734       0x4c
                0x0000000090005734                . = ALIGN (0x4)
 *(.rodata)
 .rodata        0x0000000090005734        0x4 /usr/lib/gcc/arm-none-eabi/10.3.1/../../../arm-none-eabi/lib/thumb/v7e-m/nofp/libg.a(lib_a-impure.o)
                0x0000000090005734                _global_impure_ptr
 *(.rodata*)
 .rodata.main.str1.4
                0x0000000090005738        0x8 CMakeFiles/STM32H750XBH6_6_key_test.elf.dir/Core/Src/main.c.obj
 .rodata.D1CorePrescTable
                0x0000000090005740       0x10 CMakeFiles/STM32H750XBH6_6_key_test.elf.dir/Core/Src/system_stm32h7xx.c.obj
                0x0000000090005740                D1CorePrescTable
 .rodata.flagBitshiftOffset.0
                0x0000000090005750        0x8 CMakeFiles/STM32H750XBH6_6_key_test.elf.dir/Drivers/STM32H7xx_HAL_Driver/Src/stm32h7xx_hal_dma.c.obj
 .rodata.UARTPrescTable
                0x0000000090005758       0x18 CMakeFiles/STM32H750XBH6_6_key_test.elf.dir/Drivers/STM32H7xx_HAL_Driver/Src/stm32h7xx_hal_uart.c.obj
                0x0000000090005758                UARTPrescTable
 .rodata.denominator.0
                0x0000000090005770        0x8 CMakeFiles/STM32H750XBH6_6_key_test.elf.dir/Drivers/STM32H7xx_HAL_Driver/Src/stm32h7xx_hal_uart_ex.c.obj
 .rodata.numerator.1
                0x0000000090005778        0x8 CMakeFiles/STM32H750XBH6_6_key_test.elf.dir/Drivers/STM32H7xx_HAL_Driver/Src/stm32h7xx_hal_uart_ex.c.obj
                0x0000000090005780                . = ALIGN (0x4)

.ARM.extab
 *(.ARM.extab* .gnu.linkonce.armextab.*)

.ARM            0x0000000090005780        0x8
                0x0000000090005780                __exidx_start = .
 *(.ARM.exidx*)
 .ARM.exidx     0x0000000090005780        0x8 /usr/lib/gcc/arm-none-eabi/10.3.1/thumb/v7e-m/nofp/libgcc.a(_udivmoddi4.o)
                0x0000000090005788                __exidx_end = .

.rel.dyn        0x0000000090005788        0x0
 .rel.iplt      0x0000000090005788        0x0 /usr/lib/gcc/arm-none-eabi/10.3.1/thumb/v7e-m/nofp/crtbegin.o

.preinit_array  0x0000000090005788        0x0
                0x0000000090005788                PROVIDE (__preinit_array_start = .)
 *(.preinit_array*)
                0x0000000090005788                PROVIDE (__preinit_array_end = .)

.init_array     0x0000000090005788        0x8
                0x0000000090005788                PROVIDE (__init_array_start = .)
 *(SORT_BY_NAME(.init_array.*))
 .init_array.00000
                0x0000000090005788        0x4 /usr/lib/gcc/arm-none-eabi/10.3.1/../../../arm-none-eabi/lib/thumb/v7e-m/nofp/libg.a(lib_a-__call_atexit.o)
 *(.init_array*)
 .init_array    0x000000009000578c        0x4 /usr/lib/gcc/arm-none-eabi/10.3.1/thumb/v7e-m/nofp/crtbegin.o
                0x0000000090005790                PROVIDE (__init_array_end = .)

.fini_array     0x0000000090005790        0x4
                0x0000000090005790                PROVIDE (__fini_array_start = .)
 *(SORT_BY_NAME(.fini_array.*))
 *(.fini_array*)
 .fini_array    0x0000000090005790        0x4 /usr/lib/gcc/arm-none-eabi/10.3.1/thumb/v7e-m/nofp/crtbegin.o
                0x0000000090005794                PROVIDE (__fini_array_end = .)
                0x0000000090005794                _sidata = LOADADDR (.data)

.data           0x0000000024000000      0x440 load address 0x0000000090005794
                0x0000000024000000                . = ALIGN (0x4)
                0x0000000024000000                _sdata = .
 *(.data)
 .data          0x0000000024000000      0x430 /usr/lib/gcc/arm-none-eabi/10.3.1/../../../arm-none-eabi/lib/thumb/v7e-m/nofp/libg.a(lib_a-impure.o)
                0x0000000024000000                _impure_ptr
 *(.data*)
 .data.SystemCoreClock
                0x0000000024000430        0x4 CMakeFiles/STM32H750XBH6_6_key_test.elf.dir/Core/Src/system_stm32h7xx.c.obj
                0x0000000024000430                SystemCoreClock
 .data.SystemD2Clock
                0x0000000024000434        0x4 CMakeFiles/STM32H750XBH6_6_key_test.elf.dir/Core/Src/system_stm32h7xx.c.obj
                0x0000000024000434                SystemD2Clock
 .data.uwTickFreq
                0x0000000024000438        0x1 CMakeFiles/STM32H750XBH6_6_key_test.elf.dir/Drivers/STM32H7xx_HAL_Driver/Src/stm32h7xx_hal.c.obj
                0x0000000024000438                uwTickFreq
 *fill*         0x0000000024000439        0x3 
 .data.uwTickPrio
                0x000000002400043c        0x4 CMakeFiles/STM32H750XBH6_6_key_test.elf.dir/Drivers/STM32H7xx_HAL_Driver/Src/stm32h7xx_hal.c.obj
                0x000000002400043c                uwTickPrio
 *(.RamFunc)
 *(.RamFunc*)
                0x0000000024000440                . = ALIGN (0x4)
                0x0000000024000440                _edata = .

.tm_clone_table
                0x0000000024000440        0x0 load address 0x0000000090005bd4
 .tm_clone_table
                0x0000000024000440        0x0 /usr/lib/gcc/arm-none-eabi/10.3.1/thumb/v7e-m/nofp/crtbegin.o
 .tm_clone_table
                0x0000000024000440        0x0 /usr/lib/gcc/arm-none-eabi/10.3.1/thumb/v7e-m/nofp/crtend.o

.igot.plt       0x0000000024000440        0x0 load address 0x0000000090005bd4
 .igot.plt      0x0000000024000440        0x0 /usr/lib/gcc/arm-none-eabi/10.3.1/thumb/v7e-m/nofp/crtbegin.o
                0x0000000024000440                . = ALIGN (0x4)

.bss            0x0000000024000440      0x1a4 load address 0x0000000090005bd4
                0x0000000024000440                _sbss = .
                0x0000000024000440                __bss_start__ = _sbss
 *(.bss)
 .bss           0x0000000024000440       0x1c /usr/lib/gcc/arm-none-eabi/10.3.1/thumb/v7e-m/nofp/crtbegin.o
 *(.bss*)
 .bss.hdma_uart4_rx
                0x000000002400045c       0x78 CMakeFiles/STM32H750XBH6_6_key_test.elf.dir/Core/Src/usart.c.obj
                0x000000002400045c                hdma_uart4_rx
 .bss.hdma_uart4_tx
                0x00000000240004d4       0x78 CMakeFiles/STM32H750XBH6_6_key_test.elf.dir/Core/Src/usart.c.obj
                0x00000000240004d4                hdma_uart4_tx
 .bss.huart4    0x000000002400054c       0x94 CMakeFiles/STM32H750XBH6_6_key_test.elf.dir/Core/Src/usart.c.obj
                0x000000002400054c                huart4
 .bss.uwTick    0x00000000240005e0        0x4 CMakeFiles/STM32H750XBH6_6_key_test.elf.dir/Drivers/STM32H7xx_HAL_Driver/Src/stm32h7xx_hal.c.obj
                0x00000000240005e0                uwTick
 *(COMMON)
                0x00000000240005e4                . = ALIGN (0x4)
                0x00000000240005e4                _ebss = .
                0x00000000240005e4                __bss_end__ = _ebss

._user_heap_stack
                0x00000000240005e4      0x604 load address 0x0000000090005bd4
                0x00000000240005e8                . = ALIGN (0x8)
 *fill*         0x00000000240005e4        0x4 
                [!provide]                        PROVIDE (end = .)
                0x00000000240005e8                PROVIDE (_end = .)
                0x00000000240007e8                . = (. + _Min_Heap_Size)
 *fill*         0x00000000240005e8      0x200 
                0x0000000024000be8                . = (. + _Min_Stack_Size)
 *fill*         0x00000000240007e8      0x400 
                0x0000000024000be8                . = ALIGN (0x8)

/DISCARD/
 libc.a(*)
 libm.a(*)
 libgcc.a(*)

.ARM.attributes
                0x0000000000000000       0x2a
 *(.ARM.attributes)
 .ARM.attributes
                0x0000000000000000       0x1e /usr/lib/gcc/arm-none-eabi/10.3.1/thumb/v7e-m/nofp/crti.o
 .ARM.attributes
                0x000000000000001e       0x2e /usr/lib/gcc/arm-none-eabi/10.3.1/thumb/v7e-m/nofp/crtbegin.o
 .ARM.attributes
                0x000000000000004c       0x2e CMakeFiles/STM32H750XBH6_6_key_test.elf.dir/Core/Src/dma.c.obj
 .ARM.attributes
                0x000000000000007a       0x2e CMakeFiles/STM32H750XBH6_6_key_test.elf.dir/Core/Src/gpio.c.obj
 .ARM.attributes
                0x00000000000000a8       0x2e CMakeFiles/STM32H750XBH6_6_key_test.elf.dir/Core/Src/main.c.obj
 .ARM.attributes
                0x00000000000000d6       0x2e CMakeFiles/STM32H750XBH6_6_key_test.elf.dir/Core/Src/stm32h7xx_hal_msp.c.obj
 .ARM.attributes
                0x0000000000000104       0x2e CMakeFiles/STM32H750XBH6_6_key_test.elf.dir/Core/Src/stm32h7xx_it.c.obj
 .ARM.attributes
                0x0000000000000132       0x2e CMakeFiles/STM32H750XBH6_6_key_test.elf.dir/Core/Src/system_stm32h7xx.c.obj
 .ARM.attributes
                0x0000000000000160       0x2e CMakeFiles/STM32H750XBH6_6_key_test.elf.dir/Core/Src/usart.c.obj
 .ARM.attributes
                0x000000000000018e       0x21 CMakeFiles/STM32H750XBH6_6_key_test.elf.dir/Core/Startup/startup_stm32h750xbhx.s.obj
 .ARM.attributes
                0x00000000000001af       0x2e CMakeFiles/STM32H750XBH6_6_key_test.elf.dir/Drivers/STM32H7xx_HAL_Driver/Src/stm32h7xx_hal.c.obj
 .ARM.attributes
                0x00000000000001dd       0x2e CMakeFiles/STM32H750XBH6_6_key_test.elf.dir/Drivers/STM32H7xx_HAL_Driver/Src/stm32h7xx_hal_cortex.c.obj
 .ARM.attributes
                0x000000000000020b       0x2e CMakeFiles/STM32H750XBH6_6_key_test.elf.dir/Drivers/STM32H7xx_HAL_Driver/Src/stm32h7xx_hal_dma.c.obj
 .ARM.attributes
                0x0000000000000239       0x2e CMakeFiles/STM32H750XBH6_6_key_test.elf.dir/Drivers/STM32H7xx_HAL_Driver/Src/stm32h7xx_hal_gpio.c.obj
 .ARM.attributes
                0x0000000000000267       0x2e CMakeFiles/STM32H750XBH6_6_key_test.elf.dir/Drivers/STM32H7xx_HAL_Driver/Src/stm32h7xx_hal_pwr_ex.c.obj
 .ARM.attributes
                0x0000000000000295       0x2e CMakeFiles/STM32H750XBH6_6_key_test.elf.dir/Drivers/STM32H7xx_HAL_Driver/Src/stm32h7xx_hal_rcc.c.obj
 .ARM.attributes
                0x00000000000002c3       0x2e CMakeFiles/STM32H750XBH6_6_key_test.elf.dir/Drivers/STM32H7xx_HAL_Driver/Src/stm32h7xx_hal_rcc_ex.c.obj
 .ARM.attributes
                0x00000000000002f1       0x2e CMakeFiles/STM32H750XBH6_6_key_test.elf.dir/Drivers/STM32H7xx_HAL_Driver/Src/stm32h7xx_hal_uart.c.obj
 .ARM.attributes
                0x000000000000031f       0x2e CMakeFiles/STM32H750XBH6_6_key_test.elf.dir/Drivers/STM32H7xx_HAL_Driver/Src/stm32h7xx_hal_uart_ex.c.obj
 .ARM.attributes
                0x000000000000034d       0x1e /usr/lib/gcc/arm-none-eabi/10.3.1/thumb/v7e-m/nofp/libgcc.a(_arm_addsubsf3.o)
 .ARM.attributes
                0x000000000000036b       0x1e /usr/lib/gcc/arm-none-eabi/10.3.1/thumb/v7e-m/nofp/libgcc.a(_arm_muldivsf3.o)
 .ARM.attributes
                0x0000000000000389       0x1e /usr/lib/gcc/arm-none-eabi/10.3.1/thumb/v7e-m/nofp/libgcc.a(_arm_fixunssfsi.o)
 .ARM.attributes
                0x00000000000003a7       0x1e /usr/lib/gcc/arm-none-eabi/10.3.1/thumb/v7e-m/nofp/libgcc.a(_aeabi_uldivmod.o)
 .ARM.attributes
                0x00000000000003c5       0x2e /usr/lib/gcc/arm-none-eabi/10.3.1/thumb/v7e-m/nofp/libgcc.a(_udivmoddi4.o)
 .ARM.attributes
                0x00000000000003f3       0x1e /usr/lib/gcc/arm-none-eabi/10.3.1/thumb/v7e-m/nofp/libgcc.a(_dvmd_tls.o)
 .ARM.attributes
                0x0000000000000411       0x2e /usr/lib/gcc/arm-none-eabi/10.3.1/../../../arm-none-eabi/lib/thumb/v7e-m/nofp/libg.a(lib_a-atexit.o)
 .ARM.attributes
                0x000000000000043f       0x2e /usr/lib/gcc/arm-none-eabi/10.3.1/../../../arm-none-eabi/lib/thumb/v7e-m/nofp/libg.a(lib_a-fini.o)
 .ARM.attributes
                0x000000000000046d       0x2e /usr/lib/gcc/arm-none-eabi/10.3.1/../../../arm-none-eabi/lib/thumb/v7e-m/nofp/libg.a(lib_a-impure.o)
 .ARM.attributes
                0x000000000000049b       0x2e /usr/lib/gcc/arm-none-eabi/10.3.1/../../../arm-none-eabi/lib/thumb/v7e-m/nofp/libg.a(lib_a-init.o)
 .ARM.attributes
                0x00000000000004c9       0x2e /usr/lib/gcc/arm-none-eabi/10.3.1/../../../arm-none-eabi/lib/thumb/v7e-m/nofp/libg.a(lib_a-memset.o)
 .ARM.attributes
                0x00000000000004f7       0x2e /usr/lib/gcc/arm-none-eabi/10.3.1/../../../arm-none-eabi/lib/thumb/v7e-m/nofp/libg.a(lib_a-__atexit.o)
 .ARM.attributes
                0x0000000000000525       0x2e /usr/lib/gcc/arm-none-eabi/10.3.1/../../../arm-none-eabi/lib/thumb/v7e-m/nofp/libg.a(lib_a-__call_atexit.o)
 .ARM.attributes
                0x0000000000000553       0x2e /usr/lib/gcc/arm-none-eabi/10.3.1/thumb/v7e-m/nofp/crtend.o
 .ARM.attributes
                0x0000000000000581       0x1e /usr/lib/gcc/arm-none-eabi/10.3.1/thumb/v7e-m/nofp/crtn.o
OUTPUT(STM32H750XBH6_6_key_test.elf elf32-littlearm)
LOAD linker stubs
LOAD /usr/lib/gcc/arm-none-eabi/10.3.1/../../../arm-none-eabi/lib/thumb/v7e-m/nofp/libc.a
LOAD /usr/lib/gcc/arm-none-eabi/10.3.1/../../../arm-none-eabi/lib/thumb/v7e-m/nofp/libm.a
LOAD /usr/lib/gcc/arm-none-eabi/10.3.1/thumb/v7e-m/nofp/libgcc.a

.comment        0x0000000000000000       0x33
 .comment       0x0000000000000000       0x33 /usr/lib/gcc/arm-none-eabi/10.3.1/thumb/v7e-m/nofp/crtbegin.o
                                         0x34 (size before relaxing)
 .comment       0x0000000000000033       0x34 CMakeFiles/STM32H750XBH6_6_key_test.elf.dir/Core/Src/dma.c.obj
 .comment       0x0000000000000033       0x34 CMakeFiles/STM32H750XBH6_6_key_test.elf.dir/Core/Src/gpio.c.obj
 .comment       0x0000000000000033       0x34 CMakeFiles/STM32H750XBH6_6_key_test.elf.dir/Core/Src/main.c.obj
 .comment       0x0000000000000033       0x34 CMakeFiles/STM32H750XBH6_6_key_test.elf.dir/Core/Src/stm32h7xx_hal_msp.c.obj
 .comment       0x0000000000000033       0x34 CMakeFiles/STM32H750XBH6_6_key_test.elf.dir/Core/Src/stm32h7xx_it.c.obj
 .comment       0x0000000000000033       0x34 CMakeFiles/STM32H750XBH6_6_key_test.elf.dir/Core/Src/system_stm32h7xx.c.obj
 .comment       0x0000000000000033       0x34 CMakeFiles/STM32H750XBH6_6_key_test.elf.dir/Core/Src/usart.c.obj
 .comment       0x0000000000000033       0x34 CMakeFiles/STM32H750XBH6_6_key_test.elf.dir/Drivers/STM32H7xx_HAL_Driver/Src/stm32h7xx_hal.c.obj
 .comment       0x0000000000000033       0x34 CMakeFiles/STM32H750XBH6_6_key_test.elf.dir/Drivers/STM32H7xx_HAL_Driver/Src/stm32h7xx_hal_cortex.c.obj
 .comment       0x0000000000000033       0x34 CMakeFiles/STM32H750XBH6_6_key_test.elf.dir/Drivers/STM32H7xx_HAL_Driver/Src/stm32h7xx_hal_dma.c.obj
 .comment       0x0000000000000033       0x34 CMakeFiles/STM32H750XBH6_6_key_test.elf.dir/Drivers/STM32H7xx_HAL_Driver/Src/stm32h7xx_hal_gpio.c.obj
 .comment       0x0000000000000033       0x34 CMakeFiles/STM32H750XBH6_6_key_test.elf.dir/Drivers/STM32H7xx_HAL_Driver/Src/stm32h7xx_hal_pwr_ex.c.obj
 .comment       0x0000000000000033       0x34 CMakeFiles/STM32H750XBH6_6_key_test.elf.dir/Drivers/STM32H7xx_HAL_Driver/Src/stm32h7xx_hal_rcc.c.obj
 .comment       0x0000000000000033       0x34 CMakeFiles/STM32H750XBH6_6_key_test.elf.dir/Drivers/STM32H7xx_HAL_Driver/Src/stm32h7xx_hal_rcc_ex.c.obj
 .comment       0x0000000000000033       0x34 CMakeFiles/STM32H750XBH6_6_key_test.elf.dir/Drivers/STM32H7xx_HAL_Driver/Src/stm32h7xx_hal_uart.c.obj
 .comment       0x0000000000000033       0x34 CMakeFiles/STM32H750XBH6_6_key_test.elf.dir/Drivers/STM32H7xx_HAL_Driver/Src/stm32h7xx_hal_uart_ex.c.obj
 .comment       0x0000000000000033       0x34 /usr/lib/gcc/arm-none-eabi/10.3.1/thumb/v7e-m/nofp/libgcc.a(_udivmoddi4.o)
 .comment       0x0000000000000033       0x34 /usr/lib/gcc/arm-none-eabi/10.3.1/../../../arm-none-eabi/lib/thumb/v7e-m/nofp/libg.a(lib_a-atexit.o)
 .comment       0x0000000000000033       0x34 /usr/lib/gcc/arm-none-eabi/10.3.1/../../../arm-none-eabi/lib/thumb/v7e-m/nofp/libg.a(lib_a-fini.o)
 .comment       0x0000000000000033       0x34 /usr/lib/gcc/arm-none-eabi/10.3.1/../../../arm-none-eabi/lib/thumb/v7e-m/nofp/libg.a(lib_a-impure.o)
 .comment       0x0000000000000033       0x34 /usr/lib/gcc/arm-none-eabi/10.3.1/../../../arm-none-eabi/lib/thumb/v7e-m/nofp/libg.a(lib_a-init.o)
 .comment       0x0000000000000033       0x34 /usr/lib/gcc/arm-none-eabi/10.3.1/../../../arm-none-eabi/lib/thumb/v7e-m/nofp/libg.a(lib_a-memset.o)
 .comment       0x0000000000000033       0x34 /usr/lib/gcc/arm-none-eabi/10.3.1/../../../arm-none-eabi/lib/thumb/v7e-m/nofp/libg.a(lib_a-__atexit.o)
 .comment       0x0000000000000033       0x34 /usr/lib/gcc/arm-none-eabi/10.3.1/../../../arm-none-eabi/lib/thumb/v7e-m/nofp/libg.a(lib_a-__call_atexit.o)
 .comment       0x0000000000000033       0x34 /usr/lib/gcc/arm-none-eabi/10.3.1/thumb/v7e-m/nofp/crtend.o

.debug_info     0x0000000000000000    0x18a23
 .debug_info    0x0000000000000000      0x89f CMakeFiles/STM32H750XBH6_6_key_test.elf.dir/Core/Src/dma.c.obj
 .debug_info    0x000000000000089f      0xaac CMakeFiles/STM32H750XBH6_6_key_test.elf.dir/Core/Src/gpio.c.obj
 .debug_info    0x000000000000134b     0x1417 CMakeFiles/STM32H750XBH6_6_key_test.elf.dir/Core/Src/main.c.obj
 .debug_info    0x0000000000002762      0x494 CMakeFiles/STM32H750XBH6_6_key_test.elf.dir/Core/Src/stm32h7xx_hal_msp.c.obj
 .debug_info    0x0000000000002bf6      0x8f5 CMakeFiles/STM32H750XBH6_6_key_test.elf.dir/Core/Src/stm32h7xx_it.c.obj
 .debug_info    0x00000000000034eb      0xe77 CMakeFiles/STM32H750XBH6_6_key_test.elf.dir/Core/Src/system_stm32h7xx.c.obj
 .debug_info    0x0000000000004362     0x16d5 CMakeFiles/STM32H750XBH6_6_key_test.elf.dir/Core/Src/usart.c.obj
 .debug_info    0x0000000000005a37       0x22 CMakeFiles/STM32H750XBH6_6_key_test.elf.dir/Core/Startup/startup_stm32h750xbhx.s.obj
 .debug_info    0x0000000000005a59     0x168e CMakeFiles/STM32H750XBH6_6_key_test.elf.dir/Drivers/STM32H7xx_HAL_Driver/Src/stm32h7xx_hal.c.obj
 .debug_info    0x00000000000070e7     0x13cc CMakeFiles/STM32H750XBH6_6_key_test.elf.dir/Drivers/STM32H7xx_HAL_Driver/Src/stm32h7xx_hal_cortex.c.obj
 .debug_info    0x00000000000084b3      0xfd3 CMakeFiles/STM32H750XBH6_6_key_test.elf.dir/Drivers/STM32H7xx_HAL_Driver/Src/stm32h7xx_hal_dma.c.obj
 .debug_info    0x0000000000009486      0xd4e CMakeFiles/STM32H750XBH6_6_key_test.elf.dir/Drivers/STM32H7xx_HAL_Driver/Src/stm32h7xx_hal_gpio.c.obj
 .debug_info    0x000000000000a1d4     0x1216 CMakeFiles/STM32H750XBH6_6_key_test.elf.dir/Drivers/STM32H7xx_HAL_Driver/Src/stm32h7xx_hal_pwr_ex.c.obj
 .debug_info    0x000000000000b3ea     0x13a1 CMakeFiles/STM32H750XBH6_6_key_test.elf.dir/Drivers/STM32H7xx_HAL_Driver/Src/stm32h7xx_hal_rcc.c.obj
 .debug_info    0x000000000000c78b     0x2010 CMakeFiles/STM32H750XBH6_6_key_test.elf.dir/Drivers/STM32H7xx_HAL_Driver/Src/stm32h7xx_hal_rcc_ex.c.obj
 .debug_info    0x000000000000e79b     0x671e CMakeFiles/STM32H750XBH6_6_key_test.elf.dir/Drivers/STM32H7xx_HAL_Driver/Src/stm32h7xx_hal_uart.c.obj
 .debug_info    0x0000000000014eb9     0x122b CMakeFiles/STM32H750XBH6_6_key_test.elf.dir/Drivers/STM32H7xx_HAL_Driver/Src/stm32h7xx_hal_uart_ex.c.obj
 .debug_info    0x00000000000160e4       0x26 /usr/lib/gcc/arm-none-eabi/10.3.1/thumb/v7e-m/nofp/libgcc.a(_arm_addsubsf3.o)
 .debug_info    0x000000000001610a       0x26 /usr/lib/gcc/arm-none-eabi/10.3.1/thumb/v7e-m/nofp/libgcc.a(_arm_muldivsf3.o)
 .debug_info    0x0000000000016130       0x26 /usr/lib/gcc/arm-none-eabi/10.3.1/thumb/v7e-m/nofp/libgcc.a(_arm_fixunssfsi.o)
 .debug_info    0x0000000000016156       0x26 /usr/lib/gcc/arm-none-eabi/10.3.1/thumb/v7e-m/nofp/libgcc.a(_aeabi_uldivmod.o)
 .debug_info    0x000000000001617c      0x717 /usr/lib/gcc/arm-none-eabi/10.3.1/thumb/v7e-m/nofp/libgcc.a(_udivmoddi4.o)
 .debug_info    0x0000000000016893       0x26 /usr/lib/gcc/arm-none-eabi/10.3.1/thumb/v7e-m/nofp/libgcc.a(_dvmd_tls.o)
 .debug_info    0x00000000000168b9      0x100 /usr/lib/gcc/arm-none-eabi/10.3.1/../../../arm-none-eabi/lib/thumb/v7e-m/nofp/libg.a(lib_a-atexit.o)
 .debug_info    0x00000000000169b9      0x102 /usr/lib/gcc/arm-none-eabi/10.3.1/../../../arm-none-eabi/lib/thumb/v7e-m/nofp/libg.a(lib_a-fini.o)
 .debug_info    0x0000000000016abb      0x92a /usr/lib/gcc/arm-none-eabi/10.3.1/../../../arm-none-eabi/lib/thumb/v7e-m/nofp/libg.a(lib_a-impure.o)
 .debug_info    0x00000000000173e5      0x11a /usr/lib/gcc/arm-none-eabi/10.3.1/../../../arm-none-eabi/lib/thumb/v7e-m/nofp/libg.a(lib_a-init.o)
 .debug_info    0x00000000000174ff      0x137 /usr/lib/gcc/arm-none-eabi/10.3.1/../../../arm-none-eabi/lib/thumb/v7e-m/nofp/libg.a(lib_a-memset.o)
 .debug_info    0x0000000000017636      0x9b0 /usr/lib/gcc/arm-none-eabi/10.3.1/../../../arm-none-eabi/lib/thumb/v7e-m/nofp/libg.a(lib_a-__atexit.o)
 .debug_info    0x0000000000017fe6      0xa3d /usr/lib/gcc/arm-none-eabi/10.3.1/../../../arm-none-eabi/lib/thumb/v7e-m/nofp/libg.a(lib_a-__call_atexit.o)

.debug_abbrev   0x0000000000000000     0x2f00
 .debug_abbrev  0x0000000000000000      0x137 CMakeFiles/STM32H750XBH6_6_key_test.elf.dir/Core/Src/dma.c.obj
 .debug_abbrev  0x0000000000000137      0x18a CMakeFiles/STM32H750XBH6_6_key_test.elf.dir/Core/Src/gpio.c.obj
 .debug_abbrev  0x00000000000002c1      0x269 CMakeFiles/STM32H750XBH6_6_key_test.elf.dir/Core/Src/main.c.obj
 .debug_abbrev  0x000000000000052a       0xd7 CMakeFiles/STM32H750XBH6_6_key_test.elf.dir/Core/Src/stm32h7xx_hal_msp.c.obj
 .debug_abbrev  0x0000000000000601      0x172 CMakeFiles/STM32H750XBH6_6_key_test.elf.dir/Core/Src/stm32h7xx_it.c.obj
 .debug_abbrev  0x0000000000000773      0x162 CMakeFiles/STM32H750XBH6_6_key_test.elf.dir/Core/Src/system_stm32h7xx.c.obj
 .debug_abbrev  0x00000000000008d5      0x227 CMakeFiles/STM32H750XBH6_6_key_test.elf.dir/Core/Src/usart.c.obj
 .debug_abbrev  0x0000000000000afc       0x12 CMakeFiles/STM32H750XBH6_6_key_test.elf.dir/Core/Startup/startup_stm32h750xbhx.s.obj
 .debug_abbrev  0x0000000000000b0e      0x264 CMakeFiles/STM32H750XBH6_6_key_test.elf.dir/Drivers/STM32H7xx_HAL_Driver/Src/stm32h7xx_hal.c.obj
 .debug_abbrev  0x0000000000000d72      0x37d CMakeFiles/STM32H750XBH6_6_key_test.elf.dir/Drivers/STM32H7xx_HAL_Driver/Src/stm32h7xx_hal_cortex.c.obj
 .debug_abbrev  0x00000000000010ef      0x298 CMakeFiles/STM32H750XBH6_6_key_test.elf.dir/Drivers/STM32H7xx_HAL_Driver/Src/stm32h7xx_hal_dma.c.obj
 .debug_abbrev  0x0000000000001387      0x239 CMakeFiles/STM32H750XBH6_6_key_test.elf.dir/Drivers/STM32H7xx_HAL_Driver/Src/stm32h7xx_hal_gpio.c.obj
 .debug_abbrev  0x00000000000015c0      0x29b CMakeFiles/STM32H750XBH6_6_key_test.elf.dir/Drivers/STM32H7xx_HAL_Driver/Src/stm32h7xx_hal_pwr_ex.c.obj
 .debug_abbrev  0x000000000000185b      0x28c CMakeFiles/STM32H750XBH6_6_key_test.elf.dir/Drivers/STM32H7xx_HAL_Driver/Src/stm32h7xx_hal_rcc.c.obj
 .debug_abbrev  0x0000000000001ae7      0x285 CMakeFiles/STM32H750XBH6_6_key_test.elf.dir/Drivers/STM32H7xx_HAL_Driver/Src/stm32h7xx_hal_rcc_ex.c.obj
 .debug_abbrev  0x0000000000001d6c      0x337 CMakeFiles/STM32H750XBH6_6_key_test.elf.dir/Drivers/STM32H7xx_HAL_Driver/Src/stm32h7xx_hal_uart.c.obj
 .debug_abbrev  0x00000000000020a3      0x2e7 CMakeFiles/STM32H750XBH6_6_key_test.elf.dir/Drivers/STM32H7xx_HAL_Driver/Src/stm32h7xx_hal_uart_ex.c.obj
 .debug_abbrev  0x000000000000238a       0x14 /usr/lib/gcc/arm-none-eabi/10.3.1/thumb/v7e-m/nofp/libgcc.a(_arm_addsubsf3.o)
 .debug_abbrev  0x000000000000239e       0x14 /usr/lib/gcc/arm-none-eabi/10.3.1/thumb/v7e-m/nofp/libgcc.a(_arm_muldivsf3.o)
 .debug_abbrev  0x00000000000023b2       0x14 /usr/lib/gcc/arm-none-eabi/10.3.1/thumb/v7e-m/nofp/libgcc.a(_arm_fixunssfsi.o)
 .debug_abbrev  0x00000000000023c6       0x14 /usr/lib/gcc/arm-none-eabi/10.3.1/thumb/v7e-m/nofp/libgcc.a(_aeabi_uldivmod.o)
 .debug_abbrev  0x00000000000023da      0x163 /usr/lib/gcc/arm-none-eabi/10.3.1/thumb/v7e-m/nofp/libgcc.a(_udivmoddi4.o)
 .debug_abbrev  0x000000000000253d       0x14 /usr/lib/gcc/arm-none-eabi/10.3.1/thumb/v7e-m/nofp/libgcc.a(_dvmd_tls.o)
 .debug_abbrev  0x0000000000002551       0xb7 /usr/lib/gcc/arm-none-eabi/10.3.1/../../../arm-none-eabi/lib/thumb/v7e-m/nofp/libg.a(lib_a-atexit.o)
 .debug_abbrev  0x0000000000002608       0xcf /usr/lib/gcc/arm-none-eabi/10.3.1/../../../arm-none-eabi/lib/thumb/v7e-m/nofp/libg.a(lib_a-fini.o)
 .debug_abbrev  0x00000000000026d7      0x1b8 /usr/lib/gcc/arm-none-eabi/10.3.1/../../../arm-none-eabi/lib/thumb/v7e-m/nofp/libg.a(lib_a-impure.o)
 .debug_abbrev  0x000000000000288f       0xcc /usr/lib/gcc/arm-none-eabi/10.3.1/../../../arm-none-eabi/lib/thumb/v7e-m/nofp/libg.a(lib_a-init.o)
 .debug_abbrev  0x000000000000295b       0xb4 /usr/lib/gcc/arm-none-eabi/10.3.1/../../../arm-none-eabi/lib/thumb/v7e-m/nofp/libg.a(lib_a-memset.o)
 .debug_abbrev  0x0000000000002a0f      0x23f /usr/lib/gcc/arm-none-eabi/10.3.1/../../../arm-none-eabi/lib/thumb/v7e-m/nofp/libg.a(lib_a-__atexit.o)
 .debug_abbrev  0x0000000000002c4e      0x2b2 /usr/lib/gcc/arm-none-eabi/10.3.1/../../../arm-none-eabi/lib/thumb/v7e-m/nofp/libg.a(lib_a-__call_atexit.o)

.debug_aranges  0x0000000000000000      0xc48
 .debug_aranges
                0x0000000000000000       0x20 CMakeFiles/STM32H750XBH6_6_key_test.elf.dir/Core/Src/dma.c.obj
 .debug_aranges
                0x0000000000000020       0x20 CMakeFiles/STM32H750XBH6_6_key_test.elf.dir/Core/Src/gpio.c.obj
 .debug_aranges
                0x0000000000000040       0x40 CMakeFiles/STM32H750XBH6_6_key_test.elf.dir/Core/Src/main.c.obj
 .debug_aranges
                0x0000000000000080       0x20 CMakeFiles/STM32H750XBH6_6_key_test.elf.dir/Core/Src/stm32h7xx_hal_msp.c.obj
 .debug_aranges
                0x00000000000000a0       0x80 CMakeFiles/STM32H750XBH6_6_key_test.elf.dir/Core/Src/stm32h7xx_it.c.obj
 .debug_aranges
                0x0000000000000120       0x28 CMakeFiles/STM32H750XBH6_6_key_test.elf.dir/Core/Src/system_stm32h7xx.c.obj
 .debug_aranges
                0x0000000000000148       0x30 CMakeFiles/STM32H750XBH6_6_key_test.elf.dir/Core/Src/usart.c.obj
 .debug_aranges
                0x0000000000000178       0x28 CMakeFiles/STM32H750XBH6_6_key_test.elf.dir/Core/Startup/startup_stm32h750xbhx.s.obj
 .debug_aranges
                0x00000000000001a0      0x198 CMakeFiles/STM32H750XBH6_6_key_test.elf.dir/Drivers/STM32H7xx_HAL_Driver/Src/stm32h7xx_hal.c.obj
 .debug_aranges
                0x0000000000000338       0xb0 CMakeFiles/STM32H750XBH6_6_key_test.elf.dir/Drivers/STM32H7xx_HAL_Driver/Src/stm32h7xx_hal_cortex.c.obj
 .debug_aranges
                0x00000000000003e8       0xa0 CMakeFiles/STM32H750XBH6_6_key_test.elf.dir/Drivers/STM32H7xx_HAL_Driver/Src/stm32h7xx_hal_dma.c.obj
 .debug_aranges
                0x0000000000000488       0x58 CMakeFiles/STM32H750XBH6_6_key_test.elf.dir/Drivers/STM32H7xx_HAL_Driver/Src/stm32h7xx_hal_gpio.c.obj
 .debug_aranges
                0x00000000000004e0      0x158 CMakeFiles/STM32H750XBH6_6_key_test.elf.dir/Drivers/STM32H7xx_HAL_Driver/Src/stm32h7xx_hal_pwr_ex.c.obj
 .debug_aranges
                0x0000000000000638       0x88 CMakeFiles/STM32H750XBH6_6_key_test.elf.dir/Drivers/STM32H7xx_HAL_Driver/Src/stm32h7xx_hal_rcc.c.obj
 .debug_aranges
                0x00000000000006c0       0xf8 CMakeFiles/STM32H750XBH6_6_key_test.elf.dir/Drivers/STM32H7xx_HAL_Driver/Src/stm32h7xx_hal_rcc_ex.c.obj
 .debug_aranges
                0x00000000000007b8      0x248 CMakeFiles/STM32H750XBH6_6_key_test.elf.dir/Drivers/STM32H7xx_HAL_Driver/Src/stm32h7xx_hal_uart.c.obj
 .debug_aranges
                0x0000000000000a00       0xa8 CMakeFiles/STM32H750XBH6_6_key_test.elf.dir/Drivers/STM32H7xx_HAL_Driver/Src/stm32h7xx_hal_uart_ex.c.obj
 .debug_aranges
                0x0000000000000aa8       0x20 /usr/lib/gcc/arm-none-eabi/10.3.1/thumb/v7e-m/nofp/libgcc.a(_arm_addsubsf3.o)
 .debug_aranges
                0x0000000000000ac8       0x20 /usr/lib/gcc/arm-none-eabi/10.3.1/thumb/v7e-m/nofp/libgcc.a(_arm_muldivsf3.o)
 .debug_aranges
                0x0000000000000ae8       0x20 /usr/lib/gcc/arm-none-eabi/10.3.1/thumb/v7e-m/nofp/libgcc.a(_arm_fixunssfsi.o)
 .debug_aranges
                0x0000000000000b08       0x20 /usr/lib/gcc/arm-none-eabi/10.3.1/thumb/v7e-m/nofp/libgcc.a(_aeabi_uldivmod.o)
 .debug_aranges
                0x0000000000000b28       0x20 /usr/lib/gcc/arm-none-eabi/10.3.1/thumb/v7e-m/nofp/libgcc.a(_udivmoddi4.o)
 .debug_aranges
                0x0000000000000b48       0x20 /usr/lib/gcc/arm-none-eabi/10.3.1/thumb/v7e-m/nofp/libgcc.a(_dvmd_tls.o)
 .debug_aranges
                0x0000000000000b68       0x20 /usr/lib/gcc/arm-none-eabi/10.3.1/../../../arm-none-eabi/lib/thumb/v7e-m/nofp/libg.a(lib_a-atexit.o)
 .debug_aranges
                0x0000000000000b88       0x20 /usr/lib/gcc/arm-none-eabi/10.3.1/../../../arm-none-eabi/lib/thumb/v7e-m/nofp/libg.a(lib_a-fini.o)
 .debug_aranges
                0x0000000000000ba8       0x18 /usr/lib/gcc/arm-none-eabi/10.3.1/../../../arm-none-eabi/lib/thumb/v7e-m/nofp/libg.a(lib_a-impure.o)
 .debug_aranges
                0x0000000000000bc0       0x20 /usr/lib/gcc/arm-none-eabi/10.3.1/../../../arm-none-eabi/lib/thumb/v7e-m/nofp/libg.a(lib_a-init.o)
 .debug_aranges
                0x0000000000000be0       0x20 /usr/lib/gcc/arm-none-eabi/10.3.1/../../../arm-none-eabi/lib/thumb/v7e-m/nofp/libg.a(lib_a-memset.o)
 .debug_aranges
                0x0000000000000c00       0x20 /usr/lib/gcc/arm-none-eabi/10.3.1/../../../arm-none-eabi/lib/thumb/v7e-m/nofp/libg.a(lib_a-__atexit.o)
 .debug_aranges
                0x0000000000000c20       0x28 /usr/lib/gcc/arm-none-eabi/10.3.1/../../../arm-none-eabi/lib/thumb/v7e-m/nofp/libg.a(lib_a-__call_atexit.o)

.debug_ranges   0x0000000000000000      0xc20
 .debug_ranges  0x0000000000000000       0x10 CMakeFiles/STM32H750XBH6_6_key_test.elf.dir/Core/Src/dma.c.obj
 .debug_ranges  0x0000000000000010       0x10 CMakeFiles/STM32H750XBH6_6_key_test.elf.dir/Core/Src/gpio.c.obj
 .debug_ranges  0x0000000000000020       0x30 CMakeFiles/STM32H750XBH6_6_key_test.elf.dir/Core/Src/main.c.obj
 .debug_ranges  0x0000000000000050       0x10 CMakeFiles/STM32H750XBH6_6_key_test.elf.dir/Core/Src/stm32h7xx_hal_msp.c.obj
 .debug_ranges  0x0000000000000060       0x70 CMakeFiles/STM32H750XBH6_6_key_test.elf.dir/Core/Src/stm32h7xx_it.c.obj
 .debug_ranges  0x00000000000000d0       0x18 CMakeFiles/STM32H750XBH6_6_key_test.elf.dir/Core/Src/system_stm32h7xx.c.obj
 .debug_ranges  0x00000000000000e8       0x20 CMakeFiles/STM32H750XBH6_6_key_test.elf.dir/Core/Src/usart.c.obj
 .debug_ranges  0x0000000000000108       0x20 CMakeFiles/STM32H750XBH6_6_key_test.elf.dir/Core/Startup/startup_stm32h750xbhx.s.obj
 .debug_ranges  0x0000000000000128      0x188 CMakeFiles/STM32H750XBH6_6_key_test.elf.dir/Drivers/STM32H7xx_HAL_Driver/Src/stm32h7xx_hal.c.obj
 .debug_ranges  0x00000000000002b0      0x100 CMakeFiles/STM32H750XBH6_6_key_test.elf.dir/Drivers/STM32H7xx_HAL_Driver/Src/stm32h7xx_hal_cortex.c.obj
 .debug_ranges  0x00000000000003b0       0xa8 CMakeFiles/STM32H750XBH6_6_key_test.elf.dir/Drivers/STM32H7xx_HAL_Driver/Src/stm32h7xx_hal_dma.c.obj
 .debug_ranges  0x0000000000000458       0x48 CMakeFiles/STM32H750XBH6_6_key_test.elf.dir/Drivers/STM32H7xx_HAL_Driver/Src/stm32h7xx_hal_gpio.c.obj
 .debug_ranges  0x00000000000004a0      0x1a8 CMakeFiles/STM32H750XBH6_6_key_test.elf.dir/Drivers/STM32H7xx_HAL_Driver/Src/stm32h7xx_hal_pwr_ex.c.obj
 .debug_ranges  0x0000000000000648       0xe8 CMakeFiles/STM32H750XBH6_6_key_test.elf.dir/Drivers/STM32H7xx_HAL_Driver/Src/stm32h7xx_hal_rcc.c.obj
 .debug_ranges  0x0000000000000730       0xe8 CMakeFiles/STM32H750XBH6_6_key_test.elf.dir/Drivers/STM32H7xx_HAL_Driver/Src/stm32h7xx_hal_rcc_ex.c.obj
 .debug_ranges  0x0000000000000818      0x238 CMakeFiles/STM32H750XBH6_6_key_test.elf.dir/Drivers/STM32H7xx_HAL_Driver/Src/stm32h7xx_hal_uart.c.obj
 .debug_ranges  0x0000000000000a50       0x98 CMakeFiles/STM32H750XBH6_6_key_test.elf.dir/Drivers/STM32H7xx_HAL_Driver/Src/stm32h7xx_hal_uart_ex.c.obj
 .debug_ranges  0x0000000000000ae8       0xe8 /usr/lib/gcc/arm-none-eabi/10.3.1/thumb/v7e-m/nofp/libgcc.a(_udivmoddi4.o)
 .debug_ranges  0x0000000000000bd0       0x50 /usr/lib/gcc/arm-none-eabi/10.3.1/../../../arm-none-eabi/lib/thumb/v7e-m/nofp/libg.a(lib_a-__call_atexit.o)

.debug_line     0x0000000000000000    0x115fc
 .debug_line    0x0000000000000000      0x198 CMakeFiles/STM32H750XBH6_6_key_test.elf.dir/Core/Src/dma.c.obj
 .debug_line    0x0000000000000198      0x226 CMakeFiles/STM32H750XBH6_6_key_test.elf.dir/Core/Src/gpio.c.obj
 .debug_line    0x00000000000003be      0x53e CMakeFiles/STM32H750XBH6_6_key_test.elf.dir/Core/Src/main.c.obj
 .debug_line    0x00000000000008fc      0x134 CMakeFiles/STM32H750XBH6_6_key_test.elf.dir/Core/Src/stm32h7xx_hal_msp.c.obj
 .debug_line    0x0000000000000a30      0x346 CMakeFiles/STM32H750XBH6_6_key_test.elf.dir/Core/Src/stm32h7xx_it.c.obj
 .debug_line    0x0000000000000d76      0x40a CMakeFiles/STM32H750XBH6_6_key_test.elf.dir/Core/Src/system_stm32h7xx.c.obj
 .debug_line    0x0000000000001180      0x4c7 CMakeFiles/STM32H750XBH6_6_key_test.elf.dir/Core/Src/usart.c.obj
 .debug_line    0x0000000000001647       0xb9 CMakeFiles/STM32H750XBH6_6_key_test.elf.dir/Core/Startup/startup_stm32h750xbhx.s.obj
 .debug_line    0x0000000000001700      0x903 CMakeFiles/STM32H750XBH6_6_key_test.elf.dir/Drivers/STM32H7xx_HAL_Driver/Src/stm32h7xx_hal.c.obj
 .debug_line    0x0000000000002003      0x7ce CMakeFiles/STM32H750XBH6_6_key_test.elf.dir/Drivers/STM32H7xx_HAL_Driver/Src/stm32h7xx_hal_cortex.c.obj
 .debug_line    0x00000000000027d1     0x244a CMakeFiles/STM32H750XBH6_6_key_test.elf.dir/Drivers/STM32H7xx_HAL_Driver/Src/stm32h7xx_hal_dma.c.obj
 .debug_line    0x0000000000004c1b      0x6c6 CMakeFiles/STM32H750XBH6_6_key_test.elf.dir/Drivers/STM32H7xx_HAL_Driver/Src/stm32h7xx_hal_gpio.c.obj
 .debug_line    0x00000000000052e1      0xac3 CMakeFiles/STM32H750XBH6_6_key_test.elf.dir/Drivers/STM32H7xx_HAL_Driver/Src/stm32h7xx_hal_pwr_ex.c.obj
 .debug_line    0x0000000000005da4     0x127d CMakeFiles/STM32H750XBH6_6_key_test.elf.dir/Drivers/STM32H7xx_HAL_Driver/Src/stm32h7xx_hal_rcc.c.obj
 .debug_line    0x0000000000007021     0x1f37 CMakeFiles/STM32H750XBH6_6_key_test.elf.dir/Drivers/STM32H7xx_HAL_Driver/Src/stm32h7xx_hal_rcc_ex.c.obj
 .debug_line    0x0000000000008f58     0x66fa CMakeFiles/STM32H750XBH6_6_key_test.elf.dir/Drivers/STM32H7xx_HAL_Driver/Src/stm32h7xx_hal_uart.c.obj
 .debug_line    0x000000000000f652      0xcb3 CMakeFiles/STM32H750XBH6_6_key_test.elf.dir/Drivers/STM32H7xx_HAL_Driver/Src/stm32h7xx_hal_uart_ex.c.obj
 .debug_line    0x0000000000010305      0x11a /usr/lib/gcc/arm-none-eabi/10.3.1/thumb/v7e-m/nofp/libgcc.a(_arm_addsubsf3.o)
 .debug_line    0x000000000001041f      0x13a /usr/lib/gcc/arm-none-eabi/10.3.1/thumb/v7e-m/nofp/libgcc.a(_arm_muldivsf3.o)
 .debug_line    0x0000000000010559       0x75 /usr/lib/gcc/arm-none-eabi/10.3.1/thumb/v7e-m/nofp/libgcc.a(_arm_fixunssfsi.o)
 .debug_line    0x00000000000105ce       0x60 /usr/lib/gcc/arm-none-eabi/10.3.1/thumb/v7e-m/nofp/libgcc.a(_aeabi_uldivmod.o)
 .debug_line    0x000000000001062e      0x5b4 /usr/lib/gcc/arm-none-eabi/10.3.1/thumb/v7e-m/nofp/libgcc.a(_udivmoddi4.o)
 .debug_line    0x0000000000010be2       0x60 /usr/lib/gcc/arm-none-eabi/10.3.1/thumb/v7e-m/nofp/libgcc.a(_dvmd_tls.o)
 .debug_line    0x0000000000010c42       0xc0 /usr/lib/gcc/arm-none-eabi/10.3.1/../../../arm-none-eabi/lib/thumb/v7e-m/nofp/libg.a(lib_a-atexit.o)
 .debug_line    0x0000000000010d02       0xed /usr/lib/gcc/arm-none-eabi/10.3.1/../../../arm-none-eabi/lib/thumb/v7e-m/nofp/libg.a(lib_a-fini.o)
 .debug_line    0x0000000000010def       0xe4 /usr/lib/gcc/arm-none-eabi/10.3.1/../../../arm-none-eabi/lib/thumb/v7e-m/nofp/libg.a(lib_a-impure.o)
 .debug_line    0x0000000000010ed3      0x138 /usr/lib/gcc/arm-none-eabi/10.3.1/../../../arm-none-eabi/lib/thumb/v7e-m/nofp/libg.a(lib_a-init.o)
 .debug_line    0x000000000001100b      0x1bf /usr/lib/gcc/arm-none-eabi/10.3.1/../../../arm-none-eabi/lib/thumb/v7e-m/nofp/libg.a(lib_a-memset.o)
 .debug_line    0x00000000000111ca      0x19e /usr/lib/gcc/arm-none-eabi/10.3.1/../../../arm-none-eabi/lib/thumb/v7e-m/nofp/libg.a(lib_a-__atexit.o)
 .debug_line    0x0000000000011368      0x294 /usr/lib/gcc/arm-none-eabi/10.3.1/../../../arm-none-eabi/lib/thumb/v7e-m/nofp/libg.a(lib_a-__call_atexit.o)

.debug_str      0x0000000000000000     0x57dd
 .debug_str     0x0000000000000000      0xc10 CMakeFiles/STM32H750XBH6_6_key_test.elf.dir/Core/Src/dma.c.obj
                                        0xc83 (size before relaxing)
 .debug_str     0x0000000000000c10       0xf9 CMakeFiles/STM32H750XBH6_6_key_test.elf.dir/Core/Src/gpio.c.obj
                                        0xd37 (size before relaxing)
 .debug_str     0x0000000000000d09      0x948 CMakeFiles/STM32H750XBH6_6_key_test.elf.dir/Core/Src/main.c.obj
                                        0xe02 (size before relaxing)
 .debug_str     0x0000000000001651       0x5d CMakeFiles/STM32H750XBH6_6_key_test.elf.dir/Core/Src/stm32h7xx_hal_msp.c.obj
                                        0x43d (size before relaxing)
 .debug_str     0x00000000000016ae      0x196 CMakeFiles/STM32H750XBH6_6_key_test.elf.dir/Core/Src/stm32h7xx_it.c.obj
                                        0x8de (size before relaxing)
 .debug_str     0x0000000000001844      0x3b7 CMakeFiles/STM32H750XBH6_6_key_test.elf.dir/Core/Src/system_stm32h7xx.c.obj
                                        0x7b2 (size before relaxing)
 .debug_str     0x0000000000001bfb      0x48a CMakeFiles/STM32H750XBH6_6_key_test.elf.dir/Core/Src/usart.c.obj
                                       0x1755 (size before relaxing)
 .debug_str     0x0000000000002085       0x65 CMakeFiles/STM32H750XBH6_6_key_test.elf.dir/Core/Startup/startup_stm32h750xbhx.s.obj
                                         0xab (size before relaxing)
 .debug_str     0x00000000000020ea      0x765 CMakeFiles/STM32H750XBH6_6_key_test.elf.dir/Drivers/STM32H7xx_HAL_Driver/Src/stm32h7xx_hal.c.obj
                                       0x1500 (size before relaxing)
 .debug_str     0x000000000000284f      0x3b2 CMakeFiles/STM32H750XBH6_6_key_test.elf.dir/Drivers/STM32H7xx_HAL_Driver/Src/stm32h7xx_hal_cortex.c.obj
                                       0x108e (size before relaxing)
 .debug_str     0x0000000000002c01      0x3ec CMakeFiles/STM32H750XBH6_6_key_test.elf.dir/Drivers/STM32H7xx_HAL_Driver/Src/stm32h7xx_hal_dma.c.obj
                                        0xa0c (size before relaxing)
 .debug_str     0x0000000000002fed       0xe0 CMakeFiles/STM32H750XBH6_6_key_test.elf.dir/Drivers/STM32H7xx_HAL_Driver/Src/stm32h7xx_hal_gpio.c.obj
                                        0x714 (size before relaxing)
 .debug_str     0x00000000000030cd      0x57e CMakeFiles/STM32H750XBH6_6_key_test.elf.dir/Drivers/STM32H7xx_HAL_Driver/Src/stm32h7xx_hal_pwr_ex.c.obj
                                        0xa8a (size before relaxing)
 .debug_str     0x000000000000364b      0x1c3 CMakeFiles/STM32H750XBH6_6_key_test.elf.dir/Drivers/STM32H7xx_HAL_Driver/Src/stm32h7xx_hal_rcc.c.obj
                                        0xa92 (size before relaxing)
 .debug_str     0x000000000000380e      0x5f6 CMakeFiles/STM32H750XBH6_6_key_test.elf.dir/Drivers/STM32H7xx_HAL_Driver/Src/stm32h7xx_hal_rcc_ex.c.obj
                                        0xf9d (size before relaxing)
 .debug_str     0x0000000000003e04      0x8ce CMakeFiles/STM32H750XBH6_6_key_test.elf.dir/Drivers/STM32H7xx_HAL_Driver/Src/stm32h7xx_hal_uart.c.obj
                                       0x14de (size before relaxing)
 .debug_str     0x00000000000046d2      0x27a CMakeFiles/STM32H750XBH6_6_key_test.elf.dir/Drivers/STM32H7xx_HAL_Driver/Src/stm32h7xx_hal_uart_ex.c.obj
                                        0xbd2 (size before relaxing)
 .debug_str     0x000000000000494c       0xa8 /usr/lib/gcc/arm-none-eabi/10.3.1/thumb/v7e-m/nofp/libgcc.a(_arm_addsubsf3.o)
 .debug_str     0x00000000000049f4       0xa8 /usr/lib/gcc/arm-none-eabi/10.3.1/thumb/v7e-m/nofp/libgcc.a(_arm_muldivsf3.o)
 .debug_str     0x00000000000049f4       0xa8 /usr/lib/gcc/arm-none-eabi/10.3.1/thumb/v7e-m/nofp/libgcc.a(_arm_fixunssfsi.o)
 .debug_str     0x00000000000049f4       0x2c /usr/lib/gcc/arm-none-eabi/10.3.1/thumb/v7e-m/nofp/libgcc.a(_aeabi_uldivmod.o)
                                         0xa3 (size before relaxing)
 .debug_str     0x0000000000004a20      0x541 /usr/lib/gcc/arm-none-eabi/10.3.1/thumb/v7e-m/nofp/libgcc.a(_udivmoddi4.o)
                                        0x641 (size before relaxing)
 .debug_str     0x0000000000004f61       0x30 /usr/lib/gcc/arm-none-eabi/10.3.1/thumb/v7e-m/nofp/libgcc.a(_dvmd_tls.o)
                                         0xa7 (size before relaxing)
 .debug_str     0x0000000000004f91      0x142 /usr/lib/gcc/arm-none-eabi/10.3.1/../../../arm-none-eabi/lib/thumb/v7e-m/nofp/libg.a(lib_a-atexit.o)
                                        0x1de (size before relaxing)
 .debug_str     0x00000000000050d3       0xc5 /usr/lib/gcc/arm-none-eabi/10.3.1/../../../arm-none-eabi/lib/thumb/v7e-m/nofp/libg.a(lib_a-fini.o)
                                        0x1d6 (size before relaxing)
 .debug_str     0x0000000000005198      0x44a /usr/lib/gcc/arm-none-eabi/10.3.1/../../../arm-none-eabi/lib/thumb/v7e-m/nofp/libg.a(lib_a-impure.o)
                                        0x57c (size before relaxing)
 .debug_str     0x00000000000055e2       0x96 /usr/lib/gcc/arm-none-eabi/10.3.1/../../../arm-none-eabi/lib/thumb/v7e-m/nofp/libg.a(lib_a-init.o)
                                        0x200 (size before relaxing)
 .debug_str     0x0000000000005678       0xa2 /usr/lib/gcc/arm-none-eabi/10.3.1/../../../arm-none-eabi/lib/thumb/v7e-m/nofp/libg.a(lib_a-memset.o)
                                        0x1b5 (size before relaxing)
 .debug_str     0x000000000000571a       0x36 /usr/lib/gcc/arm-none-eabi/10.3.1/../../../arm-none-eabi/lib/thumb/v7e-m/nofp/libg.a(lib_a-__atexit.o)
                                        0x5b6 (size before relaxing)
 .debug_str     0x0000000000005750       0x8d /usr/lib/gcc/arm-none-eabi/10.3.1/../../../arm-none-eabi/lib/thumb/v7e-m/nofp/libg.a(lib_a-__call_atexit.o)
                                        0x5e2 (size before relaxing)

.debug_frame    0x0000000000000000     0x1bc4
 .debug_frame   0x0000000000000000       0x2c CMakeFiles/STM32H750XBH6_6_key_test.elf.dir/Core/Src/dma.c.obj
 .debug_frame   0x000000000000002c       0x34 CMakeFiles/STM32H750XBH6_6_key_test.elf.dir/Core/Src/gpio.c.obj
 .debug_frame   0x0000000000000060       0x88 CMakeFiles/STM32H750XBH6_6_key_test.elf.dir/Core/Src/main.c.obj
 .debug_frame   0x00000000000000e8       0x28 CMakeFiles/STM32H750XBH6_6_key_test.elf.dir/Core/Src/stm32h7xx_hal_msp.c.obj
 .debug_frame   0x0000000000000110      0x108 CMakeFiles/STM32H750XBH6_6_key_test.elf.dir/Core/Src/stm32h7xx_it.c.obj
 .debug_frame   0x0000000000000218       0x40 CMakeFiles/STM32H750XBH6_6_key_test.elf.dir/Core/Src/system_stm32h7xx.c.obj
 .debug_frame   0x0000000000000258       0x68 CMakeFiles/STM32H750XBH6_6_key_test.elf.dir/Core/Src/usart.c.obj
 .debug_frame   0x00000000000002c0      0x360 CMakeFiles/STM32H750XBH6_6_key_test.elf.dir/Drivers/STM32H7xx_HAL_Driver/Src/stm32h7xx_hal.c.obj
 .debug_frame   0x0000000000000620      0x158 CMakeFiles/STM32H750XBH6_6_key_test.elf.dir/Drivers/STM32H7xx_HAL_Driver/Src/stm32h7xx_hal_cortex.c.obj
 .debug_frame   0x0000000000000778      0x1fc CMakeFiles/STM32H750XBH6_6_key_test.elf.dir/Drivers/STM32H7xx_HAL_Driver/Src/stm32h7xx_hal_dma.c.obj
 .debug_frame   0x0000000000000974       0xd0 CMakeFiles/STM32H750XBH6_6_key_test.elf.dir/Drivers/STM32H7xx_HAL_Driver/Src/stm32h7xx_hal_gpio.c.obj
 .debug_frame   0x0000000000000a44      0x2f4 CMakeFiles/STM32H750XBH6_6_key_test.elf.dir/Drivers/STM32H7xx_HAL_Driver/Src/stm32h7xx_hal_pwr_ex.c.obj
 .debug_frame   0x0000000000000d38      0x188 CMakeFiles/STM32H750XBH6_6_key_test.elf.dir/Drivers/STM32H7xx_HAL_Driver/Src/stm32h7xx_hal_rcc.c.obj
 .debug_frame   0x0000000000000ec0      0x284 CMakeFiles/STM32H750XBH6_6_key_test.elf.dir/Drivers/STM32H7xx_HAL_Driver/Src/stm32h7xx_hal_rcc_ex.c.obj
 .debug_frame   0x0000000000001144      0x680 CMakeFiles/STM32H750XBH6_6_key_test.elf.dir/Drivers/STM32H7xx_HAL_Driver/Src/stm32h7xx_hal_uart.c.obj
 .debug_frame   0x00000000000017c4      0x1c8 CMakeFiles/STM32H750XBH6_6_key_test.elf.dir/Drivers/STM32H7xx_HAL_Driver/Src/stm32h7xx_hal_uart_ex.c.obj
 .debug_frame   0x000000000000198c       0x4c /usr/lib/gcc/arm-none-eabi/10.3.1/thumb/v7e-m/nofp/libgcc.a(_arm_addsubsf3.o)
 .debug_frame   0x00000000000019d8       0x38 /usr/lib/gcc/arm-none-eabi/10.3.1/thumb/v7e-m/nofp/libgcc.a(_arm_muldivsf3.o)
 .debug_frame   0x0000000000001a10       0x24 /usr/lib/gcc/arm-none-eabi/10.3.1/thumb/v7e-m/nofp/libgcc.a(_arm_fixunssfsi.o)
 .debug_frame   0x0000000000001a34       0x2c /usr/lib/gcc/arm-none-eabi/10.3.1/thumb/v7e-m/nofp/libgcc.a(_aeabi_uldivmod.o)
 .debug_frame   0x0000000000001a60       0x34 /usr/lib/gcc/arm-none-eabi/10.3.1/thumb/v7e-m/nofp/libgcc.a(_udivmoddi4.o)
 .debug_frame   0x0000000000001a94       0x20 /usr/lib/gcc/arm-none-eabi/10.3.1/../../../arm-none-eabi/lib/thumb/v7e-m/nofp/libg.a(lib_a-atexit.o)
 .debug_frame   0x0000000000001ab4       0x34 /usr/lib/gcc/arm-none-eabi/10.3.1/../../../arm-none-eabi/lib/thumb/v7e-m/nofp/libg.a(lib_a-fini.o)
 .debug_frame   0x0000000000001ae8       0x2c /usr/lib/gcc/arm-none-eabi/10.3.1/../../../arm-none-eabi/lib/thumb/v7e-m/nofp/libg.a(lib_a-init.o)
 .debug_frame   0x0000000000001b14       0x2c /usr/lib/gcc/arm-none-eabi/10.3.1/../../../arm-none-eabi/lib/thumb/v7e-m/nofp/libg.a(lib_a-memset.o)
 .debug_frame   0x0000000000001b40       0x34 /usr/lib/gcc/arm-none-eabi/10.3.1/../../../arm-none-eabi/lib/thumb/v7e-m/nofp/libg.a(lib_a-__atexit.o)
 .debug_frame   0x0000000000001b74       0x50 /usr/lib/gcc/arm-none-eabi/10.3.1/../../../arm-none-eabi/lib/thumb/v7e-m/nofp/libg.a(lib_a-__call_atexit.o)

.debug_loc      0x0000000000000000     0xce0e
 .debug_loc     0x0000000000000000      0x21e CMakeFiles/STM32H750XBH6_6_key_test.elf.dir/Core/Src/system_stm32h7xx.c.obj
 .debug_loc     0x000000000000021e       0x54 CMakeFiles/STM32H750XBH6_6_key_test.elf.dir/Core/Src/usart.c.obj
 .debug_loc     0x0000000000000272      0x3fa CMakeFiles/STM32H750XBH6_6_key_test.elf.dir/Drivers/STM32H7xx_HAL_Driver/Src/stm32h7xx_hal.c.obj
 .debug_loc     0x000000000000066c      0x726 CMakeFiles/STM32H750XBH6_6_key_test.elf.dir/Drivers/STM32H7xx_HAL_Driver/Src/stm32h7xx_hal_cortex.c.obj
 .debug_loc     0x0000000000000d92      0xe96 CMakeFiles/STM32H750XBH6_6_key_test.elf.dir/Drivers/STM32H7xx_HAL_Driver/Src/stm32h7xx_hal_dma.c.obj
 .debug_loc     0x0000000000001c28      0x3c6 CMakeFiles/STM32H750XBH6_6_key_test.elf.dir/Drivers/STM32H7xx_HAL_Driver/Src/stm32h7xx_hal_gpio.c.obj
 .debug_loc     0x0000000000001fee      0x4df CMakeFiles/STM32H750XBH6_6_key_test.elf.dir/Drivers/STM32H7xx_HAL_Driver/Src/stm32h7xx_hal_pwr_ex.c.obj
 .debug_loc     0x00000000000024cd      0x996 CMakeFiles/STM32H750XBH6_6_key_test.elf.dir/Drivers/STM32H7xx_HAL_Driver/Src/stm32h7xx_hal_rcc.c.obj
 .debug_loc     0x0000000000002e63     0x1fbe CMakeFiles/STM32H750XBH6_6_key_test.elf.dir/Drivers/STM32H7xx_HAL_Driver/Src/stm32h7xx_hal_rcc_ex.c.obj
 .debug_loc     0x0000000000004e21     0x5d4e CMakeFiles/STM32H750XBH6_6_key_test.elf.dir/Drivers/STM32H7xx_HAL_Driver/Src/stm32h7xx_hal_uart.c.obj
 .debug_loc     0x000000000000ab6f      0xba5 CMakeFiles/STM32H750XBH6_6_key_test.elf.dir/Drivers/STM32H7xx_HAL_Driver/Src/stm32h7xx_hal_uart_ex.c.obj
 .debug_loc     0x000000000000b714     0x1094 /usr/lib/gcc/arm-none-eabi/10.3.1/thumb/v7e-m/nofp/libgcc.a(_udivmoddi4.o)
 .debug_loc     0x000000000000c7a8       0x32 /usr/lib/gcc/arm-none-eabi/10.3.1/../../../arm-none-eabi/lib/thumb/v7e-m/nofp/libg.a(lib_a-atexit.o)
 .debug_loc     0x000000000000c7da       0x68 /usr/lib/gcc/arm-none-eabi/10.3.1/../../../arm-none-eabi/lib/thumb/v7e-m/nofp/libg.a(lib_a-fini.o)
 .debug_loc     0x000000000000c842       0xba /usr/lib/gcc/arm-none-eabi/10.3.1/../../../arm-none-eabi/lib/thumb/v7e-m/nofp/libg.a(lib_a-init.o)
 .debug_loc     0x000000000000c8fc      0x22c /usr/lib/gcc/arm-none-eabi/10.3.1/../../../arm-none-eabi/lib/thumb/v7e-m/nofp/libg.a(lib_a-memset.o)
 .debug_loc     0x000000000000cb28      0x138 /usr/lib/gcc/arm-none-eabi/10.3.1/../../../arm-none-eabi/lib/thumb/v7e-m/nofp/libg.a(lib_a-__atexit.o)
 .debug_loc     0x000000000000cc60      0x1ae /usr/lib/gcc/arm-none-eabi/10.3.1/../../../arm-none-eabi/lib/thumb/v7e-m/nofp/libg.a(lib_a-__call_atexit.o)
