Archive member included to satisfy reference by file (symbol)

/usr/lib/gcc/arm-none-eabi/10.3.1/thumb/v7e-m/nofp/libgcc.a(_arm_mulsf3.o)
                              CMakeFiles/STM32H750XBH6_8_LCD_UI.elf.dir/Core/Src/system_stm32h7xx.c.obj (__aeabi_fmul)
/usr/lib/gcc/arm-none-eabi/10.3.1/thumb/v7e-m/nofp/libgcc.a(_arm_addsubsf3.o)
                              CMakeFiles/STM32H750XBH6_8_LCD_UI.elf.dir/Core/Src/system_stm32h7xx.c.obj (__aeabi_fadd)
/usr/lib/gcc/arm-none-eabi/10.3.1/thumb/v7e-m/nofp/libgcc.a(_arm_muldivsf3.o)
                              CMakeFiles/STM32H750XBH6_8_LCD_UI.elf.dir/Core/Src/system_stm32h7xx.c.obj (__aeabi_fdiv)
/usr/lib/gcc/arm-none-eabi/10.3.1/thumb/v7e-m/nofp/libgcc.a(_arm_fixunssfsi.o)
                              CMakeFiles/STM32H750XBH6_8_LCD_UI.elf.dir/Core/Src/system_stm32h7xx.c.obj (__aeabi_f2uiz)
/usr/lib/gcc/arm-none-eabi/10.3.1/../../../arm-none-eabi/lib/thumb/v7e-m/nofp/libg.a(lib_a-atexit.o)
                              /usr/lib/gcc/arm-none-eabi/10.3.1/../../../arm-none-eabi/lib/thumb/v7e-m/nofp/crt0.o (atexit)
/usr/lib/gcc/arm-none-eabi/10.3.1/../../../arm-none-eabi/lib/thumb/v7e-m/nofp/libg.a(lib_a-errno.o)
                              CMakeFiles/STM32H750XBH6_8_LCD_UI.elf.dir/Core/Src/syscalls.c.obj (__errno)
/usr/lib/gcc/arm-none-eabi/10.3.1/../../../arm-none-eabi/lib/thumb/v7e-m/nofp/libg.a(lib_a-exit.o)
                              /usr/lib/gcc/arm-none-eabi/10.3.1/../../../arm-none-eabi/lib/thumb/v7e-m/nofp/crt0.o (exit)
/usr/lib/gcc/arm-none-eabi/10.3.1/../../../arm-none-eabi/lib/thumb/v7e-m/nofp/libg.a(lib_a-fini.o)
                              /usr/lib/gcc/arm-none-eabi/10.3.1/../../../arm-none-eabi/lib/thumb/v7e-m/nofp/crt0.o (__libc_fini_array)
/usr/lib/gcc/arm-none-eabi/10.3.1/../../../arm-none-eabi/lib/thumb/v7e-m/nofp/libg.a(lib_a-impure.o)
                              /usr/lib/gcc/arm-none-eabi/10.3.1/../../../arm-none-eabi/lib/thumb/v7e-m/nofp/libg.a(lib_a-exit.o) (_global_impure_ptr)
/usr/lib/gcc/arm-none-eabi/10.3.1/../../../arm-none-eabi/lib/thumb/v7e-m/nofp/libg.a(lib_a-init.o)
                              /usr/lib/gcc/arm-none-eabi/10.3.1/../../../arm-none-eabi/lib/thumb/v7e-m/nofp/crt0.o (__libc_init_array)
/usr/lib/gcc/arm-none-eabi/10.3.1/../../../arm-none-eabi/lib/thumb/v7e-m/nofp/libg.a(lib_a-memset.o)
                              /usr/lib/gcc/arm-none-eabi/10.3.1/../../../arm-none-eabi/lib/thumb/v7e-m/nofp/crt0.o (memset)
/usr/lib/gcc/arm-none-eabi/10.3.1/../../../arm-none-eabi/lib/thumb/v7e-m/nofp/libg.a(lib_a-__atexit.o)
                              /usr/lib/gcc/arm-none-eabi/10.3.1/../../../arm-none-eabi/lib/thumb/v7e-m/nofp/libg.a(lib_a-atexit.o) (__register_exitproc)
/usr/lib/gcc/arm-none-eabi/10.3.1/../../../arm-none-eabi/lib/thumb/v7e-m/nofp/libg.a(lib_a-__call_atexit.o)
                              /usr/lib/gcc/arm-none-eabi/10.3.1/../../../arm-none-eabi/lib/thumb/v7e-m/nofp/libg.a(lib_a-exit.o) (__call_exitprocs)

Discarded input sections

 .text          0x0000000000000000        0x0 /usr/lib/gcc/arm-none-eabi/10.3.1/thumb/v7e-m/nofp/crti.o
 .data          0x0000000000000000        0x0 /usr/lib/gcc/arm-none-eabi/10.3.1/thumb/v7e-m/nofp/crti.o
 .bss           0x0000000000000000        0x0 /usr/lib/gcc/arm-none-eabi/10.3.1/thumb/v7e-m/nofp/crti.o
 .data          0x0000000000000000        0x4 /usr/lib/gcc/arm-none-eabi/10.3.1/thumb/v7e-m/nofp/crtbegin.o
 .rodata        0x0000000000000000       0x24 /usr/lib/gcc/arm-none-eabi/10.3.1/thumb/v7e-m/nofp/crtbegin.o
 .text          0x0000000000000000       0x70 /usr/lib/gcc/arm-none-eabi/10.3.1/../../../arm-none-eabi/lib/thumb/v7e-m/nofp/crt0.o
 .data          0x0000000000000000        0x0 /usr/lib/gcc/arm-none-eabi/10.3.1/../../../arm-none-eabi/lib/thumb/v7e-m/nofp/crt0.o
 .bss           0x0000000000000000        0x0 /usr/lib/gcc/arm-none-eabi/10.3.1/../../../arm-none-eabi/lib/thumb/v7e-m/nofp/crt0.o
 .ARM.extab     0x0000000000000000        0x0 /usr/lib/gcc/arm-none-eabi/10.3.1/../../../arm-none-eabi/lib/thumb/v7e-m/nofp/crt0.o
 .ARM.exidx     0x0000000000000000       0x10 /usr/lib/gcc/arm-none-eabi/10.3.1/../../../arm-none-eabi/lib/thumb/v7e-m/nofp/crt0.o
 .debug_line    0x0000000000000000       0x87 /usr/lib/gcc/arm-none-eabi/10.3.1/../../../arm-none-eabi/lib/thumb/v7e-m/nofp/crt0.o
 .debug_info    0x0000000000000000       0x26 /usr/lib/gcc/arm-none-eabi/10.3.1/../../../arm-none-eabi/lib/thumb/v7e-m/nofp/crt0.o
 .debug_abbrev  0x0000000000000000       0x14 /usr/lib/gcc/arm-none-eabi/10.3.1/../../../arm-none-eabi/lib/thumb/v7e-m/nofp/crt0.o
 .debug_aranges
                0x0000000000000000       0x20 /usr/lib/gcc/arm-none-eabi/10.3.1/../../../arm-none-eabi/lib/thumb/v7e-m/nofp/crt0.o
 .debug_str     0x0000000000000000       0x95 /usr/lib/gcc/arm-none-eabi/10.3.1/../../../arm-none-eabi/lib/thumb/v7e-m/nofp/crt0.o
 .ARM.attributes
                0x0000000000000000       0x1c /usr/lib/gcc/arm-none-eabi/10.3.1/../../../arm-none-eabi/lib/thumb/v7e-m/nofp/crt0.o
[...]
Memory Configuration

Name             Origin             Length             Attributes
FLASH            0x0000000090000000 0x0000000000800000 xr
DTCMRAM          0x0000000020000000 0x0000000000020000 xrw
RAM_D1           0x0000000024000000 0x0000000000080000 xrw
RAM_D2           0x0000000030000000 0x0000000000048000 xrw
RAM_D3           0x0000000038000000 0x0000000000010000 xrw
ITCMRAM          0x0000000000000000 0x0000000000010000 xrw
*default*        0x0000000000000000 0xffffffffffffffff

Linker script and memory map

LOAD /usr/lib/gcc/arm-none-eabi/10.3.1/thumb/v7e-m/nofp/crti.o
LOAD /usr/lib/gcc/arm-none-eabi/10.3.1/thumb/v7e-m/nofp/crtbegin.o
LOAD /usr/lib/gcc/arm-none-eabi/10.3.1/../../../arm-none-eabi/lib/thumb/v7e-m/nofp/crt0.o
LOAD CMakeFiles/STM32H750XBH6_8_LCD_UI.elf.dir/Core/Src/gpio.c.obj
LOAD CMakeFiles/STM32H750XBH6_8_LCD_UI.elf.dir/Core/Src/main.c.obj
LOAD CMakeFiles/STM32H750XBH6_8_LCD_UI.elf.dir/Core/Src/stm32h7xx_hal_msp.c.obj
LOAD CMakeFiles/STM32H750XBH6_8_LCD_UI.elf.dir/Core/Src/stm32h7xx_it.c.obj
LOAD CMakeFiles/STM32H750XBH6_8_LCD_UI.elf.dir/Core/Src/syscalls.c.obj
LOAD CMakeFiles/STM32H750XBH6_8_LCD_UI.elf.dir/Core/Src/sysmem.c.obj
LOAD CMakeFiles/STM32H750XBH6_8_LCD_UI.elf.dir/Core/Src/system_stm32h7xx.c.obj
LOAD CMakeFiles/STM32H750XBH6_8_LCD_UI.elf.dir/Core/Startup/startup_stm32h750xbhx.s.obj
LOAD CMakeFiles/STM32H750XBH6_8_LCD_UI.elf.dir/Drivers/STM32H7xx_HAL_Driver/Src/stm32h7xx_hal.c.obj
LOAD CMakeFiles/STM32H750XBH6_8_LCD_UI.elf.dir/Drivers/STM32H7xx_HAL_Driver/Src/stm32h7xx_hal_cortex.c.obj
LOAD CMakeFiles/STM32H750XBH6_8_LCD_UI.elf.dir/Drivers/STM32H7xx_HAL_Driver/Src/stm32h7xx_hal_dma.c.obj
LOAD CMakeFiles/STM32H750XBH6_8_LCD_UI.elf.dir/Drivers/STM32H7xx_HAL_Driver/Src/stm32h7xx_hal_dma_ex.c.obj
LOAD CMakeFiles/STM32H750XBH6_8_LCD_UI.elf.dir/Drivers/STM32H7xx_HAL_Driver/Src/stm32h7xx_hal_exti.c.obj
LOAD CMakeFiles/STM32H750XBH6_8_LCD_UI.elf.dir/Drivers/STM32H7xx_HAL_Driver/Src/stm32h7xx_hal_flash.c.obj
LOAD CMakeFiles/STM32H750XBH6_8_LCD_UI.elf.dir/Drivers/STM32H7xx_HAL_Driver/Src/stm32h7xx_hal_flash_ex.c.obj
LOAD CMakeFiles/STM32H750XBH6_8_LCD_UI.elf.dir/Drivers/STM32H7xx_HAL_Driver/Src/stm32h7xx_hal_gpio.c.obj
LOAD CMakeFiles/STM32H750XBH6_8_LCD_UI.elf.dir/Drivers/STM32H7xx_HAL_Driver/Src/stm32h7xx_hal_hsem.c.obj
LOAD CMakeFiles/STM32H750XBH6_8_LCD_UI.elf.dir/Drivers/STM32H7xx_HAL_Driver/Src/stm32h7xx_hal_i2c.c.obj
LOAD CMakeFiles/STM32H750XBH6_8_LCD_UI.elf.dir/Drivers/STM32H7xx_HAL_Driver/Src/stm32h7xx_hal_i2c_ex.c.obj
LOAD CMakeFiles/STM32H750XBH6_8_LCD_UI.elf.dir/Drivers/STM32H7xx_HAL_Driver/Src/stm32h7xx_hal_mdma.c.obj
LOAD CMakeFiles/STM32H750XBH6_8_LCD_UI.elf.dir/Drivers/STM32H7xx_HAL_Driver/Src/stm32h7xx_hal_pwr.c.obj
LOAD CMakeFiles/STM32H750XBH6_8_LCD_UI.elf.dir/Drivers/STM32H7xx_HAL_Driver/Src/stm32h7xx_hal_pwr_ex.c.obj
LOAD CMakeFiles/STM32H750XBH6_8_LCD_UI.elf.dir/Drivers/STM32H7xx_HAL_Driver/Src/stm32h7xx_hal_rcc.c.obj
LOAD CMakeFiles/STM32H750XBH6_8_LCD_UI.elf.dir/Drivers/STM32H7xx_HAL_Driver/Src/stm32h7xx_hal_rcc_ex.c.obj
LOAD CMakeFiles/STM32H750XBH6_8_LCD_UI.elf.dir/Drivers/STM32H7xx_HAL_Driver/Src/stm32h7xx_hal_tim.c.obj
LOAD CMakeFiles/STM32H750XBH6_8_LCD_UI.elf.dir/Drivers/STM32H7xx_HAL_Driver/Src/stm32h7xx_hal_tim_ex.c.obj
START GROUP
LOAD /usr/lib/gcc/arm-none-eabi/10.3.1/thumb/v7e-m/nofp/libgcc.a
LOAD /usr/lib/gcc/arm-none-eabi/10.3.1/../../../arm-none-eabi/lib/thumb/v7e-m/nofp/libg.a
LOAD /usr/lib/gcc/arm-none-eabi/10.3.1/../../../arm-none-eabi/lib/thumb/v7e-m/nofp/libc.a
END GROUP
LOAD /usr/lib/gcc/arm-none-eabi/10.3.1/thumb/v7e-m/nofp/crtend.o
LOAD /usr/lib/gcc/arm-none-eabi/10.3.1/thumb/v7e-m/nofp/crtn.o
                0x0000000024080000                _estack = (ORIGIN (RAM_D1) + LENGTH (RAM_D1))
                0x0000000000000200                _Min_Heap_Size = 0x200
                0x0000000000000400                _Min_Stack_Size = 0x400

.isr_vector     0x0000000090000000      0x298
                0x0000000090000000                . = ALIGN (0x4)
 *(.isr_vector)
 .isr_vector    0x0000000090000000      0x298 CMakeFiles/STM32H750XBH6_8_LCD_UI.elf.dir/Core/Startup/startup_stm32h750xbhx.s.obj
                0x0000000090000000                g_pfnVectors
                0x0000000090000298                . = ALIGN (0x4)

.text           0x0000000090000298     0x19e8
                0x0000000090000298                . = ALIGN (0x4)
 *(.text)
 .text          0x0000000090000298       0x88 /usr/lib/gcc/arm-none-eabi/10.3.1/thumb/v7e-m/nofp/crtbegin.o
 .text          0x0000000090000320      0x21c /usr/lib/gcc/arm-none-eabi/10.3.1/thumb/v7e-m/nofp/libgcc.a(_arm_addsubsf3.o)
                0x0000000090000320                __aeabi_frsub
                0x0000000090000328                __subsf3
                0x0000000090000328                __aeabi_fsub
                0x000000009000032c                __aeabi_fadd
                0x000000009000032c                __addsf3
                0x000000009000048c                __aeabi_ui2f
                0x000000009000048c                __floatunsisf
                0x0000000090000494                __aeabi_i2f
                0x0000000090000494                __floatsisf
                0x00000000900004b0                __floatundisf
                0x00000000900004b0                __aeabi_ul2f
                0x00000000900004c0                __floatdisf
                0x00000000900004c0                __aeabi_l2f
 .text          0x000000009000053c      0x2a0 /usr/lib/gcc/arm-none-eabi/10.3.1/thumb/v7e-m/nofp/libgcc.a(_arm_muldivsf3.o)
                0x000000009000053c                __mulsf3
                0x000000009000053c                __aeabi_fmul
                0x00000000900006a4                __divsf3
                0x00000000900006a4                __aeabi_fdiv
 .text          0x00000000900007dc       0x40 /usr/lib/gcc/arm-none-eabi/10.3.1/thumb/v7e-m/nofp/libgcc.a(_arm_fixunssfsi.o)
                0x00000000900007dc                __aeabi_f2uiz
                0x00000000900007dc                __fixunssfsi
 .text          0x000000009000081c        0xc /usr/lib/gcc/arm-none-eabi/10.3.1/../../../arm-none-eabi/lib/thumb/v7e-m/nofp/libg.a(lib_a-atexit.o)
                0x000000009000081c                atexit
 .text          0x0000000090000828       0x2c /usr/lib/gcc/arm-none-eabi/10.3.1/../../../arm-none-eabi/lib/thumb/v7e-m/nofp/libg.a(lib_a-fini.o)
                0x0000000090000828                __libc_fini_array
 .text          0x0000000090000854       0x48 /usr/lib/gcc/arm-none-eabi/10.3.1/../../../arm-none-eabi/lib/thumb/v7e-m/nofp/libg.a(lib_a-init.o)
                0x0000000090000854                __libc_init_array
 .text          0x000000009000089c       0xa4 /usr/lib/gcc/arm-none-eabi/10.3.1/../../../arm-none-eabi/lib/thumb/v7e-m/nofp/libg.a(lib_a-memset.o)
                0x000000009000089c                memset
 .text          0x0000000090000940       0x68 /usr/lib/gcc/arm-none-eabi/10.3.1/../../../arm-none-eabi/lib/thumb/v7e-m/nofp/libg.a(lib_a-__atexit.o)
                0x0000000090000940                __register_exitproc
 *(.text*)
 .text.MX_GPIO_Init
                0x00000000900009a8       0x74 CMakeFiles/STM32H750XBH6_8_LCD_UI.elf.dir/Core/Src/gpio.c.obj
                0x00000000900009a8                MX_GPIO_Init
 .text.Error_Handler
                0x0000000090000a1c        0x4 CMakeFiles/STM32H750XBH6_8_LCD_UI.elf.dir/Core/Src/main.c.obj
                0x0000000090000a1c                Error_Handler
 .text.SystemClock_Config
                0x0000000090000a20      0x114 CMakeFiles/STM32H750XBH6_8_LCD_UI.elf.dir/Core/Src/main.c.obj
                0x0000000090000a20                SystemClock_Config
 .text.main     0x0000000090000b34       0x24 CMakeFiles/STM32H750XBH6_8_LCD_UI.elf.dir/Core/Src/main.c.obj
                0x0000000090000b34                main
 .text.HAL_MspInit
                0x0000000090000b58       0x24 CMakeFiles/STM32H750XBH6_8_LCD_UI.elf.dir/Core/Src/stm32h7xx_hal_msp.c.obj
                0x0000000090000b58                HAL_MspInit
 .text.NMI_Handler
                0x0000000090000b7c        0x2 CMakeFiles/STM32H750XBH6_8_LCD_UI.elf.dir/Core/Src/stm32h7xx_it.c.obj
                0x0000000090000b7c                NMI_Handler
 .text.HardFault_Handler
                0x0000000090000b7e        0x2 CMakeFiles/STM32H750XBH6_8_LCD_UI.elf.dir/Core/Src/stm32h7xx_it.c.obj
                0x0000000090000b7e                HardFault_Handler
 .text.MemManage_Handler
                0x0000000090000b80        0x2 CMakeFiles/STM32H750XBH6_8_LCD_UI.elf.dir/Core/Src/stm32h7xx_it.c.obj
                0x0000000090000b80                MemManage_Handler
 .text.BusFault_Handler
                0x0000000090000b82        0x2 CMakeFiles/STM32H750XBH6_8_LCD_UI.elf.dir/Core/Src/stm32h7xx_it.c.obj
                0x0000000090000b82                BusFault_Handler
 .text.UsageFault_Handler
                0x0000000090000b84        0x2 CMakeFiles/STM32H750XBH6_8_LCD_UI.elf.dir/Core/Src/stm32h7xx_it.c.obj
                0x0000000090000b84                UsageFault_Handler
 .text.SVC_Handler
                0x0000000090000b86        0x2 CMakeFiles/STM32H750XBH6_8_LCD_UI.elf.dir/Core/Src/stm32h7xx_it.c.obj
                0x0000000090000b86                SVC_Handler
 .text.DebugMon_Handler
                0x0000000090000b88        0x2 CMakeFiles/STM32H750XBH6_8_LCD_UI.elf.dir/Core/Src/stm32h7xx_it.c.obj
                0x0000000090000b88                DebugMon_Handler
 .text.PendSV_Handler
                0x0000000090000b8a        0x2 CMakeFiles/STM32H750XBH6_8_LCD_UI.elf.dir/Core/Src/stm32h7xx_it.c.obj
                0x0000000090000b8a                PendSV_Handler
 .text.SysTick_Handler
                0x0000000090000b8c        0x8 CMakeFiles/STM32H750XBH6_8_LCD_UI.elf.dir/Core/Src/stm32h7xx_it.c.obj
                0x0000000090000b8c                SysTick_Handler
 .text.SystemInit
                0x0000000090000b94       0xc8 CMakeFiles/STM32H750XBH6_8_LCD_UI.elf.dir/Core/Src/system_stm32h7xx.c.obj
                0x0000000090000b94                SystemInit
 .text.Reset_Handler
                0x0000000090000c5c       0x50 CMakeFiles/STM32H750XBH6_8_LCD_UI.elf.dir/Core/Startup/startup_stm32h750xbhx.s.obj
                0x0000000090000c5c                Reset_Handler
 .text.Default_Handler
                0x0000000090000cac        0x2 CMakeFiles/STM32H750XBH6_8_LCD_UI.elf.dir/Core/Startup/startup_stm32h750xbhx.s.obj
                0x0000000090000cac                RTC_Alarm_IRQHandler
                0x0000000090000cac                HASH_RNG_IRQHandler
                0x0000000090000cac                EXTI2_IRQHandler
                0x0000000090000cac                TIM8_CC_IRQHandler
                0x0000000090000cac                HRTIM1_Master_IRQHandler
                0x0000000090000cac                UART8_IRQHandler
                0x0000000090000cac                SPI4_IRQHandler
                0x0000000090000cac                TIM1_CC_IRQHandler
                0x0000000090000cac                BDMA_Channel6_IRQHandler
                0x0000000090000cac                DMA2_Stream5_IRQHandler
                0x0000000090000cac                HRTIM1_FLT_IRQHandler
                0x0000000090000cac                JPEG_IRQHandler
                0x0000000090000cac                DMA1_Stream5_IRQHandler
                0x0000000090000cac                BDMA_Channel1_IRQHandler
                0x0000000090000cac                HRTIM1_TIMD_IRQHandler
                0x0000000090000cac                TAMP_STAMP_IRQHandler
                0x0000000090000cac                EXTI3_IRQHandler
                0x0000000090000cac                LPTIM4_IRQHandler
                0x0000000090000cac                TIM8_TRG_COM_TIM14_IRQHandler
                0x0000000090000cac                LPTIM2_IRQHandler
                0x0000000090000cac                DFSDM1_FLT1_IRQHandler
                0x0000000090000cac                DMAMUX2_OVR_IRQHandler
                0x0000000090000cac                TIM8_UP_TIM13_IRQHandler
                0x0000000090000cac                I2C3_ER_IRQHandler
                0x0000000090000cac                DFSDM1_FLT2_IRQHandler
                0x0000000090000cac                MDMA_IRQHandler
                0x0000000090000cac                LPTIM3_IRQHandler
                0x0000000090000cac                HSEM1_IRQHandler
                0x0000000090000cac                EXTI0_IRQHandler
                0x0000000090000cac                I2C2_EV_IRQHandler
                0x0000000090000cac                DMA1_Stream2_IRQHandler
                0x0000000090000cac                FPU_IRQHandler
                0x0000000090000cac                OTG_HS_WKUP_IRQHandler
                0x0000000090000cac                FDCAN1_IT1_IRQHandler
                0x0000000090000cac                LTDC_ER_IRQHandler
                0x0000000090000cac                DMA2_Stream2_IRQHandler
                0x0000000090000cac                HRTIM1_TIME_IRQHandler
                0x0000000090000cac                SPI1_IRQHandler
                0x0000000090000cac                TIM6_DAC_IRQHandler
                0x0000000090000cac                DCMI_IRQHandler
                0x0000000090000cac                HRTIM1_TIMC_IRQHandler
                0x0000000090000cac                DMA2_Stream3_IRQHandler
                0x0000000090000cac                SAI2_IRQHandler
                0x0000000090000cac                DFSDM1_FLT3_IRQHandler
                0x0000000090000cac                USART6_IRQHandler
                0x0000000090000cac                TIM17_IRQHandler
                0x0000000090000cac                USART3_IRQHandler
                0x0000000090000cac                BDMA_Channel7_IRQHandler
                0x0000000090000cac                CRYP_IRQHandler
                0x0000000090000cac                LPTIM5_IRQHandler
                0x0000000090000cac                UART5_IRQHandler
                0x0000000090000cac                ADC3_IRQHandler
                0x0000000090000cac                DMA2_Stream0_IRQHandler
                0x0000000090000cac                TIM4_IRQHandler
                0x0000000090000cac                BDMA_Channel2_IRQHandler
                0x0000000090000cac                QUADSPI_IRQHandler
                0x0000000090000cac                I2C1_EV_IRQHandler
                0x0000000090000cac                DMA1_Stream6_IRQHandler
                0x0000000090000cac                DMAMUX1_OVR_IRQHandler
                0x0000000090000cac                DMA1_Stream1_IRQHandler
                0x0000000090000cac                TIM16_IRQHandler
                0x0000000090000cac                UART4_IRQHandler
                0x0000000090000cac                BDMA_Channel5_IRQHandler
                0x0000000090000cac                TIM3_IRQHandler
                0x0000000090000cac                RCC_IRQHandler
                0x0000000090000cac                TIM8_BRK_TIM12_IRQHandler
                0x0000000090000cac                TIM1_TRG_COM_IRQHandler
                0x0000000090000cac                Default_Handler
                0x0000000090000cac                ECC_IRQHandler
                0x0000000090000cac                CEC_IRQHandler
                0x0000000090000cac                EXTI15_10_IRQHandler
                0x0000000090000cac                BDMA_Channel0_IRQHandler
                0x0000000090000cac                ADC_IRQHandler
                0x0000000090000cac                DMA1_Stream7_IRQHandler
                0x0000000090000cac                HRTIM1_TIMA_IRQHandler
                0x0000000090000cac                SPI5_IRQHandler
                0x0000000090000cac                TIM7_IRQHandler
                0x0000000090000cac                SDMMC1_IRQHandler
                0x0000000090000cac                TIM5_IRQHandler
                0x0000000090000cac                DMA2_Stream7_IRQHandler
                0x0000000090000cac                TIM15_IRQHandler
                0x0000000090000cac                PVD_AVD_IRQHandler
                0x0000000090000cac                I2C3_EV_IRQHandler
                0x0000000090000cac                EXTI9_5_IRQHandler
                0x0000000090000cac                RTC_WKUP_IRQHandler
                0x0000000090000cac                LTDC_IRQHandler
                0x0000000090000cac                SAI3_IRQHandler
                0x0000000090000cac                ETH_WKUP_IRQHandler
                0x0000000090000cac                SPDIF_RX_IRQHandler
                0x0000000090000cac                SPI2_IRQHandler
                0x0000000090000cac                OTG_HS_EP1_IN_IRQHandler
                0x0000000090000cac                DMA1_Stream0_IRQHandler
                0x0000000090000cac                CRS_IRQHandler
                0x0000000090000cac                EXTI4_IRQHandler
                0x0000000090000cac                HRTIM1_TIMB_IRQHandler
                0x0000000090000cac                FDCAN2_IT1_IRQHandler
                0x0000000090000cac                ETH_IRQHandler
                0x0000000090000cac                TIM1_UP_IRQHandler
                0x0000000090000cac                BDMA_Channel4_IRQHandler
                0x0000000090000cac                OTG_HS_EP1_OUT_IRQHandler
                0x0000000090000cac                WWDG_IRQHandler
                0x0000000090000cac                SPI6_IRQHandler
                0x0000000090000cac                MDIOS_IRQHandler
                0x0000000090000cac                I2C4_EV_IRQHandler
                0x0000000090000cac                FDCAN2_IT0_IRQHandler
                0x0000000090000cac                LPUART1_IRQHandler
                0x0000000090000cac                FDCAN1_IT0_IRQHandler
                0x0000000090000cac                TIM2_IRQHandler
                0x0000000090000cac                OTG_FS_WKUP_IRQHandler
                0x0000000090000cac                OTG_HS_IRQHandler
                0x0000000090000cac                DMA2D_IRQHandler
                0x0000000090000cac                TIM1_BRK_IRQHandler
                0x0000000090000cac                EXTI1_IRQHandler
                0x0000000090000cac                SDMMC2_IRQHandler
                0x0000000090000cac                OTG_FS_EP1_OUT_IRQHandler
                0x0000000090000cac                BDMA_Channel3_IRQHandler
                0x0000000090000cac                UART7_IRQHandler
                0x0000000090000cac                MDIOS_WKUP_IRQHandler
                0x0000000090000cac                USART2_IRQHandler
                0x0000000090000cac                DFSDM1_FLT0_IRQHandler
                0x0000000090000cac                SAI4_IRQHandler
                0x0000000090000cac                I2C2_ER_IRQHandler
                0x0000000090000cac                DMA2_Stream1_IRQHandler
                0x0000000090000cac                FLASH_IRQHandler
                0x0000000090000cac                DMA2_Stream4_IRQHandler
                0x0000000090000cac                USART1_IRQHandler
                0x0000000090000cac                OTG_FS_IRQHandler
                0x0000000090000cac                SPI3_IRQHandler
                0x0000000090000cac                WAKEUP_PIN_IRQHandler
                0x0000000090000cac                DMA1_Stream4_IRQHandler
                0x0000000090000cac                OTG_FS_EP1_IN_IRQHandler
                0x0000000090000cac                I2C1_ER_IRQHandler
                0x0000000090000cac                FMC_IRQHandler
                0x0000000090000cac                FDCAN_CAL_IRQHandler
                0x0000000090000cac                SWPMI1_IRQHandler
                0x0000000090000cac                COMP1_IRQHandler
                0x0000000090000cac                LPTIM1_IRQHandler
                0x0000000090000cac                I2C4_ER_IRQHandler
                0x0000000090000cac                DMA2_Stream6_IRQHandler
                0x0000000090000cac                SAI1_IRQHandler
                0x0000000090000cac                DMA1_Stream3_IRQHandler
 *fill*         0x0000000090000cae        0x2 
 .text.HAL_InitTick
                0x0000000090000cb0       0x50 CMakeFiles/STM32H750XBH6_8_LCD_UI.elf.dir/Drivers/STM32H7xx_HAL_Driver/Src/stm32h7xx_hal.c.obj
                0x0000000090000cb0                HAL_InitTick
 .text.HAL_Init
                0x0000000090000d00       0x5c CMakeFiles/STM32H750XBH6_8_LCD_UI.elf.dir/Drivers/STM32H7xx_HAL_Driver/Src/stm32h7xx_hal.c.obj
                0x0000000090000d00                HAL_Init
 .text.HAL_IncTick
                0x0000000090000d5c       0x18 CMakeFiles/STM32H750XBH6_8_LCD_UI.elf.dir/Drivers/STM32H7xx_HAL_Driver/Src/stm32h7xx_hal.c.obj
                0x0000000090000d5c                HAL_IncTick
 .text.HAL_GetTick
                0x0000000090000d74        0xc CMakeFiles/STM32H750XBH6_8_LCD_UI.elf.dir/Drivers/STM32H7xx_HAL_Driver/Src/stm32h7xx_hal.c.obj
                0x0000000090000d74                HAL_GetTick
 .text.HAL_Delay
                0x0000000090000d80       0x28 CMakeFiles/STM32H750XBH6_8_LCD_UI.elf.dir/Drivers/STM32H7xx_HAL_Driver/Src/stm32h7xx_hal.c.obj
                0x0000000090000d80                HAL_Delay
 .text.HAL_GetREVID
                0x0000000090000da8        0xc CMakeFiles/STM32H750XBH6_8_LCD_UI.elf.dir/Drivers/STM32H7xx_HAL_Driver/Src/stm32h7xx_hal.c.obj
                0x0000000090000da8                HAL_GetREVID
 .text.HAL_NVIC_SetPriorityGrouping
                0x0000000090000db4       0x24 CMakeFiles/STM32H750XBH6_8_LCD_UI.elf.dir/Drivers/STM32H7xx_HAL_Driver/Src/stm32h7xx_hal_cortex.c.obj
                0x0000000090000db4                HAL_NVIC_SetPriorityGrouping
 .text.HAL_NVIC_SetPriority
                0x0000000090000dd8       0x6c CMakeFiles/STM32H750XBH6_8_LCD_UI.elf.dir/Drivers/STM32H7xx_HAL_Driver/Src/stm32h7xx_hal_cortex.c.obj
                0x0000000090000dd8                HAL_NVIC_SetPriority
 .text.HAL_SYSTICK_Config
                0x0000000090000e44       0x28 CMakeFiles/STM32H750XBH6_8_LCD_UI.elf.dir/Drivers/STM32H7xx_HAL_Driver/Src/stm32h7xx_hal_cortex.c.obj
                0x0000000090000e44                HAL_SYSTICK_Config
 .text.HAL_GPIO_Init
                0x0000000090000e6c      0x228 CMakeFiles/STM32H750XBH6_8_LCD_UI.elf.dir/Drivers/STM32H7xx_HAL_Driver/Src/stm32h7xx_hal_gpio.c.obj
                0x0000000090000e6c                HAL_GPIO_Init
 .text.HAL_GPIO_WritePin
                0x0000000090001094        0xc CMakeFiles/STM32H750XBH6_8_LCD_UI.elf.dir/Drivers/STM32H7xx_HAL_Driver/Src/stm32h7xx_hal_gpio.c.obj
                0x0000000090001094                HAL_GPIO_WritePin
 .text.HAL_PWREx_ConfigSupply
                0x00000000900010a0       0x54 CMakeFiles/STM32H750XBH6_8_LCD_UI.elf.dir/Drivers/STM32H7xx_HAL_Driver/Src/stm32h7xx_hal_pwr_ex.c.obj
                0x00000000900010a0                HAL_PWREx_ConfigSupply
 .text.HAL_RCC_OscConfig
                0x00000000900010f4      0x6b4 CMakeFiles/STM32H750XBH6_8_LCD_UI.elf.dir/Drivers/STM32H7xx_HAL_Driver/Src/stm32h7xx_hal_rcc.c.obj
                0x00000000900010f4                HAL_RCC_OscConfig
 .text.HAL_RCC_GetSysClockFreq
                0x00000000900017a8      0x218 CMakeFiles/STM32H750XBH6_8_LCD_UI.elf.dir/Drivers/STM32H7xx_HAL_Driver/Src/stm32h7xx_hal_rcc.c.obj
                0x00000000900017a8                HAL_RCC_GetSysClockFreq
 .text.HAL_RCC_ClockConfig
                0x00000000900019c0      0x294 CMakeFiles/STM32H750XBH6_8_LCD_UI.elf.dir/Drivers/STM32H7xx_HAL_Driver/Src/stm32h7xx_hal_rcc.c.obj
                0x00000000900019c0                HAL_RCC_ClockConfig
 .text.startup  0x0000000090001c54       0x14 /usr/lib/gcc/arm-none-eabi/10.3.1/../../../arm-none-eabi/lib/thumb/v7e-m/nofp/libg.a(lib_a-__call_atexit.o)
 *(.glue_7)
 .glue_7        0x0000000090001c68        0x0 linker stubs
 *(.glue_7t)
 .glue_7t       0x0000000090001c68        0x0 linker stubs
 *(.eh_frame)
 .eh_frame      0x0000000090001c68        0x0 /usr/lib/gcc/arm-none-eabi/10.3.1/thumb/v7e-m/nofp/crtbegin.o
 *(.init)
 .init          0x0000000090001c68        0x4 /usr/lib/gcc/arm-none-eabi/10.3.1/thumb/v7e-m/nofp/crti.o
                0x0000000090001c68                _init
 .init          0x0000000090001c6c        0x8 /usr/lib/gcc/arm-none-eabi/10.3.1/thumb/v7e-m/nofp/crtn.o
 *(.fini)
 .fini          0x0000000090001c74        0x4 /usr/lib/gcc/arm-none-eabi/10.3.1/thumb/v7e-m/nofp/crti.o
                0x0000000090001c74                _fini
 .fini          0x0000000090001c78        0x8 /usr/lib/gcc/arm-none-eabi/10.3.1/thumb/v7e-m/nofp/crtn.o
                0x0000000090001c80                . = ALIGN (0x4)
                0x0000000090001c80                _etext = .

.vfp11_veneer   0x0000000090001c80        0x0
 .vfp11_veneer  0x0000000090001c80        0x0 linker stubs

.v4_bx          0x0000000090001c80        0x0
 .v4_bx         0x0000000090001c80        0x0 linker stubs

.iplt           0x0000000090001c80        0x0
 .iplt          0x0000000090001c80        0x0 /usr/lib/gcc/arm-none-eabi/10.3.1/thumb/v7e-m/nofp/crtbegin.o

.rodata         0x0000000090001c80       0x14
                0x0000000090001c80                . = ALIGN (0x4)
 *(.rodata)
 .rodata        0x0000000090001c80        0x4 /usr/lib/gcc/arm-none-eabi/10.3.1/../../../arm-none-eabi/lib/thumb/v7e-m/nofp/libg.a(lib_a-impure.o)
                0x0000000090001c80                _global_impure_ptr
 *(.rodata*)
 .rodata.D1CorePrescTable
                0x0000000090001c84       0x10 CMakeFiles/STM32H750XBH6_8_LCD_UI.elf.dir/Core/Src/system_stm32h7xx.c.obj
                0x0000000090001c84                D1CorePrescTable
                0x0000000090001c94                . = ALIGN (0x4)

.rel.dyn        0x0000000090001c94        0x0
 .rel.iplt      0x0000000090001c94        0x0 /usr/lib/gcc/arm-none-eabi/10.3.1/thumb/v7e-m/nofp/crtbegin.o

.ARM.extab
 *(.ARM.extab* .gnu.linkonce.armextab.*)

.ARM            0x0000000090001c94        0x0
                0x0000000090001c94                __exidx_start = .
 *(.ARM.exidx*)
                0x0000000090001c94                __exidx_end = .

.preinit_array  0x0000000090001c94        0x0
                0x0000000090001c94                PROVIDE (__preinit_array_start = .)
 *(.preinit_array*)
                0x0000000090001c94                PROVIDE (__preinit_array_end = .)

.init_array     0x0000000090001c94        0x8
                0x0000000090001c94                PROVIDE (__init_array_start = .)
 *(SORT_BY_NAME(.init_array.*))
 .init_array.00000
                0x0000000090001c94        0x4 /usr/lib/gcc/arm-none-eabi/10.3.1/../../../arm-none-eabi/lib/thumb/v7e-m/nofp/libg.a(lib_a-__call_atexit.o)
 *(.init_array*)
 .init_array    0x0000000090001c98        0x4 /usr/lib/gcc/arm-none-eabi/10.3.1/thumb/v7e-m/nofp/crtbegin.o
                0x0000000090001c9c                PROVIDE (__init_array_end = .)

.fini_array     0x0000000090001c9c        0x4
                0x0000000090001c9c                PROVIDE (__fini_array_start = .)
 *(SORT_BY_NAME(.fini_array.*))
 *(.fini_array*)
 .fini_array    0x0000000090001c9c        0x4 /usr/lib/gcc/arm-none-eabi/10.3.1/thumb/v7e-m/nofp/crtbegin.o
                0x0000000090001ca0                PROVIDE (__fini_array_end = .)
                0x0000000090001ca0                _sidata = LOADADDR (.data)

.data           0x0000000024000000      0x440 load address 0x0000000090001ca0
                0x0000000024000000                . = ALIGN (0x4)
                0x0000000024000000                _sdata = .
 *(.data)
 .data          0x0000000024000000      0x430 /usr/lib/gcc/arm-none-eabi/10.3.1/../../../arm-none-eabi/lib/thumb/v7e-m/nofp/libg.a(lib_a-impure.o)
                0x0000000024000000                _impure_ptr
 *(.data*)
 .data.SystemCoreClock
                0x0000000024000430        0x4 CMakeFiles/STM32H750XBH6_8_LCD_UI.elf.dir/Core/Src/system_stm32h7xx.c.obj
                0x0000000024000430                SystemCoreClock
 .data.SystemD2Clock
                0x0000000024000434        0x4 CMakeFiles/STM32H750XBH6_8_LCD_UI.elf.dir/Core/Src/system_stm32h7xx.c.obj
                0x0000000024000434                SystemD2Clock
 .data.uwTickFreq
                0x0000000024000438        0x1 CMakeFiles/STM32H750XBH6_8_LCD_UI.elf.dir/Drivers/STM32H7xx_HAL_Driver/Src/stm32h7xx_hal.c.obj
                0x0000000024000438                uwTickFreq
 *fill*         0x0000000024000439        0x3 
 .data.uwTickPrio
                0x000000002400043c        0x4 CMakeFiles/STM32H750XBH6_8_LCD_UI.elf.dir/Drivers/STM32H7xx_HAL_Driver/Src/stm32h7xx_hal.c.obj
                0x000000002400043c                uwTickPrio
 *(.RamFunc)
 *(.RamFunc*)
                0x0000000024000440                . = ALIGN (0x4)
                0x0000000024000440                _edata = .

.tm_clone_table
                0x0000000024000440        0x0 load address 0x00000000900020e0
 .tm_clone_table
                0x0000000024000440        0x0 /usr/lib/gcc/arm-none-eabi/10.3.1/thumb/v7e-m/nofp/crtbegin.o
 .tm_clone_table
                0x0000000024000440        0x0 /usr/lib/gcc/arm-none-eabi/10.3.1/thumb/v7e-m/nofp/crtend.o

.igot.plt       0x0000000024000440        0x0 load address 0x00000000900020e0
 .igot.plt      0x0000000024000440        0x0 /usr/lib/gcc/arm-none-eabi/10.3.1/thumb/v7e-m/nofp/crtbegin.o
                0x0000000024000440                . = ALIGN (0x4)

.bss            0x0000000024000440       0x20 load address 0x00000000900020e0
                0x0000000024000440                _sbss = .
                0x0000000024000440                __bss_start__ = _sbss
 *(.bss)
 .bss           0x0000000024000440       0x1c /usr/lib/gcc/arm-none-eabi/10.3.1/thumb/v7e-m/nofp/crtbegin.o
 *(.bss*)
 .bss.uwTick    0x000000002400045c        0x4 CMakeFiles/STM32H750XBH6_8_LCD_UI.elf.dir/Drivers/STM32H7xx_HAL_Driver/Src/stm32h7xx_hal.c.obj
                0x000000002400045c                uwTick
 *(COMMON)
                0x0000000024000460                . = ALIGN (0x4)
                0x0000000024000460                _ebss = .
                0x0000000024000460                __bss_end__ = _ebss

._user_heap_stack
                0x0000000024000460      0x600 load address 0x00000000900020e0
                0x0000000024000460                . = ALIGN (0x8)
                [!provide]                        PROVIDE (end = .)
                0x0000000024000460                PROVIDE (_end = .)
                0x0000000024000660                . = (. + _Min_Heap_Size)
 *fill*         0x0000000024000460      0x200 
                0x0000000024000a60                . = (. + _Min_Stack_Size)
 *fill*         0x0000000024000660      0x400 
                0x0000000024000a60                . = ALIGN (0x8)

/DISCARD/
 libc.a(*)
 libm.a(*)
 libgcc.a(*)

.ARM.attributes
                0x0000000000000000       0x2a
 *(.ARM.attributes)
 .ARM.attributes
                0x0000000000000000       0x1e /usr/lib/gcc/arm-none-eabi/10.3.1/thumb/v7e-m/nofp/crti.o
 .ARM.attributes
                0x000000000000001e       0x2e /usr/lib/gcc/arm-none-eabi/10.3.1/thumb/v7e-m/nofp/crtbegin.o
 .ARM.attributes
                0x000000000000004c       0x2e CMakeFiles/STM32H750XBH6_8_LCD_UI.elf.dir/Core/Src/gpio.c.obj
 .ARM.attributes
                0x000000000000007a       0x2e CMakeFiles/STM32H750XBH6_8_LCD_UI.elf.dir/Core/Src/main.c.obj
 .ARM.attributes
                0x00000000000000a8       0x2e CMakeFiles/STM32H750XBH6_8_LCD_UI.elf.dir/Core/Src/stm32h7xx_hal_msp.c.obj
 .ARM.attributes
                0x00000000000000d6       0x2e CMakeFiles/STM32H750XBH6_8_LCD_UI.elf.dir/Core/Src/stm32h7xx_it.c.obj
 .ARM.attributes
                0x0000000000000104       0x2e CMakeFiles/STM32H750XBH6_8_LCD_UI.elf.dir/Core/Src/system_stm32h7xx.c.obj
 .ARM.attributes
                0x0000000000000132       0x21 CMakeFiles/STM32H750XBH6_8_LCD_UI.elf.dir/Core/Startup/startup_stm32h750xbhx.s.obj
 .ARM.attributes
                0x0000000000000153       0x2e CMakeFiles/STM32H750XBH6_8_LCD_UI.elf.dir/Drivers/STM32H7xx_HAL_Driver/Src/stm32h7xx_hal.c.obj
 .ARM.attributes
                0x0000000000000181       0x2e CMakeFiles/STM32H750XBH6_8_LCD_UI.elf.dir/Drivers/STM32H7xx_HAL_Driver/Src/stm32h7xx_hal_cortex.c.obj
 .ARM.attributes
                0x00000000000001af       0x2e CMakeFiles/STM32H750XBH6_8_LCD_UI.elf.dir/Drivers/STM32H7xx_HAL_Driver/Src/stm32h7xx_hal_gpio.c.obj
 .ARM.attributes
                0x00000000000001dd       0x2e CMakeFiles/STM32H750XBH6_8_LCD_UI.elf.dir/Drivers/STM32H7xx_HAL_Driver/Src/stm32h7xx_hal_pwr_ex.c.obj
 .ARM.attributes
                0x000000000000020b       0x2e CMakeFiles/STM32H750XBH6_8_LCD_UI.elf.dir/Drivers/STM32H7xx_HAL_Driver/Src/stm32h7xx_hal_rcc.c.obj
 .ARM.attributes
                0x0000000000000239       0x1e /usr/lib/gcc/arm-none-eabi/10.3.1/thumb/v7e-m/nofp/libgcc.a(_arm_addsubsf3.o)
 .ARM.attributes
                0x0000000000000257       0x1e /usr/lib/gcc/arm-none-eabi/10.3.1/thumb/v7e-m/nofp/libgcc.a(_arm_muldivsf3.o)
 .ARM.attributes
                0x0000000000000275       0x1e /usr/lib/gcc/arm-none-eabi/10.3.1/thumb/v7e-m/nofp/libgcc.a(_arm_fixunssfsi.o)
 .ARM.attributes
                0x0000000000000293       0x2e /usr/lib/gcc/arm-none-eabi/10.3.1/../../../arm-none-eabi/lib/thumb/v7e-m/nofp/libg.a(lib_a-atexit.o)
 .ARM.attributes
                0x00000000000002c1       0x2e /usr/lib/gcc/arm-none-eabi/10.3.1/../../../arm-none-eabi/lib/thumb/v7e-m/nofp/libg.a(lib_a-fini.o)
 .ARM.attributes
                0x00000000000002ef       0x2e /usr/lib/gcc/arm-none-eabi/10.3.1/../../../arm-none-eabi/lib/thumb/v7e-m/nofp/libg.a(lib_a-impure.o)
 .ARM.attributes
                0x000000000000031d       0x2e /usr/lib/gcc/arm-none-eabi/10.3.1/../../../arm-none-eabi/lib/thumb/v7e-m/nofp/libg.a(lib_a-init.o)
 .ARM.attributes
                0x000000000000034b       0x2e /usr/lib/gcc/arm-none-eabi/10.3.1/../../../arm-none-eabi/lib/thumb/v7e-m/nofp/libg.a(lib_a-memset.o)
 .ARM.attributes
                0x0000000000000379       0x2e /usr/lib/gcc/arm-none-eabi/10.3.1/../../../arm-none-eabi/lib/thumb/v7e-m/nofp/libg.a(lib_a-__atexit.o)
 .ARM.attributes
                0x00000000000003a7       0x2e /usr/lib/gcc/arm-none-eabi/10.3.1/../../../arm-none-eabi/lib/thumb/v7e-m/nofp/libg.a(lib_a-__call_atexit.o)
 .ARM.attributes
                0x00000000000003d5       0x2e /usr/lib/gcc/arm-none-eabi/10.3.1/thumb/v7e-m/nofp/crtend.o
 .ARM.attributes
                0x0000000000000403       0x1e /usr/lib/gcc/arm-none-eabi/10.3.1/thumb/v7e-m/nofp/crtn.o
OUTPUT(STM32H750XBH6_8_LCD_UI.elf elf32-littlearm)
LOAD linker stubs
LOAD /usr/lib/gcc/arm-none-eabi/10.3.1/../../../arm-none-eabi/lib/thumb/v7e-m/nofp/libc.a
LOAD /usr/lib/gcc/arm-none-eabi/10.3.1/../../../arm-none-eabi/lib/thumb/v7e-m/nofp/libm.a
LOAD /usr/lib/gcc/arm-none-eabi/10.3.1/thumb/v7e-m/nofp/libgcc.a

.comment        0x0000000000000000       0x33
 .comment       0x0000000000000000       0x33 /usr/lib/gcc/arm-none-eabi/10.3.1/thumb/v7e-m/nofp/crtbegin.o
                                         0x34 (size before relaxing)
 .comment       0x0000000000000033       0x34 CMakeFiles/STM32H750XBH6_8_LCD_UI.elf.dir/Core/Src/gpio.c.obj
 .comment       0x0000000000000033       0x34 CMakeFiles/STM32H750XBH6_8_LCD_UI.elf.dir/Core/Src/main.c.obj
 .comment       0x0000000000000033       0x34 CMakeFiles/STM32H750XBH6_8_LCD_UI.elf.dir/Core/Src/stm32h7xx_hal_msp.c.obj
 .comment       0x0000000000000033       0x34 CMakeFiles/STM32H750XBH6_8_LCD_UI.elf.dir/Core/Src/stm32h7xx_it.c.obj
 .comment       0x0000000000000033       0x34 CMakeFiles/STM32H750XBH6_8_LCD_UI.elf.dir/Core/Src/system_stm32h7xx.c.obj
 .comment       0x0000000000000033       0x34 CMakeFiles/STM32H750XBH6_8_LCD_UI.elf.dir/Drivers/STM32H7xx_HAL_Driver/Src/stm32h7xx_hal.c.obj
 .comment       0x0000000000000033       0x34 CMakeFiles/STM32H750XBH6_8_LCD_UI.elf.dir/Drivers/STM32H7xx_HAL_Driver/Src/stm32h7xx_hal_cortex.c.obj
 .comment       0x0000000000000033       0x34 CMakeFiles/STM32H750XBH6_8_LCD_UI.elf.dir/Drivers/STM32H7xx_HAL_Driver/Src/stm32h7xx_hal_gpio.c.obj
 .comment       0x0000000000000033       0x34 CMakeFiles/STM32H750XBH6_8_LCD_UI.elf.dir/Drivers/STM32H7xx_HAL_Driver/Src/stm32h7xx_hal_pwr_ex.c.obj
 .comment       0x0000000000000033       0x34 CMakeFiles/STM32H750XBH6_8_LCD_UI.elf.dir/Drivers/STM32H7xx_HAL_Driver/Src/stm32h7xx_hal_rcc.c.obj
 .comment       0x0000000000000033       0x34 /usr/lib/gcc/arm-none-eabi/10.3.1/../../../arm-none-eabi/lib/thumb/v7e-m/nofp/libg.a(lib_a-atexit.o)
 .comment       0x0000000000000033       0x34 /usr/lib/gcc/arm-none-eabi/10.3.1/../../../arm-none-eabi/lib/thumb/v7e-m/nofp/libg.a(lib_a-fini.o)
 .comment       0x0000000000000033       0x34 /usr/lib/gcc/arm-none-eabi/10.3.1/../../../arm-none-eabi/lib/thumb/v7e-m/nofp/libg.a(lib_a-impure.o)
 .comment       0x0000000000000033       0x34 /usr/lib/gcc/arm-none-eabi/10.3.1/../../../arm-none-eabi/lib/thumb/v7e-m/nofp/libg.a(lib_a-init.o)
 .comment       0x0000000000000033       0x34 /usr/lib/gcc/arm-none-eabi/10.3.1/../../../arm-none-eabi/lib/thumb/v7e-m/nofp/libg.a(lib_a-memset.o)
 .comment       0x0000000000000033       0x34 /usr/lib/gcc/arm-none-eabi/10.3.1/../../../arm-none-eabi/lib/thumb/v7e-m/nofp/libg.a(lib_a-__atexit.o)
 .comment       0x0000000000000033       0x34 /usr/lib/gcc/arm-none-eabi/10.3.1/../../../arm-none-eabi/lib/thumb/v7e-m/nofp/libg.a(lib_a-__call_atexit.o)
 .comment       0x0000000000000033       0x34 /usr/lib/gcc/arm-none-eabi/10.3.1/thumb/v7e-m/nofp/crtend.o

.debug_info     0x0000000000000000     0xa592
 .debug_info    0x0000000000000000      0x641 CMakeFiles/STM32H750XBH6_8_LCD_UI.elf.dir/Core/Src/gpio.c.obj
 .debug_info    0x0000000000000641      0xba4 CMakeFiles/STM32H750XBH6_8_LCD_UI.elf.dir/Core/Src/main.c.obj
 .debug_info    0x00000000000011e5      0x494 CMakeFiles/STM32H750XBH6_8_LCD_UI.elf.dir/Core/Src/stm32h7xx_hal_msp.c.obj
 .debug_info    0x0000000000001679      0x145 CMakeFiles/STM32H750XBH6_8_LCD_UI.elf.dir/Core/Src/stm32h7xx_it.c.obj
 .debug_info    0x00000000000017be      0xe77 CMakeFiles/STM32H750XBH6_8_LCD_UI.elf.dir/Core/Src/system_stm32h7xx.c.obj
 .debug_info    0x0000000000002635       0x22 CMakeFiles/STM32H750XBH6_8_LCD_UI.elf.dir/Core/Startup/startup_stm32h750xbhx.s.obj
 .debug_info    0x0000000000002657     0x168e CMakeFiles/STM32H750XBH6_8_LCD_UI.elf.dir/Drivers/STM32H7xx_HAL_Driver/Src/stm32h7xx_hal.c.obj
 .debug_info    0x0000000000003ce5     0x13cc CMakeFiles/STM32H750XBH6_8_LCD_UI.elf.dir/Drivers/STM32H7xx_HAL_Driver/Src/stm32h7xx_hal_cortex.c.obj
 .debug_info    0x00000000000050b1      0xd4e CMakeFiles/STM32H750XBH6_8_LCD_UI.elf.dir/Drivers/STM32H7xx_HAL_Driver/Src/stm32h7xx_hal_gpio.c.obj
 .debug_info    0x0000000000005dff     0x1216 CMakeFiles/STM32H750XBH6_8_LCD_UI.elf.dir/Drivers/STM32H7xx_HAL_Driver/Src/stm32h7xx_hal_pwr_ex.c.obj
 .debug_info    0x0000000000007015     0x13a1 CMakeFiles/STM32H750XBH6_8_LCD_UI.elf.dir/Drivers/STM32H7xx_HAL_Driver/Src/stm32h7xx_hal_rcc.c.obj
 .debug_info    0x00000000000083b6       0x26 /usr/lib/gcc/arm-none-eabi/10.3.1/thumb/v7e-m/nofp/libgcc.a(_arm_addsubsf3.o)
 .debug_info    0x00000000000083dc       0x26 /usr/lib/gcc/arm-none-eabi/10.3.1/thumb/v7e-m/nofp/libgcc.a(_arm_muldivsf3.o)
 .debug_info    0x0000000000008402       0x26 /usr/lib/gcc/arm-none-eabi/10.3.1/thumb/v7e-m/nofp/libgcc.a(_arm_fixunssfsi.o)
 .debug_info    0x0000000000008428      0x100 /usr/lib/gcc/arm-none-eabi/10.3.1/../../../arm-none-eabi/lib/thumb/v7e-m/nofp/libg.a(lib_a-atexit.o)
 .debug_info    0x0000000000008528      0x102 /usr/lib/gcc/arm-none-eabi/10.3.1/../../../arm-none-eabi/lib/thumb/v7e-m/nofp/libg.a(lib_a-fini.o)
 .debug_info    0x000000000000862a      0x92a /usr/lib/gcc/arm-none-eabi/10.3.1/../../../arm-none-eabi/lib/thumb/v7e-m/nofp/libg.a(lib_a-impure.o)
 .debug_info    0x0000000000008f54      0x11a /usr/lib/gcc/arm-none-eabi/10.3.1/../../../arm-none-eabi/lib/thumb/v7e-m/nofp/libg.a(lib_a-init.o)
 .debug_info    0x000000000000906e      0x137 /usr/lib/gcc/arm-none-eabi/10.3.1/../../../arm-none-eabi/lib/thumb/v7e-m/nofp/libg.a(lib_a-memset.o)
 .debug_info    0x00000000000091a5      0x9b0 /usr/lib/gcc/arm-none-eabi/10.3.1/../../../arm-none-eabi/lib/thumb/v7e-m/nofp/libg.a(lib_a-__atexit.o)
 .debug_info    0x0000000000009b55      0xa3d /usr/lib/gcc/arm-none-eabi/10.3.1/../../../arm-none-eabi/lib/thumb/v7e-m/nofp/libg.a(lib_a-__call_atexit.o)

.debug_abbrev   0x0000000000000000     0x1d69
 .debug_abbrev  0x0000000000000000      0x181 CMakeFiles/STM32H750XBH6_8_LCD_UI.elf.dir/Core/Src/gpio.c.obj
 .debug_abbrev  0x0000000000000181      0x1f3 CMakeFiles/STM32H750XBH6_8_LCD_UI.elf.dir/Core/Src/main.c.obj
 .debug_abbrev  0x0000000000000374       0xd7 CMakeFiles/STM32H750XBH6_8_LCD_UI.elf.dir/Core/Src/stm32h7xx_hal_msp.c.obj
 .debug_abbrev  0x000000000000044b       0x7e CMakeFiles/STM32H750XBH6_8_LCD_UI.elf.dir/Core/Src/stm32h7xx_it.c.obj
 .debug_abbrev  0x00000000000004c9      0x162 CMakeFiles/STM32H750XBH6_8_LCD_UI.elf.dir/Core/Src/system_stm32h7xx.c.obj
 .debug_abbrev  0x000000000000062b       0x12 CMakeFiles/STM32H750XBH6_8_LCD_UI.elf.dir/Core/Startup/startup_stm32h750xbhx.s.obj
 .debug_abbrev  0x000000000000063d      0x264 CMakeFiles/STM32H750XBH6_8_LCD_UI.elf.dir/Drivers/STM32H7xx_HAL_Driver/Src/stm32h7xx_hal.c.obj
 .debug_abbrev  0x00000000000008a1      0x37d CMakeFiles/STM32H750XBH6_8_LCD_UI.elf.dir/Drivers/STM32H7xx_HAL_Driver/Src/stm32h7xx_hal_cortex.c.obj
 .debug_abbrev  0x0000000000000c1e      0x239 CMakeFiles/STM32H750XBH6_8_LCD_UI.elf.dir/Drivers/STM32H7xx_HAL_Driver/Src/stm32h7xx_hal_gpio.c.obj
 .debug_abbrev  0x0000000000000e57      0x29b CMakeFiles/STM32H750XBH6_8_LCD_UI.elf.dir/Drivers/STM32H7xx_HAL_Driver/Src/stm32h7xx_hal_pwr_ex.c.obj
 .debug_abbrev  0x00000000000010f2      0x28c CMakeFiles/STM32H750XBH6_8_LCD_UI.elf.dir/Drivers/STM32H7xx_HAL_Driver/Src/stm32h7xx_hal_rcc.c.obj
 .debug_abbrev  0x000000000000137e       0x14 /usr/lib/gcc/arm-none-eabi/10.3.1/thumb/v7e-m/nofp/libgcc.a(_arm_addsubsf3.o)
 .debug_abbrev  0x0000000000001392       0x14 /usr/lib/gcc/arm-none-eabi/10.3.1/thumb/v7e-m/nofp/libgcc.a(_arm_muldivsf3.o)
 .debug_abbrev  0x00000000000013a6       0x14 /usr/lib/gcc/arm-none-eabi/10.3.1/thumb/v7e-m/nofp/libgcc.a(_arm_fixunssfsi.o)
 .debug_abbrev  0x00000000000013ba       0xb7 /usr/lib/gcc/arm-none-eabi/10.3.1/../../../arm-none-eabi/lib/thumb/v7e-m/nofp/libg.a(lib_a-atexit.o)
 .debug_abbrev  0x0000000000001471       0xcf /usr/lib/gcc/arm-none-eabi/10.3.1/../../../arm-none-eabi/lib/thumb/v7e-m/nofp/libg.a(lib_a-fini.o)
 .debug_abbrev  0x0000000000001540      0x1b8 /usr/lib/gcc/arm-none-eabi/10.3.1/../../../arm-none-eabi/lib/thumb/v7e-m/nofp/libg.a(lib_a-impure.o)
 .debug_abbrev  0x00000000000016f8       0xcc /usr/lib/gcc/arm-none-eabi/10.3.1/../../../arm-none-eabi/lib/thumb/v7e-m/nofp/libg.a(lib_a-init.o)
 .debug_abbrev  0x00000000000017c4       0xb4 /usr/lib/gcc/arm-none-eabi/10.3.1/../../../arm-none-eabi/lib/thumb/v7e-m/nofp/libg.a(lib_a-memset.o)
 .debug_abbrev  0x0000000000001878      0x23f /usr/lib/gcc/arm-none-eabi/10.3.1/../../../arm-none-eabi/lib/thumb/v7e-m/nofp/libg.a(lib_a-__atexit.o)
 .debug_abbrev  0x0000000000001ab7      0x2b2 /usr/lib/gcc/arm-none-eabi/10.3.1/../../../arm-none-eabi/lib/thumb/v7e-m/nofp/libg.a(lib_a-__call_atexit.o)

.debug_aranges  0x0000000000000000      0x6e0
 .debug_aranges
                0x0000000000000000       0x20 CMakeFiles/STM32H750XBH6_8_LCD_UI.elf.dir/Core/Src/gpio.c.obj
 .debug_aranges
                0x0000000000000020       0x30 CMakeFiles/STM32H750XBH6_8_LCD_UI.elf.dir/Core/Src/main.c.obj
 .debug_aranges
                0x0000000000000050       0x20 CMakeFiles/STM32H750XBH6_8_LCD_UI.elf.dir/Core/Src/stm32h7xx_hal_msp.c.obj
 .debug_aranges
                0x0000000000000070       0x60 CMakeFiles/STM32H750XBH6_8_LCD_UI.elf.dir/Core/Src/stm32h7xx_it.c.obj
 .debug_aranges
                0x00000000000000d0       0x28 CMakeFiles/STM32H750XBH6_8_LCD_UI.elf.dir/Core/Src/system_stm32h7xx.c.obj
 .debug_aranges
                0x00000000000000f8       0x28 CMakeFiles/STM32H750XBH6_8_LCD_UI.elf.dir/Core/Startup/startup_stm32h750xbhx.s.obj
 .debug_aranges
                0x0000000000000120      0x198 CMakeFiles/STM32H750XBH6_8_LCD_UI.elf.dir/Drivers/STM32H7xx_HAL_Driver/Src/stm32h7xx_hal.c.obj
 .debug_aranges
                0x00000000000002b8       0xb0 CMakeFiles/STM32H750XBH6_8_LCD_UI.elf.dir/Drivers/STM32H7xx_HAL_Driver/Src/stm32h7xx_hal_cortex.c.obj
 .debug_aranges
                0x0000000000000368       0x58 CMakeFiles/STM32H750XBH6_8_LCD_UI.elf.dir/Drivers/STM32H7xx_HAL_Driver/Src/stm32h7xx_hal_gpio.c.obj
 .debug_aranges
                0x00000000000003c0      0x158 CMakeFiles/STM32H750XBH6_8_LCD_UI.elf.dir/Drivers/STM32H7xx_HAL_Driver/Src/stm32h7xx_hal_pwr_ex.c.obj
 .debug_aranges
                0x0000000000000518       0x88 CMakeFiles/STM32H750XBH6_8_LCD_UI.elf.dir/Drivers/STM32H7xx_HAL_Driver/Src/stm32h7xx_hal_rcc.c.obj
 .debug_aranges
                0x00000000000005a0       0x20 /usr/lib/gcc/arm-none-eabi/10.3.1/thumb/v7e-m/nofp/libgcc.a(_arm_addsubsf3.o)
 .debug_aranges
                0x00000000000005c0       0x20 /usr/lib/gcc/arm-none-eabi/10.3.1/thumb/v7e-m/nofp/libgcc.a(_arm_muldivsf3.o)
 .debug_aranges
                0x00000000000005e0       0x20 /usr/lib/gcc/arm-none-eabi/10.3.1/thumb/v7e-m/nofp/libgcc.a(_arm_fixunssfsi.o)
 .debug_aranges
                0x0000000000000600       0x20 /usr/lib/gcc/arm-none-eabi/10.3.1/../../../arm-none-eabi/lib/thumb/v7e-m/nofp/libg.a(lib_a-atexit.o)
 .debug_aranges
                0x0000000000000620       0x20 /usr/lib/gcc/arm-none-eabi/10.3.1/../../../arm-none-eabi/lib/thumb/v7e-m/nofp/libg.a(lib_a-fini.o)
 .debug_aranges
                0x0000000000000640       0x18 /usr/lib/gcc/arm-none-eabi/10.3.1/../../../arm-none-eabi/lib/thumb/v7e-m/nofp/libg.a(lib_a-impure.o)
 .debug_aranges
                0x0000000000000658       0x20 /usr/lib/gcc/arm-none-eabi/10.3.1/../../../arm-none-eabi/lib/thumb/v7e-m/nofp/libg.a(lib_a-init.o)
 .debug_aranges
                0x0000000000000678       0x20 /usr/lib/gcc/arm-none-eabi/10.3.1/../../../arm-none-eabi/lib/thumb/v7e-m/nofp/libg.a(lib_a-memset.o)
 .debug_aranges
                0x0000000000000698       0x20 /usr/lib/gcc/arm-none-eabi/10.3.1/../../../arm-none-eabi/lib/thumb/v7e-m/nofp/libg.a(lib_a-__atexit.o)
 .debug_aranges
                0x00000000000006b8       0x28 /usr/lib/gcc/arm-none-eabi/10.3.1/../../../arm-none-eabi/lib/thumb/v7e-m/nofp/libg.a(lib_a-__call_atexit.o)

.debug_ranges   0x0000000000000000      0x678
 .debug_ranges  0x0000000000000000       0x10 CMakeFiles/STM32H750XBH6_8_LCD_UI.elf.dir/Core/Src/gpio.c.obj
 .debug_ranges  0x0000000000000010       0x20 CMakeFiles/STM32H750XBH6_8_LCD_UI.elf.dir/Core/Src/main.c.obj
 .debug_ranges  0x0000000000000030       0x10 CMakeFiles/STM32H750XBH6_8_LCD_UI.elf.dir/Core/Src/stm32h7xx_hal_msp.c.obj
 .debug_ranges  0x0000000000000040       0x50 CMakeFiles/STM32H750XBH6_8_LCD_UI.elf.dir/Core/Src/stm32h7xx_it.c.obj
 .debug_ranges  0x0000000000000090       0x18 CMakeFiles/STM32H750XBH6_8_LCD_UI.elf.dir/Core/Src/system_stm32h7xx.c.obj
 .debug_ranges  0x00000000000000a8       0x20 CMakeFiles/STM32H750XBH6_8_LCD_UI.elf.dir/Core/Startup/startup_stm32h750xbhx.s.obj
 .debug_ranges  0x00000000000000c8      0x188 CMakeFiles/STM32H750XBH6_8_LCD_UI.elf.dir/Drivers/STM32H7xx_HAL_Driver/Src/stm32h7xx_hal.c.obj
 .debug_ranges  0x0000000000000250      0x100 CMakeFiles/STM32H750XBH6_8_LCD_UI.elf.dir/Drivers/STM32H7xx_HAL_Driver/Src/stm32h7xx_hal_cortex.c.obj
 .debug_ranges  0x0000000000000350       0x48 CMakeFiles/STM32H750XBH6_8_LCD_UI.elf.dir/Drivers/STM32H7xx_HAL_Driver/Src/stm32h7xx_hal_gpio.c.obj
 .debug_ranges  0x0000000000000398      0x1a8 CMakeFiles/STM32H750XBH6_8_LCD_UI.elf.dir/Drivers/STM32H7xx_HAL_Driver/Src/stm32h7xx_hal_pwr_ex.c.obj
 .debug_ranges  0x0000000000000540       0xe8 CMakeFiles/STM32H750XBH6_8_LCD_UI.elf.dir/Drivers/STM32H7xx_HAL_Driver/Src/stm32h7xx_hal_rcc.c.obj
 .debug_ranges  0x0000000000000628       0x50 /usr/lib/gcc/arm-none-eabi/10.3.1/../../../arm-none-eabi/lib/thumb/v7e-m/nofp/libg.a(lib_a-__call_atexit.o)

.debug_line     0x0000000000000000     0x4ec4
 .debug_line    0x0000000000000000      0x1bd CMakeFiles/STM32H750XBH6_8_LCD_UI.elf.dir/Core/Src/gpio.c.obj
 .debug_line    0x00000000000001bd      0x40b CMakeFiles/STM32H750XBH6_8_LCD_UI.elf.dir/Core/Src/main.c.obj
 .debug_line    0x00000000000005c8      0x130 CMakeFiles/STM32H750XBH6_8_LCD_UI.elf.dir/Core/Src/stm32h7xx_hal_msp.c.obj
 .debug_line    0x00000000000006f8      0x1db CMakeFiles/STM32H750XBH6_8_LCD_UI.elf.dir/Core/Src/stm32h7xx_it.c.obj
 .debug_line    0x00000000000008d3      0x404 CMakeFiles/STM32H750XBH6_8_LCD_UI.elf.dir/Core/Src/system_stm32h7xx.c.obj
 .debug_line    0x0000000000000cd7       0xb7 CMakeFiles/STM32H750XBH6_8_LCD_UI.elf.dir/Core/Startup/startup_stm32h750xbhx.s.obj
 .debug_line    0x0000000000000d8e      0x8fb CMakeFiles/STM32H750XBH6_8_LCD_UI.elf.dir/Drivers/STM32H7xx_HAL_Driver/Src/stm32h7xx_hal.c.obj
 .debug_line    0x0000000000001689      0x7c6 CMakeFiles/STM32H750XBH6_8_LCD_UI.elf.dir/Drivers/STM32H7xx_HAL_Driver/Src/stm32h7xx_hal_cortex.c.obj
 .debug_line    0x0000000000001e4f      0x6c0 CMakeFiles/STM32H750XBH6_8_LCD_UI.elf.dir/Drivers/STM32H7xx_HAL_Driver/Src/stm32h7xx_hal_gpio.c.obj
 .debug_line    0x000000000000250f      0xabb CMakeFiles/STM32H750XBH6_8_LCD_UI.elf.dir/Drivers/STM32H7xx_HAL_Driver/Src/stm32h7xx_hal_pwr_ex.c.obj
 .debug_line    0x0000000000002fca     0x1277 CMakeFiles/STM32H750XBH6_8_LCD_UI.elf.dir/Drivers/STM32H7xx_HAL_Driver/Src/stm32h7xx_hal_rcc.c.obj
 .debug_line    0x0000000000004241      0x11a /usr/lib/gcc/arm-none-eabi/10.3.1/thumb/v7e-m/nofp/libgcc.a(_arm_addsubsf3.o)
 .debug_line    0x000000000000435b      0x13a /usr/lib/gcc/arm-none-eabi/10.3.1/thumb/v7e-m/nofp/libgcc.a(_arm_muldivsf3.o)
 .debug_line    0x0000000000004495       0x75 /usr/lib/gcc/arm-none-eabi/10.3.1/thumb/v7e-m/nofp/libgcc.a(_arm_fixunssfsi.o)
 .debug_line    0x000000000000450a       0xc0 /usr/lib/gcc/arm-none-eabi/10.3.1/../../../arm-none-eabi/lib/thumb/v7e-m/nofp/libg.a(lib_a-atexit.o)
 .debug_line    0x00000000000045ca       0xed /usr/lib/gcc/arm-none-eabi/10.3.1/../../../arm-none-eabi/lib/thumb/v7e-m/nofp/libg.a(lib_a-fini.o)
 .debug_line    0x00000000000046b7       0xe4 /usr/lib/gcc/arm-none-eabi/10.3.1/../../../arm-none-eabi/lib/thumb/v7e-m/nofp/libg.a(lib_a-impure.o)
 .debug_line    0x000000000000479b      0x138 /usr/lib/gcc/arm-none-eabi/10.3.1/../../../arm-none-eabi/lib/thumb/v7e-m/nofp/libg.a(lib_a-init.o)
 .debug_line    0x00000000000048d3      0x1bf /usr/lib/gcc/arm-none-eabi/10.3.1/../../../arm-none-eabi/lib/thumb/v7e-m/nofp/libg.a(lib_a-memset.o)
 .debug_line    0x0000000000004a92      0x19e /usr/lib/gcc/arm-none-eabi/10.3.1/../../../arm-none-eabi/lib/thumb/v7e-m/nofp/libg.a(lib_a-__atexit.o)
 .debug_line    0x0000000000004c30      0x294 /usr/lib/gcc/arm-none-eabi/10.3.1/../../../arm-none-eabi/lib/thumb/v7e-m/nofp/libg.a(lib_a-__call_atexit.o)

.debug_str      0x0000000000000000     0x3287
 .debug_str     0x0000000000000000      0x490 CMakeFiles/STM32H750XBH6_8_LCD_UI.elf.dir/Core/Src/gpio.c.obj
                                        0x4df (size before relaxing)
 .debug_str     0x0000000000000490      0x313 CMakeFiles/STM32H750XBH6_8_LCD_UI.elf.dir/Core/Src/main.c.obj
                                        0x745 (size before relaxing)
 .debug_str     0x00000000000007a3       0x5b CMakeFiles/STM32H750XBH6_8_LCD_UI.elf.dir/Core/Src/stm32h7xx_hal_msp.c.obj
                                        0x439 (size before relaxing)
 .debug_str     0x00000000000007fe       0xe6 CMakeFiles/STM32H750XBH6_8_LCD_UI.elf.dir/Core/Src/stm32h7xx_it.c.obj
                                        0x291 (size before relaxing)
 .debug_str     0x00000000000008e4      0x3bd CMakeFiles/STM32H750XBH6_8_LCD_UI.elf.dir/Core/Src/system_stm32h7xx.c.obj
                                        0x7ae (size before relaxing)
 .debug_str     0x0000000000000ca1       0x63 CMakeFiles/STM32H750XBH6_8_LCD_UI.elf.dir/Core/Startup/startup_stm32h750xbhx.s.obj
                                         0xa7 (size before relaxing)
 .debug_str     0x0000000000000d04      0xf7c CMakeFiles/STM32H750XBH6_8_LCD_UI.elf.dir/Drivers/STM32H7xx_HAL_Driver/Src/stm32h7xx_hal.c.obj
                                       0x14fc (size before relaxing)
 .debug_str     0x0000000000001c80      0x49a CMakeFiles/STM32H750XBH6_8_LCD_UI.elf.dir/Drivers/STM32H7xx_HAL_Driver/Src/stm32h7xx_hal_cortex.c.obj
                                       0x108a (size before relaxing)
 .debug_str     0x000000000000211a      0x12c CMakeFiles/STM32H750XBH6_8_LCD_UI.elf.dir/Drivers/STM32H7xx_HAL_Driver/Src/stm32h7xx_hal_gpio.c.obj
                                        0x710 (size before relaxing)
 .debug_str     0x0000000000002246      0x57c CMakeFiles/STM32H750XBH6_8_LCD_UI.elf.dir/Drivers/STM32H7xx_HAL_Driver/Src/stm32h7xx_hal_pwr_ex.c.obj
                                        0xa86 (size before relaxing)
 .debug_str     0x00000000000027c2      0x1c1 CMakeFiles/STM32H750XBH6_8_LCD_UI.elf.dir/Drivers/STM32H7xx_HAL_Driver/Src/stm32h7xx_hal_rcc.c.obj
                                        0xa8e (size before relaxing)
 .debug_str     0x0000000000002983       0xa8 /usr/lib/gcc/arm-none-eabi/10.3.1/thumb/v7e-m/nofp/libgcc.a(_arm_addsubsf3.o)
 .debug_str     0x0000000000002a2b       0xa8 /usr/lib/gcc/arm-none-eabi/10.3.1/thumb/v7e-m/nofp/libgcc.a(_arm_muldivsf3.o)
 .debug_str     0x0000000000002a2b       0xa8 /usr/lib/gcc/arm-none-eabi/10.3.1/thumb/v7e-m/nofp/libgcc.a(_arm_fixunssfsi.o)
 .debug_str     0x0000000000002a2b      0x142 /usr/lib/gcc/arm-none-eabi/10.3.1/../../../arm-none-eabi/lib/thumb/v7e-m/nofp/libg.a(lib_a-atexit.o)
                                        0x1de (size before relaxing)
 .debug_str     0x0000000000002b6d       0xc5 /usr/lib/gcc/arm-none-eabi/10.3.1/../../../arm-none-eabi/lib/thumb/v7e-m/nofp/libg.a(lib_a-fini.o)
                                        0x1d6 (size before relaxing)
 .debug_str     0x0000000000002c32      0x450 /usr/lib/gcc/arm-none-eabi/10.3.1/../../../arm-none-eabi/lib/thumb/v7e-m/nofp/libg.a(lib_a-impure.o)
                                        0x57c (size before relaxing)
 .debug_str     0x0000000000003082       0x96 /usr/lib/gcc/arm-none-eabi/10.3.1/../../../arm-none-eabi/lib/thumb/v7e-m/nofp/libg.a(lib_a-init.o)
                                        0x200 (size before relaxing)
 .debug_str     0x0000000000003118       0xa2 /usr/lib/gcc/arm-none-eabi/10.3.1/../../../arm-none-eabi/lib/thumb/v7e-m/nofp/libg.a(lib_a-memset.o)
                                        0x1b5 (size before relaxing)
 .debug_str     0x00000000000031ba       0x3b /usr/lib/gcc/arm-none-eabi/10.3.1/../../../arm-none-eabi/lib/thumb/v7e-m/nofp/libg.a(lib_a-__atexit.o)
                                        0x5b6 (size before relaxing)
 .debug_str     0x00000000000031f5       0x92 /usr/lib/gcc/arm-none-eabi/10.3.1/../../../arm-none-eabi/lib/thumb/v7e-m/nofp/libg.a(lib_a-__call_atexit.o)
                                        0x5e2 (size before relaxing)

.debug_frame    0x0000000000000000      0xd74
 .debug_frame   0x0000000000000000       0x30 CMakeFiles/STM32H750XBH6_8_LCD_UI.elf.dir/Core/Src/gpio.c.obj
 .debug_frame   0x0000000000000030       0x58 CMakeFiles/STM32H750XBH6_8_LCD_UI.elf.dir/Core/Src/main.c.obj
 .debug_frame   0x0000000000000088       0x28 CMakeFiles/STM32H750XBH6_8_LCD_UI.elf.dir/Core/Src/stm32h7xx_hal_msp.c.obj
 .debug_frame   0x00000000000000b0       0xa8 CMakeFiles/STM32H750XBH6_8_LCD_UI.elf.dir/Core/Src/stm32h7xx_it.c.obj
 .debug_frame   0x0000000000000158       0x40 CMakeFiles/STM32H750XBH6_8_LCD_UI.elf.dir/Core/Src/system_stm32h7xx.c.obj
 .debug_frame   0x0000000000000198      0x360 CMakeFiles/STM32H750XBH6_8_LCD_UI.elf.dir/Drivers/STM32H7xx_HAL_Driver/Src/stm32h7xx_hal.c.obj
 .debug_frame   0x00000000000004f8      0x158 CMakeFiles/STM32H750XBH6_8_LCD_UI.elf.dir/Drivers/STM32H7xx_HAL_Driver/Src/stm32h7xx_hal_cortex.c.obj
 .debug_frame   0x0000000000000650       0xd0 CMakeFiles/STM32H750XBH6_8_LCD_UI.elf.dir/Drivers/STM32H7xx_HAL_Driver/Src/stm32h7xx_hal_gpio.c.obj
 .debug_frame   0x0000000000000720      0x2f4 CMakeFiles/STM32H750XBH6_8_LCD_UI.elf.dir/Drivers/STM32H7xx_HAL_Driver/Src/stm32h7xx_hal_pwr_ex.c.obj
 .debug_frame   0x0000000000000a14      0x188 CMakeFiles/STM32H750XBH6_8_LCD_UI.elf.dir/Drivers/STM32H7xx_HAL_Driver/Src/stm32h7xx_hal_rcc.c.obj
 .debug_frame   0x0000000000000b9c       0x4c /usr/lib/gcc/arm-none-eabi/10.3.1/thumb/v7e-m/nofp/libgcc.a(_arm_addsubsf3.o)
 .debug_frame   0x0000000000000be8       0x38 /usr/lib/gcc/arm-none-eabi/10.3.1/thumb/v7e-m/nofp/libgcc.a(_arm_muldivsf3.o)
 .debug_frame   0x0000000000000c20       0x24 /usr/lib/gcc/arm-none-eabi/10.3.1/thumb/v7e-m/nofp/libgcc.a(_arm_fixunssfsi.o)
 .debug_frame   0x0000000000000c44       0x20 /usr/lib/gcc/arm-none-eabi/10.3.1/../../../arm-none-eabi/lib/thumb/v7e-m/nofp/libg.a(lib_a-atexit.o)
 .debug_frame   0x0000000000000c64       0x34 /usr/lib/gcc/arm-none-eabi/10.3.1/../../../arm-none-eabi/lib/thumb/v7e-m/nofp/libg.a(lib_a-fini.o)
 .debug_frame   0x0000000000000c98       0x2c /usr/lib/gcc/arm-none-eabi/10.3.1/../../../arm-none-eabi/lib/thumb/v7e-m/nofp/libg.a(lib_a-init.o)
 .debug_frame   0x0000000000000cc4       0x2c /usr/lib/gcc/arm-none-eabi/10.3.1/../../../arm-none-eabi/lib/thumb/v7e-m/nofp/libg.a(lib_a-memset.o)
 .debug_frame   0x0000000000000cf0       0x34 /usr/lib/gcc/arm-none-eabi/10.3.1/../../../arm-none-eabi/lib/thumb/v7e-m/nofp/libg.a(lib_a-__atexit.o)
 .debug_frame   0x0000000000000d24       0x50 /usr/lib/gcc/arm-none-eabi/10.3.1/../../../arm-none-eabi/lib/thumb/v7e-m/nofp/libg.a(lib_a-__call_atexit.o)

.debug_loc      0x0000000000000000     0x25df
 .debug_loc     0x0000000000000000      0x21e CMakeFiles/STM32H750XBH6_8_LCD_UI.elf.dir/Core/Src/system_stm32h7xx.c.obj
 .debug_loc     0x000000000000021e      0x3fa CMakeFiles/STM32H750XBH6_8_LCD_UI.elf.dir/Drivers/STM32H7xx_HAL_Driver/Src/stm32h7xx_hal.c.obj
 .debug_loc     0x0000000000000618      0x726 CMakeFiles/STM32H750XBH6_8_LCD_UI.elf.dir/Drivers/STM32H7xx_HAL_Driver/Src/stm32h7xx_hal_cortex.c.obj
 .debug_loc     0x0000000000000d3e      0x3c6 CMakeFiles/STM32H750XBH6_8_LCD_UI.elf.dir/Drivers/STM32H7xx_HAL_Driver/Src/stm32h7xx_hal_gpio.c.obj
 .debug_loc     0x0000000000001104      0x4df CMakeFiles/STM32H750XBH6_8_LCD_UI.elf.dir/Drivers/STM32H7xx_HAL_Driver/Src/stm32h7xx_hal_pwr_ex.c.obj
 .debug_loc     0x00000000000015e3      0x996 CMakeFiles/STM32H750XBH6_8_LCD_UI.elf.dir/Drivers/STM32H7xx_HAL_Driver/Src/stm32h7xx_hal_rcc.c.obj
 .debug_loc     0x0000000000001f79       0x32 /usr/lib/gcc/arm-none-eabi/10.3.1/../../../arm-none-eabi/lib/thumb/v7e-m/nofp/libg.a(lib_a-atexit.o)
 .debug_loc     0x0000000000001fab       0x68 /usr/lib/gcc/arm-none-eabi/10.3.1/../../../arm-none-eabi/lib/thumb/v7e-m/nofp/libg.a(lib_a-fini.o)
 .debug_loc     0x0000000000002013       0xba /usr/lib/gcc/arm-none-eabi/10.3.1/../../../arm-none-eabi/lib/thumb/v7e-m/nofp/libg.a(lib_a-init.o)
 .debug_loc     0x00000000000020cd      0x22c /usr/lib/gcc/arm-none-eabi/10.3.1/../../../arm-none-eabi/lib/thumb/v7e-m/nofp/libg.a(lib_a-memset.o)
 .debug_loc     0x00000000000022f9      0x138 /usr/lib/gcc/arm-none-eabi/10.3.1/../../../arm-none-eabi/lib/thumb/v7e-m/nofp/libg.a(lib_a-__atexit.o)
 .debug_loc     0x0000000000002431      0x1ae /usr/lib/gcc/arm-none-eabi/10.3.1/../../../arm-none-eabi/lib/thumb/v7e-m/nofp/libg.a(lib_a-__call_atexit.o)
